Z:\workspace\.continuation\section100-training-cache-v1\probe_qspinbox_100.py:106: RuntimeWarning: libshiboken: Overflow: Value -2147483649 exceeds limits of type  [signed] "int" (4bytes).
  box.setValue(value)
Z:\workspace\.continuation\section100-training-cache-v1\probe_qspinbox_100.py:106: RuntimeWarning: libshiboken: Overflow: Value 2147483648 exceeds limits of type  [signed] "int" (4bytes).
  box.setValue(value)
OverflowError: int too big to convert
Z:\workspace\.continuation\section100-training-cache-v1\probe_qspinbox_100.py:106: RuntimeWarning: libshiboken: Overflow: Value -9223372036854775809 exceeds limits of type  [signed] "int" (4bytes).
  box.setValue(value)
Z:\workspace\.continuation\section100-training-cache-v1\probe_qspinbox_100.py:106: RuntimeWarning: libshiboken: Overflow: Value -9223372036854775808 exceeds limits of type  [signed] "int" (4bytes).
  box.setValue(value)
Z:\workspace\.continuation\section100-training-cache-v1\probe_qspinbox_100.py:106: RuntimeWarning: libshiboken: Overflow: Value 9223372036854775807 exceeds limits of type  [signed] "int" (4bytes).
  box.setValue(value)
OverflowError: int too big to convert
Z:\workspace\.continuation\section100-training-cache-v1\probe_qspinbox_100.py:106: RuntimeWarning: libshiboken: Overflow: Value 9223372036854775808 exceeds limits of type  [signed] "int" (4bytes).
  box.setValue(value)
OverflowError: int too big to convert
Z:\workspace\.continuation\section100-training-cache-v1\probe_qspinbox_100.py:106: RuntimeWarning: libshiboken: Overflow: Value 10000000000000000000000000000000000000000000000000000000000000000000000000000000000000000000000000000 exceeds limits of type  [signed] "int" (4bytes).
  box.setValue(value)
OverflowError: int too big to convert
Z:\workspace\.continuation\section100-training-cache-v1\probe_qspinbox_100.py:106: RuntimeWarning: libshiboken: Overflow: Value -10000000000000000000000000000000000000000000000000000000000000000000000000000000000000000000000000000 exceeds limits of type  [signed] "int" (4bytes).
  box.setValue(value)
OverflowError: int too big to convert
OverflowError: int too big to convert
OverflowError: int too big to convert
OverflowError: int too big to convert
OverflowError: int too big to convert
OverflowError: int too big to convert
OverflowError: int too big to convert
OverflowError: int too big to convert
{"result": {"path": "Z:\\workspace\\.continuation\\section100-qt-probe-actual-wine-v1.json", "bytes": 153770, "sha256": "093c89213681671f0f390cc4c4ff1d1878251c2b1bc650c1d2ae26419864a078"}, "level_count": 222, "timestamp_count": 13, "project_full_pass": false}
X connection to :101 broken (explicit kill or server shutdown).
