..........................................................................................................................................................................................................................................................................................................................................................................................................................................s....................................................................................................................................................................................................................................................................................................................................................................................................................................................................................................................................................................................................................................................................FFFFFFFFFFFFFFFFFFFFFFFFFFFFFFFFFFFFFFFFFFFFFFFFFFFF...................................
======================================================================
FAIL: test_all_public_numeric_stats_damage_and_clocks_are_unchanged (tests.test_token_duration_reference.TokenDurationReferenceTests.test_all_public_numeric_stats_damage_and_clocks_are_unchanged) (scenario={'operator': 'mechanist', 'skill': 1, 'elite': 1, 'level': 60, 'module_id': 'uniequip_002_mcnist', 'module_level': 2, 'skill_rank': 1, 'timing_mode': 'frames', 'map_tag': 'rogue_6', 'window_seconds': 40, 'relic_ids': ['rogue_6_relic_legacy_134']})
----------------------------------------------------------------------
Traceback (most recent call last):
  File "/workspace/rougezhushou/tests/test_token_duration_reference.py", line 151, in test_all_public_numeric_stats_damage_and_clocks_are_unchanged
    self.assertEqual(actual, baseline)
AssertionError: {'att[13234 chars]认细节见：结构性原理 · 持续参数参考、召唤与协同、当前已解锁天赋资料、结构性原理 · 藏品[6232 chars]]}}}} != {'att[13234 chars]认细节见：召唤与协同、当前已解锁天赋资料、结构性原理 · 藏品属性参考。', '这里新增的原[6072 chars]]}}}}
Diff is 61270 characters long. Set self.maxDiff to None to see it.

======================================================================
FAIL: test_all_public_numeric_stats_damage_and_clocks_are_unchanged (tests.test_token_duration_reference.TokenDurationReferenceTests.test_all_public_numeric_stats_damage_and_clocks_are_unchanged) (scenario={'operator': 'mechanist', 'skill': 1, 'elite': 1, 'level': 60, 'module_id': 'uniequip_002_mcnist', 'module_level': 2, 'skill_rank': 1, 'timing_mode': 'frames', 'map_tag': 'main', 'window_seconds': 40, 'relic_ids': ['rogue_6_relic_legacy_134']})
----------------------------------------------------------------------
Traceback (most recent call last):
  File "/workspace/rougezhushou/tests/test_token_duration_reference.py", line 151, in test_all_public_numeric_stats_damage_and_clocks_are_unchanged
    self.assertEqual(actual, baseline)
AssertionError: {'att[13234 chars]认细节见：结构性原理 · 持续参数参考、召唤与协同、当前已解锁天赋资料、结构性原理 · 藏品[6232 chars]]}}}} != {'att[13234 chars]认细节见：召唤与协同、当前已解锁天赋资料、结构性原理 · 藏品属性参考。', '这里新增的原[6072 chars]]}}}}
Diff is 61270 characters long. Set self.maxDiff to None to see it.

======================================================================
FAIL: test_all_public_numeric_stats_damage_and_clocks_are_unchanged (tests.test_token_duration_reference.TokenDurationReferenceTests.test_all_public_numeric_stats_damage_and_clocks_are_unchanged) (scenario={'operator': 'mechanist', 'skill': 1, 'elite': 1, 'level': 60, 'module_id': 'uniequip_002_mcnist', 'module_level': 2, 'skill_rank': 1, 'timing_mode': 'continuous', 'map_tag': 'rogue_6', 'window_seconds': 40, 'relic_ids': ['rogue_6_relic_legacy_134']})
----------------------------------------------------------------------
Traceback (most recent call last):
  File "/workspace/rougezhushou/tests/test_token_duration_reference.py", line 151, in test_all_public_numeric_stats_damage_and_clocks_are_unchanged
    self.assertEqual(actual, baseline)
AssertionError: {'att[9798 chars]认细节见：结构性原理 · 持续参数参考、召唤与协同、当前已解锁天赋资料、结构性原理 · 藏品[6232 chars]]}}}} != {'att[9798 chars]认细节见：召唤与协同、当前已解锁天赋资料、结构性原理 · 藏品属性参考。', '这里新增的原[6072 chars]]}}}}
Diff is 47283 characters long. Set self.maxDiff to None to see it.

======================================================================
FAIL: test_all_public_numeric_stats_damage_and_clocks_are_unchanged (tests.test_token_duration_reference.TokenDurationReferenceTests.test_all_public_numeric_stats_damage_and_clocks_are_unchanged) (scenario={'operator': 'mechanist', 'skill': 1, 'elite': 1, 'level': 60, 'module_id': 'uniequip_002_mcnist', 'module_level': 2, 'skill_rank': 1, 'timing_mode': 'continuous', 'map_tag': 'main', 'window_seconds': 40, 'relic_ids': ['rogue_6_relic_legacy_134']})
----------------------------------------------------------------------
Traceback (most recent call last):
  File "/workspace/rougezhushou/tests/test_token_duration_reference.py", line 151, in test_all_public_numeric_stats_damage_and_clocks_are_unchanged
    self.assertEqual(actual, baseline)
AssertionError: {'att[9798 chars]认细节见：结构性原理 · 持续参数参考、召唤与协同、当前已解锁天赋资料、结构性原理 · 藏品[6232 chars]]}}}} != {'att[9798 chars]认细节见：召唤与协同、当前已解锁天赋资料、结构性原理 · 藏品属性参考。', '这里新增的原[6072 chars]]}}}}
Diff is 47283 characters long. Set self.maxDiff to None to see it.

======================================================================
FAIL: test_all_public_numeric_stats_damage_and_clocks_are_unchanged (tests.test_token_duration_reference.TokenDurationReferenceTests.test_all_public_numeric_stats_damage_and_clocks_are_unchanged) (scenario={'operator': 'mechanist', 'skill': 1, 'elite': 1, 'level': 60, 'module_id': 'uniequip_002_mcnist', 'module_level': 2, 'skill_rank': 7, 'timing_mode': 'frames', 'map_tag': 'rogue_6', 'window_seconds': 40, 'relic_ids': ['rogue_6_relic_legacy_134']})
----------------------------------------------------------------------
Traceback (most recent call last):
  File "/workspace/rougezhushou/tests/test_token_duration_reference.py", line 151, in test_all_public_numeric_stats_damage_and_clocks_are_unchanged
    self.assertEqual(actual, baseline)
AssertionError: {'att[13102 chars]认细节见：结构性原理 · 持续参数参考、召唤与协同、当前已解锁天赋资料、结构性原理 · 藏品[6232 chars]]}}}} != {'att[13102 chars]认细节见：召唤与协同、当前已解锁天赋资料、结构性原理 · 藏品属性参考。', '这里新增的原[6072 chars]]}}}}
Diff is 59554 characters long. Set self.maxDiff to None to see it.

======================================================================
FAIL: test_all_public_numeric_stats_damage_and_clocks_are_unchanged (tests.test_token_duration_reference.TokenDurationReferenceTests.test_all_public_numeric_stats_damage_and_clocks_are_unchanged) (scenario={'operator': 'mechanist', 'skill': 1, 'elite': 1, 'level': 60, 'module_id': 'uniequip_002_mcnist', 'module_level': 2, 'skill_rank': 7, 'timing_mode': 'frames', 'map_tag': 'main', 'window_seconds': 40, 'relic_ids': ['rogue_6_relic_legacy_134']})
----------------------------------------------------------------------
Traceback (most recent call last):
  File "/workspace/rougezhushou/tests/test_token_duration_reference.py", line 151, in test_all_public_numeric_stats_damage_and_clocks_are_unchanged
    self.assertEqual(actual, baseline)
AssertionError: {'att[13102 chars]认细节见：结构性原理 · 持续参数参考、召唤与协同、当前已解锁天赋资料、结构性原理 · 藏品[6232 chars]]}}}} != {'att[13102 chars]认细节见：召唤与协同、当前已解锁天赋资料、结构性原理 · 藏品属性参考。', '这里新增的原[6072 chars]]}}}}
Diff is 59554 characters long. Set self.maxDiff to None to see it.

======================================================================
FAIL: test_all_public_numeric_stats_damage_and_clocks_are_unchanged (tests.test_token_duration_reference.TokenDurationReferenceTests.test_all_public_numeric_stats_damage_and_clocks_are_unchanged) (scenario={'operator': 'mechanist', 'skill': 1, 'elite': 1, 'level': 60, 'module_id': 'uniequip_002_mcnist', 'module_level': 2, 'skill_rank': 7, 'timing_mode': 'continuous', 'map_tag': 'rogue_6', 'window_seconds': 40, 'relic_ids': ['rogue_6_relic_legacy_134']})
----------------------------------------------------------------------
Traceback (most recent call last):
  File "/workspace/rougezhushou/tests/test_token_duration_reference.py", line 151, in test_all_public_numeric_stats_damage_and_clocks_are_unchanged
    self.assertEqual(actual, baseline)
AssertionError: {'att[9828 chars]认细节见：结构性原理 · 持续参数参考、召唤与协同、当前已解锁天赋资料、结构性原理 · 藏品[6232 chars]]}}}} != {'att[9828 chars]认细节见：召唤与协同、当前已解锁天赋资料、结构性原理 · 藏品属性参考。', '这里新增的原[6072 chars]]}}}}
Diff is 47313 characters long. Set self.maxDiff to None to see it.

======================================================================
FAIL: test_all_public_numeric_stats_damage_and_clocks_are_unchanged (tests.test_token_duration_reference.TokenDurationReferenceTests.test_all_public_numeric_stats_damage_and_clocks_are_unchanged) (scenario={'operator': 'mechanist', 'skill': 1, 'elite': 1, 'level': 60, 'module_id': 'uniequip_002_mcnist', 'module_level': 2, 'skill_rank': 7, 'timing_mode': 'continuous', 'map_tag': 'main', 'window_seconds': 40, 'relic_ids': ['rogue_6_relic_legacy_134']})
----------------------------------------------------------------------
Traceback (most recent call last):
  File "/workspace/rougezhushou/tests/test_token_duration_reference.py", line 151, in test_all_public_numeric_stats_damage_and_clocks_are_unchanged
    self.assertEqual(actual, baseline)
AssertionError: {'att[9828 chars]认细节见：结构性原理 · 持续参数参考、召唤与协同、当前已解锁天赋资料、结构性原理 · 藏品[6232 chars]]}}}} != {'att[9828 chars]认细节见：召唤与协同、当前已解锁天赋资料、结构性原理 · 藏品属性参考。', '这里新增的原[6072 chars]]}}}}
Diff is 47313 characters long. Set self.maxDiff to None to see it.

======================================================================
FAIL: test_all_public_numeric_stats_damage_and_clocks_are_unchanged (tests.test_token_duration_reference.TokenDurationReferenceTests.test_all_public_numeric_stats_damage_and_clocks_are_unchanged) (scenario={'operator': 'mechanist', 'skill': 2, 'elite': 1, 'level': 60, 'module_id': 'uniequip_002_mcnist', 'module_level': 2, 'skill_rank': 1, 'timing_mode': 'frames', 'map_tag': 'rogue_6', 'window_seconds': 40, 'relic_ids': ['rogue_6_relic_legacy_134']})
----------------------------------------------------------------------
Traceback (most recent call last):
  File "/workspace/rougezhushou/tests/test_token_duration_reference.py", line 151, in test_all_public_numeric_stats_damage_and_clocks_are_unchanged
    self.assertEqual(actual, baseline)
AssertionError: {'att[12279 chars]认细节见：结构性原理 · 持续参数参考、召唤与协同、当前已解锁天赋资料、结构性原理 · 藏品[6234 chars]]}}}} != {'att[12279 chars]认细节见：召唤与协同、当前已解锁天赋资料、结构性原理 · 藏品属性参考。', '这里新增的原[6073 chars]]}}}}
Diff is 52573 characters long. Set self.maxDiff to None to see it.

======================================================================
FAIL: test_all_public_numeric_stats_damage_and_clocks_are_unchanged (tests.test_token_duration_reference.TokenDurationReferenceTests.test_all_public_numeric_stats_damage_and_clocks_are_unchanged) (scenario={'operator': 'mechanist', 'skill': 2, 'elite': 1, 'level': 60, 'module_id': 'uniequip_002_mcnist', 'module_level': 2, 'skill_rank': 1, 'timing_mode': 'frames', 'map_tag': 'main', 'window_seconds': 40, 'relic_ids': ['rogue_6_relic_legacy_134']})
----------------------------------------------------------------------
Traceback (most recent call last):
  File "/workspace/rougezhushou/tests/test_token_duration_reference.py", line 151, in test_all_public_numeric_stats_damage_and_clocks_are_unchanged
    self.assertEqual(actual, baseline)
AssertionError: {'att[12279 chars]认细节见：结构性原理 · 持续参数参考、召唤与协同、当前已解锁天赋资料、结构性原理 · 藏品[6234 chars]]}}}} != {'att[12279 chars]认细节见：召唤与协同、当前已解锁天赋资料、结构性原理 · 藏品属性参考。', '这里新增的原[6073 chars]]}}}}
Diff is 52573 characters long. Set self.maxDiff to None to see it.

======================================================================
FAIL: test_all_public_numeric_stats_damage_and_clocks_are_unchanged (tests.test_token_duration_reference.TokenDurationReferenceTests.test_all_public_numeric_stats_damage_and_clocks_are_unchanged) (scenario={'operator': 'mechanist', 'skill': 2, 'elite': 1, 'level': 60, 'module_id': 'uniequip_002_mcnist', 'module_level': 2, 'skill_rank': 1, 'timing_mode': 'continuous', 'map_tag': 'rogue_6', 'window_seconds': 40, 'relic_ids': ['rogue_6_relic_legacy_134']})
----------------------------------------------------------------------
Traceback (most recent call last):
  File "/workspace/rougezhushou/tests/test_token_duration_reference.py", line 151, in test_all_public_numeric_stats_damage_and_clocks_are_unchanged
    self.assertEqual(actual, baseline)
AssertionError: {'att[11639 chars]认细节见：结构性原理 · 持续参数参考、召唤与协同、当前已解锁天赋资料、结构性原理 · 藏品[6233 chars]]}}}} != {'att[11639 chars]认细节见：召唤与协同、当前已解锁天赋资料、结构性原理 · 藏品属性参考。', '这里新增的原[6073 chars]]}}}}
Diff is 51423 characters long. Set self.maxDiff to None to see it.

======================================================================
FAIL: test_all_public_numeric_stats_damage_and_clocks_are_unchanged (tests.test_token_duration_reference.TokenDurationReferenceTests.test_all_public_numeric_stats_damage_and_clocks_are_unchanged) (scenario={'operator': 'mechanist', 'skill': 2, 'elite': 1, 'level': 60, 'module_id': 'uniequip_002_mcnist', 'module_level': 2, 'skill_rank': 1, 'timing_mode': 'continuous', 'map_tag': 'main', 'window_seconds': 40, 'relic_ids': ['rogue_6_relic_legacy_134']})
----------------------------------------------------------------------
Traceback (most recent call last):
  File "/workspace/rougezhushou/tests/test_token_duration_reference.py", line 151, in test_all_public_numeric_stats_damage_and_clocks_are_unchanged
    self.assertEqual(actual, baseline)
AssertionError: {'att[11639 chars]认细节见：结构性原理 · 持续参数参考、召唤与协同、当前已解锁天赋资料、结构性原理 · 藏品[6233 chars]]}}}} != {'att[11639 chars]认细节见：召唤与协同、当前已解锁天赋资料、结构性原理 · 藏品属性参考。', '这里新增的原[6073 chars]]}}}}
Diff is 51423 characters long. Set self.maxDiff to None to see it.

======================================================================
FAIL: test_all_public_numeric_stats_damage_and_clocks_are_unchanged (tests.test_token_duration_reference.TokenDurationReferenceTests.test_all_public_numeric_stats_damage_and_clocks_are_unchanged) (scenario={'operator': 'mechanist', 'skill': 2, 'elite': 1, 'level': 60, 'module_id': 'uniequip_002_mcnist', 'module_level': 2, 'skill_rank': 7, 'timing_mode': 'frames', 'map_tag': 'rogue_6', 'window_seconds': 40, 'relic_ids': ['rogue_6_relic_legacy_134']})
----------------------------------------------------------------------
Traceback (most recent call last):
  File "/workspace/rougezhushou/tests/test_token_duration_reference.py", line 151, in test_all_public_numeric_stats_damage_and_clocks_are_unchanged
    self.assertEqual(actual, baseline)
AssertionError: {'att[12286 chars]认细节见：结构性原理 · 持续参数参考、召唤与协同、当前已解锁天赋资料、结构性原理 · 藏品[6234 chars]]}}}} != {'att[12286 chars]认细节见：召唤与协同、当前已解锁天赋资料、结构性原理 · 藏品属性参考。', '这里新增的原[6073 chars]]}}}}
Diff is 52580 characters long. Set self.maxDiff to None to see it.

======================================================================
FAIL: test_all_public_numeric_stats_damage_and_clocks_are_unchanged (tests.test_token_duration_reference.TokenDurationReferenceTests.test_all_public_numeric_stats_damage_and_clocks_are_unchanged) (scenario={'operator': 'mechanist', 'skill': 2, 'elite': 1, 'level': 60, 'module_id': 'uniequip_002_mcnist', 'module_level': 2, 'skill_rank': 7, 'timing_mode': 'frames', 'map_tag': 'main', 'window_seconds': 40, 'relic_ids': ['rogue_6_relic_legacy_134']})
----------------------------------------------------------------------
Traceback (most recent call last):
  File "/workspace/rougezhushou/tests/test_token_duration_reference.py", line 151, in test_all_public_numeric_stats_damage_and_clocks_are_unchanged
    self.assertEqual(actual, baseline)
AssertionError: {'att[12286 chars]认细节见：结构性原理 · 持续参数参考、召唤与协同、当前已解锁天赋资料、结构性原理 · 藏品[6234 chars]]}}}} != {'att[12286 chars]认细节见：召唤与协同、当前已解锁天赋资料、结构性原理 · 藏品属性参考。', '这里新增的原[6073 chars]]}}}}
Diff is 52580 characters long. Set self.maxDiff to None to see it.

======================================================================
FAIL: test_all_public_numeric_stats_damage_and_clocks_are_unchanged (tests.test_token_duration_reference.TokenDurationReferenceTests.test_all_public_numeric_stats_damage_and_clocks_are_unchanged) (scenario={'operator': 'mechanist', 'skill': 2, 'elite': 1, 'level': 60, 'module_id': 'uniequip_002_mcnist', 'module_level': 2, 'skill_rank': 7, 'timing_mode': 'continuous', 'map_tag': 'rogue_6', 'window_seconds': 40, 'relic_ids': ['rogue_6_relic_legacy_134']})
----------------------------------------------------------------------
Traceback (most recent call last):
  File "/workspace/rougezhushou/tests/test_token_duration_reference.py", line 151, in test_all_public_numeric_stats_damage_and_clocks_are_unchanged
    self.assertEqual(actual, baseline)
AssertionError: {'att[11646 chars]认细节见：结构性原理 · 持续参数参考、召唤与协同、当前已解锁天赋资料、结构性原理 · 藏品[6233 chars]]}}}} != {'att[11646 chars]认细节见：召唤与协同、当前已解锁天赋资料、结构性原理 · 藏品属性参考。', '这里新增的原[6073 chars]]}}}}
Diff is 51430 characters long. Set self.maxDiff to None to see it.

======================================================================
FAIL: test_all_public_numeric_stats_damage_and_clocks_are_unchanged (tests.test_token_duration_reference.TokenDurationReferenceTests.test_all_public_numeric_stats_damage_and_clocks_are_unchanged) (scenario={'operator': 'mechanist', 'skill': 2, 'elite': 1, 'level': 60, 'module_id': 'uniequip_002_mcnist', 'module_level': 2, 'skill_rank': 7, 'timing_mode': 'continuous', 'map_tag': 'main', 'window_seconds': 40, 'relic_ids': ['rogue_6_relic_legacy_134']})
----------------------------------------------------------------------
Traceback (most recent call last):
  File "/workspace/rougezhushou/tests/test_token_duration_reference.py", line 151, in test_all_public_numeric_stats_damage_and_clocks_are_unchanged
    self.assertEqual(actual, baseline)
AssertionError: {'att[11646 chars]认细节见：结构性原理 · 持续参数参考、召唤与协同、当前已解锁天赋资料、结构性原理 · 藏品[6233 chars]]}}}} != {'att[11646 chars]认细节见：召唤与协同、当前已解锁天赋资料、结构性原理 · 藏品属性参考。', '这里新增的原[6073 chars]]}}}}
Diff is 51430 characters long. Set self.maxDiff to None to see it.

======================================================================
FAIL: test_all_public_numeric_stats_damage_and_clocks_are_unchanged (tests.test_token_duration_reference.TokenDurationReferenceTests.test_all_public_numeric_stats_damage_and_clocks_are_unchanged) (scenario={'operator': 'mechanist', 'skill': 1, 'elite': 2, 'level': 60, 'module_id': 'uniequip_002_mcnist', 'module_level': 2, 'skill_rank': 1, 'timing_mode': 'frames', 'map_tag': 'rogue_6', 'window_seconds': 40, 'relic_ids': ['rogue_6_relic_legacy_134']})
----------------------------------------------------------------------
Traceback (most recent call last):
  File "/workspace/rougezhushou/tests/test_token_duration_reference.py", line 151, in test_all_public_numeric_stats_damage_and_clocks_are_unchanged
    self.assertEqual(actual, baseline)
AssertionError: {'att[13361 chars]认细节见：结构性原理 · 持续参数参考、召唤与协同、当前已解锁天赋资料、结构性原理 · 藏品[6215 chars]]}}}} != {'att[13361 chars]认细节见：召唤与协同、当前已解锁天赋资料、结构性原理 · 藏品属性参考。', '这里新增的原[6055 chars]]}}}}
Diff is 61456 characters long. Set self.maxDiff to None to see it.

======================================================================
FAIL: test_all_public_numeric_stats_damage_and_clocks_are_unchanged (tests.test_token_duration_reference.TokenDurationReferenceTests.test_all_public_numeric_stats_damage_and_clocks_are_unchanged) (scenario={'operator': 'mechanist', 'skill': 1, 'elite': 2, 'level': 60, 'module_id': 'uniequip_002_mcnist', 'module_level': 2, 'skill_rank': 1, 'timing_mode': 'frames', 'map_tag': 'main', 'window_seconds': 40, 'relic_ids': ['rogue_6_relic_legacy_134']})
----------------------------------------------------------------------
Traceback (most recent call last):
  File "/workspace/rougezhushou/tests/test_token_duration_reference.py", line 151, in test_all_public_numeric_stats_damage_and_clocks_are_unchanged
    self.assertEqual(actual, baseline)
AssertionError: {'att[13361 chars]认细节见：结构性原理 · 持续参数参考、召唤与协同、当前已解锁天赋资料、结构性原理 · 藏品[6215 chars]]}}}} != {'att[13361 chars]认细节见：召唤与协同、当前已解锁天赋资料、结构性原理 · 藏品属性参考。', '这里新增的原[6055 chars]]}}}}
Diff is 61456 characters long. Set self.maxDiff to None to see it.

======================================================================
FAIL: test_all_public_numeric_stats_damage_and_clocks_are_unchanged (tests.test_token_duration_reference.TokenDurationReferenceTests.test_all_public_numeric_stats_damage_and_clocks_are_unchanged) (scenario={'operator': 'mechanist', 'skill': 1, 'elite': 2, 'level': 60, 'module_id': 'uniequip_002_mcnist', 'module_level': 2, 'skill_rank': 1, 'timing_mode': 'continuous', 'map_tag': 'rogue_6', 'window_seconds': 40, 'relic_ids': ['rogue_6_relic_legacy_134']})
----------------------------------------------------------------------
Traceback (most recent call last):
  File "/workspace/rougezhushou/tests/test_token_duration_reference.py", line 151, in test_all_public_numeric_stats_damage_and_clocks_are_unchanged
    self.assertEqual(actual, baseline)
AssertionError: {'att[9928 chars]认细节见：结构性原理 · 持续参数参考、召唤与协同、当前已解锁天赋资料、结构性原理 · 藏品[6215 chars]]}}}} != {'att[9928 chars]认细节见：召唤与协同、当前已解锁天赋资料、结构性原理 · 藏品属性参考。', '这里新增的原[6055 chars]]}}}}
Diff is 47472 characters long. Set self.maxDiff to None to see it.

======================================================================
FAIL: test_all_public_numeric_stats_damage_and_clocks_are_unchanged (tests.test_token_duration_reference.TokenDurationReferenceTests.test_all_public_numeric_stats_damage_and_clocks_are_unchanged) (scenario={'operator': 'mechanist', 'skill': 1, 'elite': 2, 'level': 60, 'module_id': 'uniequip_002_mcnist', 'module_level': 2, 'skill_rank': 1, 'timing_mode': 'continuous', 'map_tag': 'main', 'window_seconds': 40, 'relic_ids': ['rogue_6_relic_legacy_134']})
----------------------------------------------------------------------
Traceback (most recent call last):
  File "/workspace/rougezhushou/tests/test_token_duration_reference.py", line 151, in test_all_public_numeric_stats_damage_and_clocks_are_unchanged
    self.assertEqual(actual, baseline)
AssertionError: {'att[9928 chars]认细节见：结构性原理 · 持续参数参考、召唤与协同、当前已解锁天赋资料、结构性原理 · 藏品[6215 chars]]}}}} != {'att[9928 chars]认细节见：召唤与协同、当前已解锁天赋资料、结构性原理 · 藏品属性参考。', '这里新增的原[6055 chars]]}}}}
Diff is 47472 characters long. Set self.maxDiff to None to see it.

======================================================================
FAIL: test_all_public_numeric_stats_damage_and_clocks_are_unchanged (tests.test_token_duration_reference.TokenDurationReferenceTests.test_all_public_numeric_stats_damage_and_clocks_are_unchanged) (scenario={'operator': 'mechanist', 'skill': 1, 'elite': 2, 'level': 60, 'module_id': 'uniequip_002_mcnist', 'module_level': 2, 'skill_rank': 7, 'timing_mode': 'frames', 'map_tag': 'rogue_6', 'window_seconds': 40, 'relic_ids': ['rogue_6_relic_legacy_134']})
----------------------------------------------------------------------
Traceback (most recent call last):
  File "/workspace/rougezhushou/tests/test_token_duration_reference.py", line 151, in test_all_public_numeric_stats_damage_and_clocks_are_unchanged
    self.assertEqual(actual, baseline)
AssertionError: {'att[13250 chars]认细节见：结构性原理 · 持续参数参考、召唤与协同、当前已解锁天赋资料、结构性原理 · 藏品[6215 chars]]}}}} != {'att[13250 chars]认细节见：召唤与协同、当前已解锁天赋资料、结构性原理 · 藏品属性参考。', '这里新增的原[6055 chars]]}}}}
Diff is 59761 characters long. Set self.maxDiff to None to see it.

======================================================================
FAIL: test_all_public_numeric_stats_damage_and_clocks_are_unchanged (tests.test_token_duration_reference.TokenDurationReferenceTests.test_all_public_numeric_stats_damage_and_clocks_are_unchanged) (scenario={'operator': 'mechanist', 'skill': 1, 'elite': 2, 'level': 60, 'module_id': 'uniequip_002_mcnist', 'module_level': 2, 'skill_rank': 7, 'timing_mode': 'frames', 'map_tag': 'main', 'window_seconds': 40, 'relic_ids': ['rogue_6_relic_legacy_134']})
----------------------------------------------------------------------
Traceback (most recent call last):
  File "/workspace/rougezhushou/tests/test_token_duration_reference.py", line 151, in test_all_public_numeric_stats_damage_and_clocks_are_unchanged
    self.assertEqual(actual, baseline)
AssertionError: {'att[13250 chars]认细节见：结构性原理 · 持续参数参考、召唤与协同、当前已解锁天赋资料、结构性原理 · 藏品[6215 chars]]}}}} != {'att[13250 chars]认细节见：召唤与协同、当前已解锁天赋资料、结构性原理 · 藏品属性参考。', '这里新增的原[6055 chars]]}}}}
Diff is 59761 characters long. Set self.maxDiff to None to see it.

======================================================================
FAIL: test_all_public_numeric_stats_damage_and_clocks_are_unchanged (tests.test_token_duration_reference.TokenDurationReferenceTests.test_all_public_numeric_stats_damage_and_clocks_are_unchanged) (scenario={'operator': 'mechanist', 'skill': 1, 'elite': 2, 'level': 60, 'module_id': 'uniequip_002_mcnist', 'module_level': 2, 'skill_rank': 7, 'timing_mode': 'continuous', 'map_tag': 'rogue_6', 'window_seconds': 40, 'relic_ids': ['rogue_6_relic_legacy_134']})
----------------------------------------------------------------------
Traceback (most recent call last):
  File "/workspace/rougezhushou/tests/test_token_duration_reference.py", line 151, in test_all_public_numeric_stats_damage_and_clocks_are_unchanged
    self.assertEqual(actual, baseline)
AssertionError: {'att[9974 chars]认细节见：结构性原理 · 持续参数参考、召唤与协同、当前已解锁天赋资料、结构性原理 · 藏品[6215 chars]]}}}} != {'att[9974 chars]认细节见：召唤与协同、当前已解锁天赋资料、结构性原理 · 藏品属性参考。', '这里新增的原[6055 chars]]}}}}
Diff is 47518 characters long. Set self.maxDiff to None to see it.

======================================================================
FAIL: test_all_public_numeric_stats_damage_and_clocks_are_unchanged (tests.test_token_duration_reference.TokenDurationReferenceTests.test_all_public_numeric_stats_damage_and_clocks_are_unchanged) (scenario={'operator': 'mechanist', 'skill': 1, 'elite': 2, 'level': 60, 'module_id': 'uniequip_002_mcnist', 'module_level': 2, 'skill_rank': 7, 'timing_mode': 'continuous', 'map_tag': 'main', 'window_seconds': 40, 'relic_ids': ['rogue_6_relic_legacy_134']})
----------------------------------------------------------------------
Traceback (most recent call last):
  File "/workspace/rougezhushou/tests/test_token_duration_reference.py", line 151, in test_all_public_numeric_stats_damage_and_clocks_are_unchanged
    self.assertEqual(actual, baseline)
AssertionError: {'att[9974 chars]认细节见：结构性原理 · 持续参数参考、召唤与协同、当前已解锁天赋资料、结构性原理 · 藏品[6215 chars]]}}}} != {'att[9974 chars]认细节见：召唤与协同、当前已解锁天赋资料、结构性原理 · 藏品属性参考。', '这里新增的原[6055 chars]]}}}}
Diff is 47518 characters long. Set self.maxDiff to None to see it.

======================================================================
FAIL: test_all_public_numeric_stats_damage_and_clocks_are_unchanged (tests.test_token_duration_reference.TokenDurationReferenceTests.test_all_public_numeric_stats_damage_and_clocks_are_unchanged) (scenario={'operator': 'mechanist', 'skill': 1, 'elite': 2, 'level': 60, 'module_id': 'uniequip_002_mcnist', 'module_level': 2, 'skill_rank': 10, 'timing_mode': 'frames', 'map_tag': 'rogue_6', 'window_seconds': 40, 'relic_ids': ['rogue_6_relic_legacy_134']})
----------------------------------------------------------------------
Traceback (most recent call last):
  File "/workspace/rougezhushou/tests/test_token_duration_reference.py", line 151, in test_all_public_numeric_stats_damage_and_clocks_are_unchanged
    self.assertEqual(actual, baseline)
AssertionError: {'att[13056 chars]认细节见：结构性原理 · 持续参数参考、召唤与协同、当前已解锁天赋资料、结构性原理 · 藏品[6215 chars]]}}}} != {'att[13056 chars]认细节见：召唤与协同、当前已解锁天赋资料、结构性原理 · 藏品属性参考。', '这里新增的原[6055 chars]]}}}}
Diff is 58511 characters long. Set self.maxDiff to None to see it.

======================================================================
FAIL: test_all_public_numeric_stats_damage_and_clocks_are_unchanged (tests.test_token_duration_reference.TokenDurationReferenceTests.test_all_public_numeric_stats_damage_and_clocks_are_unchanged) (scenario={'operator': 'mechanist', 'skill': 1, 'elite': 2, 'level': 60, 'module_id': 'uniequip_002_mcnist', 'module_level': 2, 'skill_rank': 10, 'timing_mode': 'frames', 'map_tag': 'main', 'window_seconds': 40, 'relic_ids': ['rogue_6_relic_legacy_134']})
----------------------------------------------------------------------
Traceback (most recent call last):
  File "/workspace/rougezhushou/tests/test_token_duration_reference.py", line 151, in test_all_public_numeric_stats_damage_and_clocks_are_unchanged
    self.assertEqual(actual, baseline)
AssertionError: {'att[13056 chars]认细节见：结构性原理 · 持续参数参考、召唤与协同、当前已解锁天赋资料、结构性原理 · 藏品[6215 chars]]}}}} != {'att[13056 chars]认细节见：召唤与协同、当前已解锁天赋资料、结构性原理 · 藏品属性参考。', '这里新增的原[6055 chars]]}}}}
Diff is 58511 characters long. Set self.maxDiff to None to see it.

======================================================================
FAIL: test_all_public_numeric_stats_damage_and_clocks_are_unchanged (tests.test_token_duration_reference.TokenDurationReferenceTests.test_all_public_numeric_stats_damage_and_clocks_are_unchanged) (scenario={'operator': 'mechanist', 'skill': 1, 'elite': 2, 'level': 60, 'module_id': 'uniequip_002_mcnist', 'module_level': 2, 'skill_rank': 10, 'timing_mode': 'continuous', 'map_tag': 'rogue_6', 'window_seconds': 40, 'relic_ids': ['rogue_6_relic_legacy_134']})
----------------------------------------------------------------------
Traceback (most recent call last):
  File "/workspace/rougezhushou/tests/test_token_duration_reference.py", line 151, in test_all_public_numeric_stats_damage_and_clocks_are_unchanged
    self.assertEqual(actual, baseline)
AssertionError: {'att[9763 chars]认细节见：结构性原理 · 持续参数参考、召唤与协同、当前已解锁天赋资料、结构性原理 · 藏品[6215 chars]]}}}} != {'att[9763 chars]认细节见：召唤与协同、当前已解锁天赋资料、结构性原理 · 藏品属性参考。', '这里新增的原[6055 chars]]}}}}
Diff is 47307 characters long. Set self.maxDiff to None to see it.

======================================================================
FAIL: test_all_public_numeric_stats_damage_and_clocks_are_unchanged (tests.test_token_duration_reference.TokenDurationReferenceTests.test_all_public_numeric_stats_damage_and_clocks_are_unchanged) (scenario={'operator': 'mechanist', 'skill': 1, 'elite': 2, 'level': 60, 'module_id': 'uniequip_002_mcnist', 'module_level': 2, 'skill_rank': 10, 'timing_mode': 'continuous', 'map_tag': 'main', 'window_seconds': 40, 'relic_ids': ['rogue_6_relic_legacy_134']})
----------------------------------------------------------------------
Traceback (most recent call last):
  File "/workspace/rougezhushou/tests/test_token_duration_reference.py", line 151, in test_all_public_numeric_stats_damage_and_clocks_are_unchanged
    self.assertEqual(actual, baseline)
AssertionError: {'att[9763 chars]认细节见：结构性原理 · 持续参数参考、召唤与协同、当前已解锁天赋资料、结构性原理 · 藏品[6215 chars]]}}}} != {'att[9763 chars]认细节见：召唤与协同、当前已解锁天赋资料、结构性原理 · 藏品属性参考。', '这里新增的原[6055 chars]]}}}}
Diff is 47307 characters long. Set self.maxDiff to None to see it.

======================================================================
FAIL: test_all_public_numeric_stats_damage_and_clocks_are_unchanged (tests.test_token_duration_reference.TokenDurationReferenceTests.test_all_public_numeric_stats_damage_and_clocks_are_unchanged) (scenario={'operator': 'mechanist', 'skill': 2, 'elite': 2, 'level': 60, 'module_id': 'uniequip_002_mcnist', 'module_level': 2, 'skill_rank': 1, 'timing_mode': 'frames', 'map_tag': 'rogue_6', 'window_seconds': 40, 'relic_ids': ['rogue_6_relic_legacy_134']})
----------------------------------------------------------------------
Traceback (most recent call last):
  File "/workspace/rougezhushou/tests/test_token_duration_reference.py", line 151, in test_all_public_numeric_stats_damage_and_clocks_are_unchanged
    self.assertEqual(actual, baseline)
AssertionError: {'att[12409 chars]认细节见：结构性原理 · 持续参数参考、召唤与协同、当前已解锁天赋资料、结构性原理 · 藏品[6217 chars]]}}}} != {'att[12409 chars]认细节见：召唤与协同、当前已解锁天赋资料、结构性原理 · 藏品属性参考。', '这里新增的原[6056 chars]]}}}}
Diff is 52762 characters long. Set self.maxDiff to None to see it.

======================================================================
FAIL: test_all_public_numeric_stats_damage_and_clocks_are_unchanged (tests.test_token_duration_reference.TokenDurationReferenceTests.test_all_public_numeric_stats_damage_and_clocks_are_unchanged) (scenario={'operator': 'mechanist', 'skill': 2, 'elite': 2, 'level': 60, 'module_id': 'uniequip_002_mcnist', 'module_level': 2, 'skill_rank': 1, 'timing_mode': 'frames', 'map_tag': 'main', 'window_seconds': 40, 'relic_ids': ['rogue_6_relic_legacy_134']})
----------------------------------------------------------------------
Traceback (most recent call last):
  File "/workspace/rougezhushou/tests/test_token_duration_reference.py", line 151, in test_all_public_numeric_stats_damage_and_clocks_are_unchanged
    self.assertEqual(actual, baseline)
AssertionError: {'att[12409 chars]认细节见：结构性原理 · 持续参数参考、召唤与协同、当前已解锁天赋资料、结构性原理 · 藏品[6217 chars]]}}}} != {'att[12409 chars]认细节见：召唤与协同、当前已解锁天赋资料、结构性原理 · 藏品属性参考。', '这里新增的原[6056 chars]]}}}}
Diff is 52762 characters long. Set self.maxDiff to None to see it.

======================================================================
FAIL: test_all_public_numeric_stats_damage_and_clocks_are_unchanged (tests.test_token_duration_reference.TokenDurationReferenceTests.test_all_public_numeric_stats_damage_and_clocks_are_unchanged) (scenario={'operator': 'mechanist', 'skill': 2, 'elite': 2, 'level': 60, 'module_id': 'uniequip_002_mcnist', 'module_level': 2, 'skill_rank': 1, 'timing_mode': 'continuous', 'map_tag': 'rogue_6', 'window_seconds': 40, 'relic_ids': ['rogue_6_relic_legacy_134']})
----------------------------------------------------------------------
Traceback (most recent call last):
  File "/workspace/rougezhushou/tests/test_token_duration_reference.py", line 151, in test_all_public_numeric_stats_damage_and_clocks_are_unchanged
    self.assertEqual(actual, baseline)
AssertionError: {'att[11769 chars]认细节见：结构性原理 · 持续参数参考、召唤与协同、当前已解锁天赋资料、结构性原理 · 藏品[6216 chars]]}}}} != {'att[11769 chars]认细节见：召唤与协同、当前已解锁天赋资料、结构性原理 · 藏品属性参考。', '这里新增的原[6056 chars]]}}}}
Diff is 51612 characters long. Set self.maxDiff to None to see it.

======================================================================
FAIL: test_all_public_numeric_stats_damage_and_clocks_are_unchanged (tests.test_token_duration_reference.TokenDurationReferenceTests.test_all_public_numeric_stats_damage_and_clocks_are_unchanged) (scenario={'operator': 'mechanist', 'skill': 2, 'elite': 2, 'level': 60, 'module_id': 'uniequip_002_mcnist', 'module_level': 2, 'skill_rank': 1, 'timing_mode': 'continuous', 'map_tag': 'main', 'window_seconds': 40, 'relic_ids': ['rogue_6_relic_legacy_134']})
----------------------------------------------------------------------
Traceback (most recent call last):
  File "/workspace/rougezhushou/tests/test_token_duration_reference.py", line 151, in test_all_public_numeric_stats_damage_and_clocks_are_unchanged
    self.assertEqual(actual, baseline)
AssertionError: {'att[11769 chars]认细节见：结构性原理 · 持续参数参考、召唤与协同、当前已解锁天赋资料、结构性原理 · 藏品[6216 chars]]}}}} != {'att[11769 chars]认细节见：召唤与协同、当前已解锁天赋资料、结构性原理 · 藏品属性参考。', '这里新增的原[6056 chars]]}}}}
Diff is 51612 characters long. Set self.maxDiff to None to see it.

======================================================================
FAIL: test_all_public_numeric_stats_damage_and_clocks_are_unchanged (tests.test_token_duration_reference.TokenDurationReferenceTests.test_all_public_numeric_stats_damage_and_clocks_are_unchanged) (scenario={'operator': 'mechanist', 'skill': 2, 'elite': 2, 'level': 60, 'module_id': 'uniequip_002_mcnist', 'module_level': 2, 'skill_rank': 7, 'timing_mode': 'frames', 'map_tag': 'rogue_6', 'window_seconds': 40, 'relic_ids': ['rogue_6_relic_legacy_134']})
----------------------------------------------------------------------
Traceback (most recent call last):
  File "/workspace/rougezhushou/tests/test_token_duration_reference.py", line 151, in test_all_public_numeric_stats_damage_and_clocks_are_unchanged
    self.assertEqual(actual, baseline)
AssertionError: {'att[12416 chars]认细节见：结构性原理 · 持续参数参考、召唤与协同、当前已解锁天赋资料、结构性原理 · 藏品[6217 chars]]}}}} != {'att[12416 chars]认细节见：召唤与协同、当前已解锁天赋资料、结构性原理 · 藏品属性参考。', '这里新增的原[6056 chars]]}}}}
Diff is 52769 characters long. Set self.maxDiff to None to see it.

======================================================================
FAIL: test_all_public_numeric_stats_damage_and_clocks_are_unchanged (tests.test_token_duration_reference.TokenDurationReferenceTests.test_all_public_numeric_stats_damage_and_clocks_are_unchanged) (scenario={'operator': 'mechanist', 'skill': 2, 'elite': 2, 'level': 60, 'module_id': 'uniequip_002_mcnist', 'module_level': 2, 'skill_rank': 7, 'timing_mode': 'frames', 'map_tag': 'main', 'window_seconds': 40, 'relic_ids': ['rogue_6_relic_legacy_134']})
----------------------------------------------------------------------
Traceback (most recent call last):
  File "/workspace/rougezhushou/tests/test_token_duration_reference.py", line 151, in test_all_public_numeric_stats_damage_and_clocks_are_unchanged
    self.assertEqual(actual, baseline)
AssertionError: {'att[12416 chars]认细节见：结构性原理 · 持续参数参考、召唤与协同、当前已解锁天赋资料、结构性原理 · 藏品[6217 chars]]}}}} != {'att[12416 chars]认细节见：召唤与协同、当前已解锁天赋资料、结构性原理 · 藏品属性参考。', '这里新增的原[6056 chars]]}}}}
Diff is 52769 characters long. Set self.maxDiff to None to see it.

======================================================================
FAIL: test_all_public_numeric_stats_damage_and_clocks_are_unchanged (tests.test_token_duration_reference.TokenDurationReferenceTests.test_all_public_numeric_stats_damage_and_clocks_are_unchanged) (scenario={'operator': 'mechanist', 'skill': 2, 'elite': 2, 'level': 60, 'module_id': 'uniequip_002_mcnist', 'module_level': 2, 'skill_rank': 7, 'timing_mode': 'continuous', 'map_tag': 'rogue_6', 'window_seconds': 40, 'relic_ids': ['rogue_6_relic_legacy_134']})
----------------------------------------------------------------------
Traceback (most recent call last):
  File "/workspace/rougezhushou/tests/test_token_duration_reference.py", line 151, in test_all_public_numeric_stats_damage_and_clocks_are_unchanged
    self.assertEqual(actual, baseline)
AssertionError: {'att[11776 chars]认细节见：结构性原理 · 持续参数参考、召唤与协同、当前已解锁天赋资料、结构性原理 · 藏品[6216 chars]]}}}} != {'att[11776 chars]认细节见：召唤与协同、当前已解锁天赋资料、结构性原理 · 藏品属性参考。', '这里新增的原[6056 chars]]}}}}
Diff is 51619 characters long. Set self.maxDiff to None to see it.

======================================================================
FAIL: test_all_public_numeric_stats_damage_and_clocks_are_unchanged (tests.test_token_duration_reference.TokenDurationReferenceTests.test_all_public_numeric_stats_damage_and_clocks_are_unchanged) (scenario={'operator': 'mechanist', 'skill': 2, 'elite': 2, 'level': 60, 'module_id': 'uniequip_002_mcnist', 'module_level': 2, 'skill_rank': 7, 'timing_mode': 'continuous', 'map_tag': 'main', 'window_seconds': 40, 'relic_ids': ['rogue_6_relic_legacy_134']})
----------------------------------------------------------------------
Traceback (most recent call last):
  File "/workspace/rougezhushou/tests/test_token_duration_reference.py", line 151, in test_all_public_numeric_stats_damage_and_clocks_are_unchanged
    self.assertEqual(actual, baseline)
AssertionError: {'att[11776 chars]认细节见：结构性原理 · 持续参数参考、召唤与协同、当前已解锁天赋资料、结构性原理 · 藏品[6216 chars]]}}}} != {'att[11776 chars]认细节见：召唤与协同、当前已解锁天赋资料、结构性原理 · 藏品属性参考。', '这里新增的原[6056 chars]]}}}}
Diff is 51619 characters long. Set self.maxDiff to None to see it.

======================================================================
FAIL: test_all_public_numeric_stats_damage_and_clocks_are_unchanged (tests.test_token_duration_reference.TokenDurationReferenceTests.test_all_public_numeric_stats_damage_and_clocks_are_unchanged) (scenario={'operator': 'mechanist', 'skill': 2, 'elite': 2, 'level': 60, 'module_id': 'uniequip_002_mcnist', 'module_level': 2, 'skill_rank': 10, 'timing_mode': 'frames', 'map_tag': 'rogue_6', 'window_seconds': 40, 'relic_ids': ['rogue_6_relic_legacy_134']})
----------------------------------------------------------------------
Traceback (most recent call last):
  File "/workspace/rougezhushou/tests/test_token_duration_reference.py", line 151, in test_all_public_numeric_stats_damage_and_clocks_are_unchanged
    self.assertEqual(actual, baseline)
AssertionError: {'att[12345 chars]认细节见：结构性原理 · 持续参数参考、召唤与协同、当前已解锁天赋资料、结构性原理 · 藏品[6217 chars]]}}}} != {'att[12345 chars]认细节见：召唤与协同、当前已解锁天赋资料、结构性原理 · 藏品属性参考。', '这里新增的原[6056 chars]]}}}}
Diff is 52698 characters long. Set self.maxDiff to None to see it.

======================================================================
FAIL: test_all_public_numeric_stats_damage_and_clocks_are_unchanged (tests.test_token_duration_reference.TokenDurationReferenceTests.test_all_public_numeric_stats_damage_and_clocks_are_unchanged) (scenario={'operator': 'mechanist', 'skill': 2, 'elite': 2, 'level': 60, 'module_id': 'uniequip_002_mcnist', 'module_level': 2, 'skill_rank': 10, 'timing_mode': 'frames', 'map_tag': 'main', 'window_seconds': 40, 'relic_ids': ['rogue_6_relic_legacy_134']})
----------------------------------------------------------------------
Traceback (most recent call last):
  File "/workspace/rougezhushou/tests/test_token_duration_reference.py", line 151, in test_all_public_numeric_stats_damage_and_clocks_are_unchanged
    self.assertEqual(actual, baseline)
AssertionError: {'att[12345 chars]认细节见：结构性原理 · 持续参数参考、召唤与协同、当前已解锁天赋资料、结构性原理 · 藏品[6217 chars]]}}}} != {'att[12345 chars]认细节见：召唤与协同、当前已解锁天赋资料、结构性原理 · 藏品属性参考。', '这里新增的原[6056 chars]]}}}}
Diff is 52698 characters long. Set self.maxDiff to None to see it.

======================================================================
FAIL: test_all_public_numeric_stats_damage_and_clocks_are_unchanged (tests.test_token_duration_reference.TokenDurationReferenceTests.test_all_public_numeric_stats_damage_and_clocks_are_unchanged) (scenario={'operator': 'mechanist', 'skill': 2, 'elite': 2, 'level': 60, 'module_id': 'uniequip_002_mcnist', 'module_level': 2, 'skill_rank': 10, 'timing_mode': 'continuous', 'map_tag': 'rogue_6', 'window_seconds': 40, 'relic_ids': ['rogue_6_relic_legacy_134']})
----------------------------------------------------------------------
Traceback (most recent call last):
  File "/workspace/rougezhushou/tests/test_token_duration_reference.py", line 151, in test_all_public_numeric_stats_damage_and_clocks_are_unchanged
    self.assertEqual(actual, baseline)
AssertionError: {'att[11705 chars]认细节见：结构性原理 · 持续参数参考、召唤与协同、当前已解锁天赋资料、结构性原理 · 藏品[6216 chars]]}}}} != {'att[11705 chars]认细节见：召唤与协同、当前已解锁天赋资料、结构性原理 · 藏品属性参考。', '这里新增的原[6056 chars]]}}}}
Diff is 51548 characters long. Set self.maxDiff to None to see it.

======================================================================
FAIL: test_all_public_numeric_stats_damage_and_clocks_are_unchanged (tests.test_token_duration_reference.TokenDurationReferenceTests.test_all_public_numeric_stats_damage_and_clocks_are_unchanged) (scenario={'operator': 'mechanist', 'skill': 2, 'elite': 2, 'level': 60, 'module_id': 'uniequip_002_mcnist', 'module_level': 2, 'skill_rank': 10, 'timing_mode': 'continuous', 'map_tag': 'main', 'window_seconds': 40, 'relic_ids': ['rogue_6_relic_legacy_134']})
----------------------------------------------------------------------
Traceback (most recent call last):
  File "/workspace/rougezhushou/tests/test_token_duration_reference.py", line 151, in test_all_public_numeric_stats_damage_and_clocks_are_unchanged
    self.assertEqual(actual, baseline)
AssertionError: {'att[11705 chars]认细节见：结构性原理 · 持续参数参考、召唤与协同、当前已解锁天赋资料、结构性原理 · 藏品[6216 chars]]}}}} != {'att[11705 chars]认细节见：召唤与协同、当前已解锁天赋资料、结构性原理 · 藏品属性参考。', '这里新增的原[6056 chars]]}}}}
Diff is 51548 characters long. Set self.maxDiff to None to see it.

======================================================================
FAIL: test_all_public_numeric_stats_damage_and_clocks_are_unchanged (tests.test_token_duration_reference.TokenDurationReferenceTests.test_all_public_numeric_stats_damage_and_clocks_are_unchanged) (scenario={'operator': 'mechanist', 'skill': 3, 'elite': 2, 'level': 60, 'module_id': 'uniequip_002_mcnist', 'module_level': 2, 'skill_rank': 1, 'timing_mode': 'frames', 'map_tag': 'rogue_6', 'window_seconds': 40, 'relic_ids': ['rogue_6_relic_legacy_134']})
----------------------------------------------------------------------
Traceback (most recent call last):
  File "/workspace/rougezhushou/tests/test_token_duration_reference.py", line 151, in test_all_public_numeric_stats_damage_and_clocks_are_unchanged
    self.assertEqual(actual, baseline)
AssertionError: {'att[15142 chars]认细节见：结构性原理 · 持续参数参考、召唤与协同、当前已解锁天赋资料、结构性原理 · 藏品[6216 chars]]}}}} != {'att[15142 chars]认细节见：召唤与协同、当前已解锁天赋资料、结构性原理 · 藏品属性参考。', '这里新增的原[6055 chars]]}}}}
Diff is 80146 characters long. Set self.maxDiff to None to see it.

======================================================================
FAIL: test_all_public_numeric_stats_damage_and_clocks_are_unchanged (tests.test_token_duration_reference.TokenDurationReferenceTests.test_all_public_numeric_stats_damage_and_clocks_are_unchanged) (scenario={'operator': 'mechanist', 'skill': 3, 'elite': 2, 'level': 60, 'module_id': 'uniequip_002_mcnist', 'module_level': 2, 'skill_rank': 1, 'timing_mode': 'frames', 'map_tag': 'main', 'window_seconds': 40, 'relic_ids': ['rogue_6_relic_legacy_134']})
----------------------------------------------------------------------
Traceback (most recent call last):
  File "/workspace/rougezhushou/tests/test_token_duration_reference.py", line 151, in test_all_public_numeric_stats_damage_and_clocks_are_unchanged
    self.assertEqual(actual, baseline)
AssertionError: {'att[15142 chars]认细节见：结构性原理 · 持续参数参考、召唤与协同、当前已解锁天赋资料、结构性原理 · 藏品[6216 chars]]}}}} != {'att[15142 chars]认细节见：召唤与协同、当前已解锁天赋资料、结构性原理 · 藏品属性参考。', '这里新增的原[6055 chars]]}}}}
Diff is 80146 characters long. Set self.maxDiff to None to see it.

======================================================================
FAIL: test_all_public_numeric_stats_damage_and_clocks_are_unchanged (tests.test_token_duration_reference.TokenDurationReferenceTests.test_all_public_numeric_stats_damage_and_clocks_are_unchanged) (scenario={'operator': 'mechanist', 'skill': 3, 'elite': 2, 'level': 60, 'module_id': 'uniequip_002_mcnist', 'module_level': 2, 'skill_rank': 1, 'timing_mode': 'continuous', 'map_tag': 'rogue_6', 'window_seconds': 40, 'relic_ids': ['rogue_6_relic_legacy_134']})
----------------------------------------------------------------------
Traceback (most recent call last):
  File "/workspace/rougezhushou/tests/test_token_duration_reference.py", line 151, in test_all_public_numeric_stats_damage_and_clocks_are_unchanged
    self.assertEqual(actual, baseline)
AssertionError: {'att[10200 chars]认细节见：结构性原理 · 持续参数参考、召唤与协同、当前已解锁天赋资料、结构性原理 · 藏品[6215 chars]]}}}} != {'att[10200 chars]认细节见：召唤与协同、当前已解锁天赋资料、结构性原理 · 藏品属性参考。', '这里新增的原[6055 chars]]}}}}
Diff is 48518 characters long. Set self.maxDiff to None to see it.

======================================================================
FAIL: test_all_public_numeric_stats_damage_and_clocks_are_unchanged (tests.test_token_duration_reference.TokenDurationReferenceTests.test_all_public_numeric_stats_damage_and_clocks_are_unchanged) (scenario={'operator': 'mechanist', 'skill': 3, 'elite': 2, 'level': 60, 'module_id': 'uniequip_002_mcnist', 'module_level': 2, 'skill_rank': 1, 'timing_mode': 'continuous', 'map_tag': 'main', 'window_seconds': 40, 'relic_ids': ['rogue_6_relic_legacy_134']})
----------------------------------------------------------------------
Traceback (most recent call last):
  File "/workspace/rougezhushou/tests/test_token_duration_reference.py", line 151, in test_all_public_numeric_stats_damage_and_clocks_are_unchanged
    self.assertEqual(actual, baseline)
AssertionError: {'att[10200 chars]认细节见：结构性原理 · 持续参数参考、召唤与协同、当前已解锁天赋资料、结构性原理 · 藏品[6215 chars]]}}}} != {'att[10200 chars]认细节见：召唤与协同、当前已解锁天赋资料、结构性原理 · 藏品属性参考。', '这里新增的原[6055 chars]]}}}}
Diff is 48518 characters long. Set self.maxDiff to None to see it.

======================================================================
FAIL: test_all_public_numeric_stats_damage_and_clocks_are_unchanged (tests.test_token_duration_reference.TokenDurationReferenceTests.test_all_public_numeric_stats_damage_and_clocks_are_unchanged) (scenario={'operator': 'mechanist', 'skill': 3, 'elite': 2, 'level': 60, 'module_id': 'uniequip_002_mcnist', 'module_level': 2, 'skill_rank': 7, 'timing_mode': 'frames', 'map_tag': 'rogue_6', 'window_seconds': 40, 'relic_ids': ['rogue_6_relic_legacy_134']})
----------------------------------------------------------------------
Traceback (most recent call last):
  File "/workspace/rougezhushou/tests/test_token_duration_reference.py", line 151, in test_all_public_numeric_stats_damage_and_clocks_are_unchanged
    self.assertEqual(actual, baseline)
AssertionError: {'att[15065 chars]认细节见：结构性原理 · 持续参数参考、召唤与协同、当前已解锁天赋资料、结构性原理 · 藏品[6216 chars]]}}}} != {'att[15065 chars]认细节见：召唤与协同、当前已解锁天赋资料、结构性原理 · 藏品属性参考。', '这里新增的原[6055 chars]]}}}}
Diff is 78485 characters long. Set self.maxDiff to None to see it.

======================================================================
FAIL: test_all_public_numeric_stats_damage_and_clocks_are_unchanged (tests.test_token_duration_reference.TokenDurationReferenceTests.test_all_public_numeric_stats_damage_and_clocks_are_unchanged) (scenario={'operator': 'mechanist', 'skill': 3, 'elite': 2, 'level': 60, 'module_id': 'uniequip_002_mcnist', 'module_level': 2, 'skill_rank': 7, 'timing_mode': 'frames', 'map_tag': 'main', 'window_seconds': 40, 'relic_ids': ['rogue_6_relic_legacy_134']})
----------------------------------------------------------------------
Traceback (most recent call last):
  File "/workspace/rougezhushou/tests/test_token_duration_reference.py", line 151, in test_all_public_numeric_stats_damage_and_clocks_are_unchanged
    self.assertEqual(actual, baseline)
AssertionError: {'att[15065 chars]认细节见：结构性原理 · 持续参数参考、召唤与协同、当前已解锁天赋资料、结构性原理 · 藏品[6216 chars]]}}}} != {'att[15065 chars]认细节见：召唤与协同、当前已解锁天赋资料、结构性原理 · 藏品属性参考。', '这里新增的原[6055 chars]]}}}}
Diff is 78485 characters long. Set self.maxDiff to None to see it.

======================================================================
FAIL: test_all_public_numeric_stats_damage_and_clocks_are_unchanged (tests.test_token_duration_reference.TokenDurationReferenceTests.test_all_public_numeric_stats_damage_and_clocks_are_unchanged) (scenario={'operator': 'mechanist', 'skill': 3, 'elite': 2, 'level': 60, 'module_id': 'uniequip_002_mcnist', 'module_level': 2, 'skill_rank': 7, 'timing_mode': 'continuous', 'map_tag': 'rogue_6', 'window_seconds': 40, 'relic_ids': ['rogue_6_relic_legacy_134']})
----------------------------------------------------------------------
Traceback (most recent call last):
  File "/workspace/rougezhushou/tests/test_token_duration_reference.py", line 151, in test_all_public_numeric_stats_damage_and_clocks_are_unchanged
    self.assertEqual(actual, baseline)
AssertionError: {'att[10260 chars]认细节见：结构性原理 · 持续参数参考、召唤与协同、当前已解锁天赋资料、结构性原理 · 藏品[6215 chars]]}}}} != {'att[10260 chars]认细节见：召唤与协同、当前已解锁天赋资料、结构性原理 · 藏品属性参考。', '这里新增的原[6055 chars]]}}}}
Diff is 48578 characters long. Set self.maxDiff to None to see it.

======================================================================
FAIL: test_all_public_numeric_stats_damage_and_clocks_are_unchanged (tests.test_token_duration_reference.TokenDurationReferenceTests.test_all_public_numeric_stats_damage_and_clocks_are_unchanged) (scenario={'operator': 'mechanist', 'skill': 3, 'elite': 2, 'level': 60, 'module_id': 'uniequip_002_mcnist', 'module_level': 2, 'skill_rank': 7, 'timing_mode': 'continuous', 'map_tag': 'main', 'window_seconds': 40, 'relic_ids': ['rogue_6_relic_legacy_134']})
----------------------------------------------------------------------
Traceback (most recent call last):
  File "/workspace/rougezhushou/tests/test_token_duration_reference.py", line 151, in test_all_public_numeric_stats_damage_and_clocks_are_unchanged
    self.assertEqual(actual, baseline)
AssertionError: {'att[10260 chars]认细节见：结构性原理 · 持续参数参考、召唤与协同、当前已解锁天赋资料、结构性原理 · 藏品[6215 chars]]}}}} != {'att[10260 chars]认细节见：召唤与协同、当前已解锁天赋资料、结构性原理 · 藏品属性参考。', '这里新增的原[6055 chars]]}}}}
Diff is 48578 characters long. Set self.maxDiff to None to see it.

======================================================================
FAIL: test_all_public_numeric_stats_damage_and_clocks_are_unchanged (tests.test_token_duration_reference.TokenDurationReferenceTests.test_all_public_numeric_stats_damage_and_clocks_are_unchanged) (scenario={'operator': 'mechanist', 'skill': 3, 'elite': 2, 'level': 60, 'module_id': 'uniequip_002_mcnist', 'module_level': 2, 'skill_rank': 10, 'timing_mode': 'frames', 'map_tag': 'rogue_6', 'window_seconds': 40, 'relic_ids': ['rogue_6_relic_legacy_134']})
----------------------------------------------------------------------
Traceback (most recent call last):
  File "/workspace/rougezhushou/tests/test_token_duration_reference.py", line 151, in test_all_public_numeric_stats_damage_and_clocks_are_unchanged
    self.assertEqual(actual, baseline)
AssertionError: {'att[14857 chars]认细节见：结构性原理 · 持续参数参考、召唤与协同、当前已解锁天赋资料、结构性原理 · 藏品[6216 chars]]}}}} != {'att[14857 chars]认细节见：召唤与协同、当前已解锁天赋资料、结构性原理 · 藏品属性参考。', '这里新增的原[6055 chars]]}}}}
Diff is 75637 characters long. Set self.maxDiff to None to see it.

======================================================================
FAIL: test_all_public_numeric_stats_damage_and_clocks_are_unchanged (tests.test_token_duration_reference.TokenDurationReferenceTests.test_all_public_numeric_stats_damage_and_clocks_are_unchanged) (scenario={'operator': 'mechanist', 'skill': 3, 'elite': 2, 'level': 60, 'module_id': 'uniequip_002_mcnist', 'module_level': 2, 'skill_rank': 10, 'timing_mode': 'frames', 'map_tag': 'main', 'window_seconds': 40, 'relic_ids': ['rogue_6_relic_legacy_134']})
----------------------------------------------------------------------
Traceback (most recent call last):
  File "/workspace/rougezhushou/tests/test_token_duration_reference.py", line 151, in test_all_public_numeric_stats_damage_and_clocks_are_unchanged
    self.assertEqual(actual, baseline)
AssertionError: {'att[14857 chars]认细节见：结构性原理 · 持续参数参考、召唤与协同、当前已解锁天赋资料、结构性原理 · 藏品[6216 chars]]}}}} != {'att[14857 chars]认细节见：召唤与协同、当前已解锁天赋资料、结构性原理 · 藏品属性参考。', '这里新增的原[6055 chars]]}}}}
Diff is 75637 characters long. Set self.maxDiff to None to see it.

======================================================================
FAIL: test_all_public_numeric_stats_damage_and_clocks_are_unchanged (tests.test_token_duration_reference.TokenDurationReferenceTests.test_all_public_numeric_stats_damage_and_clocks_are_unchanged) (scenario={'operator': 'mechanist', 'skill': 3, 'elite': 2, 'level': 60, 'module_id': 'uniequip_002_mcnist', 'module_level': 2, 'skill_rank': 10, 'timing_mode': 'continuous', 'map_tag': 'rogue_6', 'window_seconds': 40, 'relic_ids': ['rogue_6_relic_legacy_134']})
----------------------------------------------------------------------
Traceback (most recent call last):
  File "/workspace/rougezhushou/tests/test_token_duration_reference.py", line 151, in test_all_public_numeric_stats_damage_and_clocks_are_unchanged
    self.assertEqual(actual, baseline)
AssertionError: {'att[10331 chars]认细节见：结构性原理 · 持续参数参考、召唤与协同、当前已解锁天赋资料、结构性原理 · 藏品[6215 chars]]}}}} != {'att[10331 chars]认细节见：召唤与协同、当前已解锁天赋资料、结构性原理 · 藏品属性参考。', '这里新增的原[6055 chars]]}}}}
Diff is 48649 characters long. Set self.maxDiff to None to see it.

======================================================================
FAIL: test_all_public_numeric_stats_damage_and_clocks_are_unchanged (tests.test_token_duration_reference.TokenDurationReferenceTests.test_all_public_numeric_stats_damage_and_clocks_are_unchanged) (scenario={'operator': 'mechanist', 'skill': 3, 'elite': 2, 'level': 60, 'module_id': 'uniequip_002_mcnist', 'module_level': 2, 'skill_rank': 10, 'timing_mode': 'continuous', 'map_tag': 'main', 'window_seconds': 40, 'relic_ids': ['rogue_6_relic_legacy_134']})
----------------------------------------------------------------------
Traceback (most recent call last):
  File "/workspace/rougezhushou/tests/test_token_duration_reference.py", line 151, in test_all_public_numeric_stats_damage_and_clocks_are_unchanged
    self.assertEqual(actual, baseline)
AssertionError: {'att[10331 chars]认细节见：结构性原理 · 持续参数参考、召唤与协同、当前已解锁天赋资料、结构性原理 · 藏品[6215 chars]]}}}} != {'att[10331 chars]认细节见：召唤与协同、当前已解锁天赋资料、结构性原理 · 藏品属性参考。', '这里新增的原[6055 chars]]}}}}
Diff is 48649 characters long. Set self.maxDiff to None to see it.

----------------------------------------------------------------------
Ran 1107 tests in 63.149s

FAILED (failures=52, skipped=1)
{"passed": false, "platform": "Linux", "tests_run": 1107, "skipped": 1, "failures": 52, "errors": 0, "scope": "portable calculation regression; no Windows UI/capture or private state"}
