test_absent_none_and_empty_module_never_load_source_or_add_placeholders (tests.test_selected_module_source_reference.SelectedModuleSourceReferenceTests.test_absent_none_and_empty_module_never_load_source_or_add_placeholders) ... ok
test_all_operator_specific_level_gates_and_preview_defaults_remain_separate (tests.test_selected_module_source_reference.SelectedModuleSourceReferenceTests.test_all_operator_specific_level_gates_and_preview_defaults_remain_separate) ... ok
test_amiya_patch_ownership_preserves_shared_raw_char_id (tests.test_selected_module_source_reference.SelectedModuleSourceReferenceTests.test_amiya_patch_ownership_preserves_shared_raw_char_id) ... ok
test_every_module_stage_is_report_only_and_preserves_existing_full_native (tests.test_selected_module_source_reference.SelectedModuleSourceReferenceTests.test_every_module_stage_is_report_only_and_preserves_existing_full_native) ... ok
test_existing_dedicated_coverage_is_exact_and_linked_by_strings (tests.test_selected_module_source_reference.SelectedModuleSourceReferenceTests.test_existing_dedicated_coverage_is_exact_and_linked_by_strings) ... ok
test_existing_unverified_clock_test_fixture_keeps_phase_rebuild_reports_isolated (tests.test_selected_module_source_reference.SelectedModuleSourceReferenceTests.test_existing_unverified_clock_test_fixture_keeps_phase_rebuild_reports_isolated) ... ok
test_invalid_requests_preserve_original_error_class_args_and_order (tests.test_selected_module_source_reference.SelectedModuleSourceReferenceTests.test_invalid_requests_preserve_original_error_class_args_and_order) ... ok
test_nested_mutations_cannot_reach_catalog_cache_caller_native_or_fresh_report (tests.test_selected_module_source_reference.SelectedModuleSourceReferenceTests.test_nested_mutations_cannot_reach_catalog_cache_caller_native_or_fresh_report) ... ok
test_potential_annotations_do_not_filter_or_mutate_original_candidates (tests.test_selected_module_source_reference.SelectedModuleSourceReferenceTests.test_potential_annotations_do_not_filter_or_mutate_original_candidates) ... ok
test_readable_conditions_preserve_override_spelling_and_no_duplicate_metrics (tests.test_selected_module_source_reference.SelectedModuleSourceReferenceTests.test_readable_conditions_preserve_override_spelling_and_no_duplicate_metrics) ... ok
test_shared_report_rebuilds_keep_deployment_and_window_numeric_results (tests.test_selected_module_source_reference.SelectedModuleSourceReferenceTests.test_shared_report_rebuilds_keep_deployment_and_window_numeric_results) ... ok
test_technical_trace_is_exact_json_and_bypasses_phrase_replacements (tests.test_selected_module_source_reference.SelectedModuleSourceReferenceTests.test_technical_trace_is_exact_json_and_bypasses_phrase_replacements) ... ok
test_token_blackboards_and_hidden_null_fields_are_untouched_original_data (tests.test_selected_module_source_reference.SelectedModuleSourceReferenceTests.test_token_blackboards_and_hidden_null_fields_are_untouched_original_data) ... ok
test_closure_first_skill_growth_is_capped_and_deployment_rebate_is_separate (tests.test_report.AdaptiveReportTests.test_closure_first_skill_growth_is_capped_and_deployment_rebate_is_separate) ... ok
test_ines_fee_counts_attack_events_not_each_damage_type_or_short_window (tests.test_report.AdaptiveReportTests.test_ines_fee_counts_attack_events_not_each_damage_type_or_short_window) ... ok
test_kaltsit_window_healing_stays_distinct_from_full_skill_healing (tests.test_report.AdaptiveReportTests.test_kaltsit_window_healing_stays_distinct_from_full_skill_healing) ... ok
test_myrtle_skill_one_reports_fee_efficiency_without_a_healing_panel (tests.test_report.AdaptiveReportTests.test_myrtle_skill_one_reports_fee_efficiency_without_a_healing_panel) ... ok
test_protection_elements_and_summons_only_appear_where_they_exist (tests.test_report.AdaptiveReportTests.test_protection_elements_and_summons_only_appear_where_they_exist) ... ok
test_silverash_fee_generation_and_deployment_discount_are_different_mechanisms (tests.test_report.AdaptiveReportTests.test_silverash_fee_generation_and_deployment_discount_are_different_mechanisms) ... ok
test_default_level_and_absent_module_keep_existing_meaning (tests.test_module_qualification_notes.ModuleQualificationNotesTests.test_default_level_and_absent_module_keep_existing_meaning) ... ok
test_elite_zero_requested_stage_remains_visible_without_application (tests.test_module_qualification_notes.ModuleQualificationNotesTests.test_elite_zero_requested_stage_remains_visible_without_application) ... ok
test_extended_uses_operator_specific_level_forty_boundary (tests.test_module_qualification_notes.ModuleQualificationNotesTests.test_extended_uses_operator_specific_level_forty_boundary) ... ok
test_invalid_module_still_uses_existing_error_and_catalog_stays_unmodified (tests.test_module_qualification_notes.ModuleQualificationNotesTests.test_invalid_module_still_uses_existing_error_and_catalog_stays_unmodified) ... ok
test_legacy_alias_below_elite_or_level_reports_inactive_module (tests.test_module_qualification_notes.ModuleQualificationNotesTests.test_legacy_alias_below_elite_or_level_reports_inactive_module) ... ok
test_legacy_at_unlock_boundary_preserves_applied_note_and_attributes (tests.test_module_qualification_notes.ModuleQualificationNotesTests.test_legacy_at_unlock_boundary_preserves_applied_note_and_attributes) ... ok
test_all_three_levels_expose_exact_trait_source_and_unknown_actual_condition (tests.test_mei_airborne_module_reference.MeiAirborneModuleReferenceTests.test_all_three_levels_expose_exact_trait_source_and_unknown_actual_condition) ... ok
test_empty_window_and_known_empty_enemy_scope_do_not_become_airborne_claims (tests.test_mei_airborne_module_reference.MeiAirborneModuleReferenceTests.test_empty_window_and_known_empty_enemy_scope_do_not_become_airborne_claims) ... ok
test_no_module_other_owner_and_foreign_parts_cannot_gain_this_reference (tests.test_mei_airborne_module_reference.MeiAirborneModuleReferenceTests.test_no_module_other_owner_and_foreign_parts_cannot_gain_this_reference) ... ok
test_no_target_motion_inference_from_weight_name_or_unrecognized_condition (tests.test_mei_airborne_module_reference.MeiAirborneModuleReferenceTests.test_no_target_motion_inference_from_weight_name_or_unrecognized_condition) ... ok
test_public_training_errors_and_input_catalog_immutability_are_preserved (tests.test_mei_airborne_module_reference.MeiAirborneModuleReferenceTests.test_public_training_errors_and_input_catalog_immutability_are_preserved) ... ok
test_real_module_unlock_and_skill_rank_qualification_stay_separate (tests.test_mei_airborne_module_reference.MeiAirborneModuleReferenceTests.test_real_module_unlock_and_skill_rank_qualification_stay_separate) ... ok
test_report_discloses_unused_parameter_and_unknown_composition (tests.test_mei_airborne_module_reference.MeiAirborneModuleReferenceTests.test_report_discloses_unused_parameter_and_unknown_composition) ... ok
test_trait_parameter_does_not_multiply_existing_skill_damage_or_attack (tests.test_mei_airborne_module_reference.MeiAirborneModuleReferenceTests.test_trait_parameter_does_not_multiply_existing_skill_damage_or_attack) ... ok
test_cammou_all_stages_apply_the_known_120_percent_cap (tests.test_drone_traits.DroneTraitIntegrationTests.test_cammou_all_stages_apply_the_known_120_percent_cap) ... ok
test_no_module_preserves_existing_base_reference (tests.test_drone_traits.DroneTraitIntegrationTests.test_no_module_preserves_existing_base_reference) ... ok
test_report_exposes_parameters_without_claiming_live_clock (tests.test_drone_traits.DroneTraitIntegrationTests.test_report_exposes_parameters_without_claiming_live_clock) ... ok
test_unlock_edges_do_not_apply_early (tests.test_drone_traits.DroneTraitIntegrationTests.test_unlock_edges_do_not_apply_early) ... ok
test_whitw2_all_stages_apply_the_known_35_percent_start (tests.test_drone_traits.DroneTraitIntegrationTests.test_whitw2_all_stages_apply_the_known_35_percent_start) ... ok
test_all_cammou_stages_raise_the_reference_ceiling_to_120_percent (tests.test_drone_traits.DroneTraitTests.test_all_cammou_stages_raise_the_reference_ceiling_to_120_percent) ... ok
test_all_whitw2_stages_start_at_35_percent_with_same_110_percent_ceiling (tests.test_drone_traits.DroneTraitTests.test_all_whitw2_stages_start_at_35_percent_with_same_110_percent_ceiling) ... ok
test_cammou_unlock_is_e2_level_40 (tests.test_drone_traits.DroneTraitTests.test_cammou_unlock_is_e2_level_40) ... ok
test_invalid_stage_does_not_select_last_or_first_stage_by_accident (tests.test_drone_traits.DroneTraitTests.test_invalid_stage_does_not_select_last_or_first_stage_by_accident) ... ok
test_missing_or_unknown_module_parts_keep_base_parameters (tests.test_drone_traits.DroneTraitTests.test_missing_or_unknown_module_parts_keep_base_parameters) ... ok
test_no_module_preserves_the_complete_base_bundle (tests.test_drone_traits.DroneTraitTests.test_no_module_preserves_the_complete_base_bundle) ... ok
test_parts_from_another_operator_cannot_supply_a_trait (tests.test_drone_traits.DroneTraitTests.test_parts_from_another_operator_cannot_supply_a_trait) ... ok
test_potential_does_not_change_the_reviewed_trait_override (tests.test_drone_traits.DroneTraitTests.test_potential_does_not_change_the_reviewed_trait_override) ... ok
test_raw_candidate_cultivation_and_potential_gates_are_independent (tests.test_drone_traits.DroneTraitTests.test_raw_candidate_cultivation_and_potential_gates_are_independent) ... ok
test_selecting_trait_does_not_mutate_catalog_scenario_or_module_talents (tests.test_drone_traits.DroneTraitTests.test_selecting_trait_does_not_mutate_catalog_scenario_or_module_talents) ... ok
test_token_scripted_and_scoped_parts_are_not_direct_overrides (tests.test_drone_traits.DroneTraitTests.test_token_scripted_and_scoped_parts_are_not_direct_overrides) ... ok
test_unreviewed_operator_or_module_never_applies_drone_override (tests.test_drone_traits.DroneTraitTests.test_unreviewed_operator_or_module_never_applies_drone_override) ... ok
test_whitw2_unlock_is_e2_level_60 (tests.test_drone_traits.DroneTraitTests.test_whitw2_unlock_is_e2_level_60) ... ok
test_current_enemy_zero_lifetime_excludes_actual_damage_in_every_phase (tests.test_gnosis_isw_a_reference.GnosisIswAReferenceTests.test_current_enemy_zero_lifetime_excludes_actual_damage_in_every_phase) ... ok
test_existing_sp_and_s1_end_guards_are_preserved (tests.test_gnosis_isw_a_reference.GnosisIswAReferenceTests.test_existing_sp_and_s1_end_guards_are_preserved) ... ok
test_initial_no_cold_does_not_prove_no_future_dot (tests.test_gnosis_isw_a_reference.GnosisIswAReferenceTests.test_initial_no_cold_does_not_prove_no_future_dot) ... ok
test_locked_module_and_other_modules_keep_their_old_boundary (tests.test_gnosis_isw_a_reference.GnosisIswAReferenceTests.test_locked_module_and_other_modules_keep_their_old_boundary) ... ok
test_no_owner_target_or_full_interrupt_does_not_exclude_existing_cold_dot (tests.test_gnosis_isw_a_reference.GnosisIswAReferenceTests.test_no_owner_target_or_full_interrupt_does_not_exclude_existing_cold_dot) ... ok
test_normal_attack_parameter_reference_and_dot_remain_separate (tests.test_gnosis_isw_a_reference.GnosisIswAReferenceTests.test_normal_attack_parameter_reference_and_dot_remain_separate) ... ok
test_original_ice_parameters_and_description_survive_all_module_stages (tests.test_gnosis_isw_a_reference.GnosisIswAReferenceTests.test_original_ice_parameters_and_description_survive_all_module_stages) ... ok
test_per_tick_reference_has_parameters_without_tick_schedule_or_lifecycle (tests.test_gnosis_isw_a_reference.GnosisIswAReferenceTests.test_per_tick_reference_has_parameters_without_tick_schedule_or_lifecycle) ... ok
test_positive_observation_masks_all_qualified_skill_stage_state_modes (tests.test_gnosis_isw_a_reference.GnosisIswAReferenceTests.test_positive_observation_masks_all_qualified_skill_stage_state_modes) ... ok
test_report_exposes_original_description_and_unknown_actual_dot (tests.test_gnosis_isw_a_reference.GnosisIswAReferenceTests.test_report_exposes_original_description_and_unknown_actual_dot) ... ok
test_same_talent_index_has_separate_prefab_records_and_raw_metadata (tests.test_gnosis_isw_a_reference.GnosisIswAReferenceTests.test_same_talent_index_has_separate_prefab_records_and_raw_metadata) ... ok
test_selection_and_calculation_preserve_input_and_catalog (tests.test_gnosis_isw_a_reference.GnosisIswAReferenceTests.test_selection_and_calculation_preserve_input_and_catalog) ... ok
test_stage_three_growth_fields_remain_source_parameters (tests.test_gnosis_isw_a_reference.GnosisIswAReferenceTests.test_stage_three_growth_fields_remain_source_parameters) ... ok
test_unrefereed_prefab_is_not_claimed_as_reviewed_identity (tests.test_gnosis_isw_a_reference.GnosisIswAReferenceTests.test_unrefereed_prefab_is_not_claimed_as_reviewed_identity) ... ok
test_zero_window_has_zero_observed_damage_without_actual_tick_claim (tests.test_gnosis_isw_a_reference.GnosisIswAReferenceTests.test_zero_window_has_zero_observed_damage_without_actual_tick_claim) ... ok
test_current_target_exclusion_does_not_establish_no_module_recovery (tests.test_mizuki_amb_y_reference.MizukiAmbYReferenceTests.test_current_target_exclusion_does_not_establish_no_module_recovery) ... ok
test_healing_relic_multipliers_preserve_unknown_and_observed_zero (tests.test_mizuki_amb_y_reference.MizukiAmbYReferenceTests.test_healing_relic_multipliers_preserve_unknown_and_observed_zero) ... ok
test_hidden_fields_are_separate_from_visible_original_identity (tests.test_mizuki_amb_y_reference.MizukiAmbYReferenceTests.test_hidden_fields_are_separate_from_visible_original_identity) ... ok
test_normal_recharge_keeps_five_hundred_conditional_reference (tests.test_mizuki_amb_y_reference.MizukiAmbYReferenceTests.test_normal_recharge_keeps_five_hundred_conditional_reference) ... ok
test_other_modules_and_below_elite_unlock_have_no_new_boundary (tests.test_mizuki_amb_y_reference.MizukiAmbYReferenceTests.test_other_modules_and_below_elite_unlock_have_no_new_boundary) ... ok
test_public_eighteen_case_boundary_preserves_skill_reference (tests.test_mizuki_amb_y_reference.MizukiAmbYReferenceTests.test_public_eighteen_case_boundary_preserves_skill_reference) ... ok
test_public_selection_and_calculation_do_not_mutate_input_or_catalog (tests.test_mizuki_amb_y_reference.MizukiAmbYReferenceTests.test_public_selection_and_calculation_do_not_mutate_input_or_catalog) ... ok
test_recovery_has_no_scheduled_component_or_numerical_actual_total (tests.test_mizuki_amb_y_reference.MizukiAmbYReferenceTests.test_recovery_has_no_scheduled_component_or_numerical_actual_total) ... ok
test_report_names_the_reference_and_unknown_recovery (tests.test_mizuki_amb_y_reference.MizukiAmbYReferenceTests.test_report_names_the_reference_and_unknown_recovery) ... ok
test_s1_actual_end_and_cycle_guards_are_preserved (tests.test_mizuki_amb_y_reference.MizukiAmbYReferenceTests.test_s1_actual_end_and_cycle_guards_are_preserved) ... ok
test_s2_s3_mask_arts_across_cast_window_and_cycle (tests.test_mizuki_amb_y_reference.MizukiAmbYReferenceTests.test_s2_s3_mask_arts_across_cast_window_and_cycle) ... ok
test_unreviewed_hidden_prefab_is_not_merged (tests.test_mizuki_amb_y_reference.MizukiAmbYReferenceTests.test_unreviewed_hidden_prefab_is_not_merged) ... ok
test_visible_second_talent_upgrade_and_potential_gates_remain_applied (tests.test_mizuki_amb_y_reference.MizukiAmbYReferenceTests.test_visible_second_talent_upgrade_and_potential_gates_remain_applied) ... ok
test_zero_observation_keeps_zero_damage_and_healing (tests.test_mizuki_amb_y_reference.MizukiAmbYReferenceTests.test_zero_observation_keeps_zero_damage_and_healing) ... ok
test_all_module_stages_double_s1_and_s3_potential_reference (tests.test_haruka_healing_targets.HarukaHealingTargetsTests.test_all_module_stages_double_s1_and_s3_potential_reference) ... ok
test_bubble_and_levitate_references_preserve_independent_parameters (tests.test_haruka_healing_targets.HarukaHealingTargetsTests.test_bubble_and_levitate_references_preserve_independent_parameters) ... ok
test_empty_enemy_does_not_cancel_independent_third_healing_source (tests.test_haruka_healing_targets.HarukaHealingTargetsTests.test_empty_enemy_does_not_cancel_independent_third_healing_source) ... ok
test_healing_factor_applies_once_to_known_two_reference (tests.test_haruka_healing_targets.HarukaHealingTargetsTests.test_healing_factor_applies_once_to_known_two_reference) ... ok
test_metadata_and_report_keep_native_acquisition_unknown (tests.test_haruka_healing_targets.HarukaHealingTargetsTests.test_metadata_and_report_keep_native_acquisition_unknown) ... ok
test_owner_empty_range_does_not_prove_extra_friend_acquisition_absent (tests.test_haruka_healing_targets.HarukaHealingTargetsTests.test_owner_empty_range_does_not_prove_extra_friend_acquisition_absent) ... ok
test_repeat_third_source_keeps_full_cast_and_cycle_unknown (tests.test_haruka_healing_targets.HarukaHealingTargetsTests.test_repeat_third_source_keeps_full_cast_and_cycle_unknown) ... ok
test_s2_all_ranks_follow_actual_add_parameter_without_module (tests.test_haruka_healing_targets.HarukaHealingTargetsTests.test_s2_all_ranks_follow_actual_add_parameter_without_module) ... ok
test_s2_module_base_and_rank_add_remain_separate_sources (tests.test_haruka_healing_targets.HarukaHealingTargetsTests.test_s2_module_base_and_rank_add_remain_separate_sources) ... ok
test_shared_reference_input_limit_obeys_skill_rank_and_module_gate (tests.test_haruka_healing_targets.HarukaHealingTargetsTests.test_shared_reference_input_limit_obeys_skill_rank_and_module_gate) ... ok
test_third_recipient_is_unplaced_and_keeps_two_recipient_subtotals (tests.test_haruka_healing_targets.HarukaHealingTargetsTests.test_third_recipient_is_unplaced_and_keeps_two_recipient_subtotals) ... ok
test_unlock_boundary_and_absent_module_do_not_apply_trait_two (tests.test_haruka_healing_targets.HarukaHealingTargetsTests.test_unlock_boundary_and_absent_module_do_not_apply_trait_two) ... ok
test_zero_declaration_and_zero_window_keep_zero_output (tests.test_haruka_healing_targets.HarukaHealingTargetsTests.test_zero_declaration_and_zero_window_keep_zero_output) ... ok
test_actual_selected_talent_is_e2_only_for_all_potentials (tests.test_haruka_bubble_talent_qualification.HarukaBubbleTalentQualificationTests.test_actual_selected_talent_is_e2_only_for_all_potentials) ... ok
test_e0_e1_s1_positive_bursts_preserve_ordinary_healing (tests.test_haruka_bubble_talent_qualification.HarukaBubbleTalentQualificationTests.test_e0_e1_s1_positive_bursts_preserve_ordinary_healing) ... ok
test_e1_s2_restores_body_healing_and_its_existing_damage (tests.test_haruka_bubble_talent_qualification.HarukaBubbleTalentQualificationTests.test_e1_s2_restores_body_healing_and_its_existing_damage) ... ok
test_e2_existing_bubble_and_dependent_damage_clocks_remain_unknown (tests.test_haruka_bubble_talent_qualification.HarukaBubbleTalentQualificationTests.test_e2_existing_bubble_and_dependent_damage_clocks_remain_unknown) ... ok
test_inputs_catalog_and_zero_count_float_reference_are_preserved (tests.test_haruka_bubble_talent_qualification.HarukaBubbleTalentQualificationTests.test_inputs_catalog_and_zero_count_float_reference_are_preserved) ... ok
test_locked_results_match_full_zero_count_control_except_retained_declaration (tests.test_haruka_bubble_talent_qualification.HarukaBubbleTalentQualificationTests.test_locked_results_match_full_zero_count_control_except_retained_declaration) ... ok
test_raw_burst_validation_and_prior_qualification_error_order_are_preserved (tests.test_haruka_bubble_talent_qualification.HarukaBubbleTalentQualificationTests.test_raw_burst_validation_and_prior_qualification_error_order_are_preserved) ... ok
test_report_keeps_bubble_declaration_and_explains_talent_exclusion (tests.test_haruka_bubble_talent_qualification.HarukaBubbleTalentQualificationTests.test_report_keeps_bubble_declaration_and_explains_talent_exclusion) ... ok
test_all_skills_and_ranks_use_same_token_cultivation (tests.test_summon_modules_038.SummonModuleTests.test_all_skills_and_ranks_use_same_token_cultivation) ... ok
test_all_stages_have_documented_cost_stock_and_hp (tests.test_summon_modules_038.SummonModuleTests.test_all_stages_have_documented_cost_stock_and_hp) ... ok
test_calculation_keeps_input_and_cached_rules_isolated (tests.test_summon_modules_038.SummonModuleTests.test_calculation_keeps_input_and_cached_rules_isolated) ... ok
test_engine_and_reporting_share_independent_token_profile (tests.test_summon_modules_038.SummonModuleTests.test_engine_and_reporting_share_independent_token_profile) ... ok
test_fixed_regeneration_and_s1_remain_independent_of_hp (tests.test_summon_modules_038.SummonModuleTests.test_fixed_regeneration_and_s1_remain_independent_of_hp) ... ok
test_held_limit_does_not_automatically_multiply_output (tests.test_summon_modules_038.SummonModuleTests.test_held_limit_does_not_automatically_multiply_output) ... ok
test_module_poem_composite_hp_uses_verified_talent_layer (tests.test_summon_modules_038.SummonModuleTests.test_module_poem_composite_hp_uses_verified_talent_layer) ... ok
test_no_module_does_not_create_module_panel (tests.test_summon_modules_038.SummonModuleTests.test_no_module_does_not_create_module_panel) ... ok
test_owner_module_attack_does_not_leak_to_tentacle (tests.test_summon_modules_038.SummonModuleTests.test_owner_module_attack_does_not_leak_to_tentacle) ... ok
test_owner_trust_and_potential_do_not_change_token_stats (tests.test_summon_modules_038.SummonModuleTests.test_owner_trust_and_potential_do_not_change_token_stats) ... ok
test_percentage_regeneration_uses_known_module_hp (tests.test_summon_modules_038.SummonModuleTests.test_percentage_regeneration_uses_known_module_hp) ... ok
test_squad_hp_requires_verified_effect_before_module_composition (tests.test_summon_modules_038.SummonModuleTests.test_squad_hp_requires_verified_effect_before_module_composition) ... ok
test_stage_one_and_poem_have_known_hp_and_cost (tests.test_summon_modules_038.SummonModuleTests.test_stage_one_and_poem_have_known_hp_and_cost) ... ok
test_unlock_boundary_uses_actual_elite_and_level (tests.test_summon_modules_038.SummonModuleTests.test_unlock_boundary_uses_actual_elite_and_level) ... ok
test_unpromoted_run_does_not_apply_account_module (tests.test_summon_modules_038.SummonModuleTests.test_unpromoted_run_does_not_apply_account_module) ... ok
test_verified_composite_hp_supplies_percentage_regeneration (tests.test_summon_modules_038.SummonModuleTests.test_verified_composite_hp_supplies_percentage_regeneration) ... ok
test_verified_module_cap_is_separate_from_global_deployment_slots (tests.test_summon_modules_038.SummonModuleTests.test_verified_module_cap_is_separate_from_global_deployment_slots) ... ok
test_zero_selected_tokens_produce_no_token_damage (tests.test_summon_modules_038.SummonModuleTests.test_zero_selected_tokens_produce_no_token_damage) ... ok
test_all_module_stages_and_skills_allow_seven_selected_tokens (tests.test_summon_limits_069.SummonLimitTests.test_all_module_stages_and_skills_allow_seven_selected_tokens) ... ok
test_default_is_one_and_explicit_zero_removes_only_token_output (tests.test_summon_limits_069.SummonLimitTests.test_default_is_one_and_explicit_zero_removes_only_token_output) ... ok
test_invalid_counts_are_rejected_at_public_entry (tests.test_summon_limits_069.SummonLimitTests.test_invalid_counts_are_rejected_at_public_entry) ... ok
test_inventory_alone_never_determines_concurrent_cap (tests.test_summon_limits_069.SummonLimitTests.test_inventory_alone_never_determines_concurrent_cap) ... ok
test_module_unlock_level_changes_cap_without_changing_elite (tests.test_summon_limits_069.SummonLimitTests.test_module_unlock_level_changes_cap_without_changing_elite) ... ok
test_no_module_cap_follows_actual_elite_stage (tests.test_summon_limits_069.SummonLimitTests.test_no_module_cap_follows_actual_elite_stage) ... ok
test_report_separates_selected_count_from_verified_cap_and_slots (tests.test_summon_limits_069.SummonLimitTests.test_report_separates_selected_count_from_verified_cap_and_slots) ... ok
test_seven_token_relic_outputs_keep_per_token_hp_and_regeneration (tests.test_summon_limits_069.SummonLimitTests.test_seven_token_relic_outputs_keep_per_token_hp_and_regeneration) ... ok
test_unpromoted_run_cannot_use_account_module_capacity (tests.test_summon_limits_069.SummonLimitTests.test_unpromoted_run_cannot_use_account_module_capacity) ... ok
test_all_skills_and_ranks_share_the_same_cultivation_reference (tests.test_wang_token_module_reference.WangTokenModuleReferenceTests.test_all_skills_and_ranks_share_the_same_cultivation_reference) ... ok
test_all_unlocked_stages_reduce_only_token_cultivation_cost (tests.test_wang_token_module_reference.WangTokenModuleReferenceTests.test_all_unlocked_stages_reduce_only_token_cultivation_cost) ... ok
test_cached_reference_and_input_are_isolated (tests.test_wang_token_module_reference.WangTokenModuleReferenceTests.test_cached_reference_and_input_are_isolated) ... ok
test_exact_operator_module_and_token_pair_does_not_leak (tests.test_wang_token_module_reference.WangTokenModuleReferenceTests.test_exact_operator_module_and_token_pair_does_not_leak) ... ok
test_locked_module_alone_does_not_create_a_panel (tests.test_wang_token_module_reference.WangTokenModuleReferenceTests.test_locked_module_alone_does_not_create_a_panel) ... ok
test_module_unlock_boundary_and_absent_module_keep_three_cost (tests.test_wang_token_module_reference.WangTokenModuleReferenceTests.test_module_unlock_boundary_and_absent_module_keep_three_cost) ... ok
test_no_relic_still_exposes_the_known_module_cost_panel (tests.test_wang_token_module_reference.WangTokenModuleReferenceTests.test_no_relic_still_exposes_the_known_module_cost_panel) ... ok
test_owner_potential_trust_and_module_attack_do_not_change_token_stats (tests.test_wang_token_module_reference.WangTokenModuleReferenceTests.test_owner_potential_trust_and_module_attack_do_not_change_token_stats) ... ok
test_persisted_parameter_is_pinned_and_keeps_exact_source_selectors (tests.test_wang_token_module_reference.WangTokenModuleReferenceTests.test_persisted_parameter_is_pinned_and_keeps_exact_source_selectors) ... ok
test_reference_does_not_bind_deployment_limits_lifecycle_or_damage (tests.test_wang_token_module_reference.WangTokenModuleReferenceTests.test_reference_does_not_bind_deployment_limits_lifecycle_or_damage) ... ok
test_relic_cost_and_regeneration_keep_existing_independent_effects (tests.test_wang_token_module_reference.WangTokenModuleReferenceTests.test_relic_cost_and_regeneration_keep_existing_independent_effects) ... ok
test_shared_api_and_public_result_have_identical_module_cost (tests.test_wang_token_module_reference.WangTokenModuleReferenceTests.test_shared_api_and_public_result_have_identical_module_cost) ... ok
test_accepted_healing_factor_keeps_known_sources_and_opening_reference_synchronized (tests.test_amiya_module_healing_trait.AmiyaModuleHealingTraitTests.test_accepted_healing_factor_keeps_known_sources_and_opening_reference_synchronized) ... ok
test_all_three_stages_replace_the_same_ratio_at_exact_unlock (tests.test_amiya_module_healing_trait.AmiyaModuleHealingTraitTests.test_all_three_stages_replace_the_same_ratio_at_exact_unlock) ... ok
test_inactive_cultivation_retains_half_ratio_and_absent_module_components (tests.test_amiya_module_healing_trait.AmiyaModuleHealingTraitTests.test_inactive_cultivation_retains_half_ratio_and_absent_module_components) ... ok
test_invalid_module_and_level_zero_contracts_remain (tests.test_amiya_module_healing_trait.AmiyaModuleHealingTraitTests.test_invalid_module_and_level_zero_contracts_remain) ... ok
test_mathematical_exclusions_and_finite_positive_unknowns_survive (tests.test_amiya_module_healing_trait.AmiyaModuleHealingTraitTests.test_mathematical_exclusions_and_finite_positive_unknowns_survive) ... ok
test_recharge_normal_attacks_use_the_same_sixty_percent_trait (tests.test_amiya_module_healing_trait.AmiyaModuleHealingTraitTests.test_recharge_normal_attacks_use_the_same_sixty_percent_trait) ... ok
test_resistance_and_damage_modifier_settle_before_linked_healing (tests.test_amiya_module_healing_trait.AmiyaModuleHealingTraitTests.test_resistance_and_damage_modifier_settle_before_linked_healing) ... ok
test_s1_extra_skill_heal_is_separate_and_public_data_is_immutable (tests.test_amiya_module_healing_trait.AmiyaModuleHealingTraitTests.test_s1_extra_skill_heal_is_separate_and_public_data_is_immutable) ... ok
test_s2_opening_reference_and_known_sources_use_ratio_without_closing_unknown (tests.test_amiya_module_healing_trait.AmiyaModuleHealingTraitTests.test_s2_opening_reference_and_known_sources_use_ratio_without_closing_unknown) ... ok
test_e0_s1_excludes_regeneration_without_changing_skill_duration_or_body (tests.test_amiya_regeneration_talent_qualification.AmiyaRegenerationTalentQualificationTests.test_e0_s1_excludes_regeneration_without_changing_skill_duration_or_body) ... ok
test_e1_e2_zero_attack_does_not_suppress_selected_regeneration (tests.test_amiya_regeneration_talent_qualification.AmiyaRegenerationTalentQualificationTests.test_e1_e2_zero_attack_does_not_suppress_selected_regeneration) ... ok
test_inputs_catalog_and_other_amiya_forms_are_unchanged (tests.test_amiya_regeneration_talent_qualification.AmiyaRegenerationTalentQualificationTests.test_inputs_catalog_and_other_amiya_forms_are_unchanged) ... ok
test_medical_profile_selected_talent_starts_at_e1 (tests.test_amiya_regeneration_talent_qualification.AmiyaRegenerationTalentQualificationTests.test_medical_profile_selected_talent_starts_at_e1) ... ok
test_module_does_not_unlock_talent_early_and_preserves_eligible_stages (tests.test_amiya_regeneration_talent_qualification.AmiyaRegenerationTalentQualificationTests.test_module_does_not_unlock_talent_early_and_preserves_eligible_stages) ... ok
test_older_skill_and_option_errors_are_not_bypassed (tests.test_amiya_regeneration_talent_qualification.AmiyaRegenerationTalentQualificationTests.test_older_skill_and_option_errors_are_not_bypassed) ... ok
test_selected_s2_regeneration_end_clock_remains_unknown_at_empty_enemy (tests.test_amiya_regeneration_talent_qualification.AmiyaRegenerationTalentQualificationTests.test_selected_s2_regeneration_end_clock_remains_unknown_at_empty_enemy) ... ok
test_zero_observation_still_excludes_full_skill_regeneration_reference (tests.test_amiya_regeneration_talent_qualification.AmiyaRegenerationTalentQualificationTests.test_zero_observation_still_excludes_full_skill_regeneration_reference) ... ok

----------------------------------------------------------------------
Ran 157 tests in 3.816s

OK
