{"completed": 1, "case": "healthy-mode-missing-source-missing"}
{"completed": 2, "case": "healthy-mode-normal"}
{"completed": 3, "case": "healthy-modeDifficulty-zero"}
{"completed": 4, "case": "healthy-both-normal-fifteen"}
{"completed": 5, "case": "healthy-source-empty"}
{"completed": 6, "case": "healthy-source-whitespace"}
{"completed": 7, "case": "healthy-source-text"}
{"completed": 8, "case": "healthy-target-zero"}
{"completed": 9, "case": "healthy-target-one"}
{"completed": 10, "case": "bad-mode-month-team"}
{"completed": 11, "case": "bad-modeDifficulty-month-team"}
{"completed": 12, "case": "bad-mode-conflicting"}
{"completed": 13, "case": "bad-mode-null"}
{"completed": 14, "case": "bad-mode-list"}
{"completed": 15, "case": "bad-grade-bool"}
{"completed": 16, "case": "bad-grade-float"}
{"completed": 17, "case": "bad-grade-text"}
{"completed": 18, "case": "bad-grade-list"}
{"completed": 19, "case": "bad-source-null"}
{"completed": 20, "case": "bad-source-list"}
{"completed": 21, "case": "bad-source-number"}
{"completed": 22, "case": "bad-source-map"}
{"completed": 23, "case": "bad-source-bool"}
{"passed": true, "windows": 23, "native_records": 343, "elapsed_seconds": 222.7759980000119}
X connection to :102 broken (explicit kill or server shutdown).
