test_declared_linear_damage_is_retained_without_inventing_collision (tests.test_charge_reference.ChargeReferenceTests.test_declared_linear_damage_is_retained_without_inventing_collision) ... ok
test_known_bombard_and_recharge_subtotals_match_zero_charge (tests.test_charge_reference.ChargeReferenceTests.test_known_bombard_and_recharge_subtotals_match_zero_charge) ... ok
test_late_projectiles_stay_separate_from_charge_reference (tests.test_charge_reference.ChargeReferenceTests.test_late_projectiles_stay_separate_from_charge_reference) ... ok
test_no_charge_preserves_complete_result (tests.test_charge_reference.ChargeReferenceTests.test_no_charge_preserves_complete_result) ... ok
test_report_distinguishes_declared_damage_from_collision_clock (tests.test_charge_reference.ChargeReferenceTests.test_report_distinguishes_declared_damage_from_collision_clock) ... ok
test_window_count_does_not_establish_cast_phase_or_cycle (tests.test_charge_reference.ChargeReferenceTests.test_window_count_does_not_establish_cast_phase_or_cycle) ... ok
test_zero_window_rejects_contradictory_hit_count (tests.test_charge_reference.ChargeReferenceTests.test_zero_window_rejects_contradictory_hit_count) ... ok
test_already_validated_decimal_counts_preserve_legacy_numeric_equivalence (tests.test_shield_break_reference.ShieldBreakReferenceTests.test_already_validated_decimal_counts_preserve_legacy_numeric_equivalence) ... ok
test_ammunition_is_a_parameter_not_a_cap_or_schedule_for_both_sources (tests.test_shield_break_reference.ShieldBreakReferenceTests.test_ammunition_is_a_parameter_not_a_cap_or_schedule_for_both_sources) ... ok
test_empty_owner_range_does_not_locate_independent_structure_explosion (tests.test_shield_break_reference.ShieldBreakReferenceTests.test_empty_owner_range_does_not_locate_independent_structure_explosion) ... ok
test_enemy_zero_lifetime_keeps_condition_and_zero_actual_damage (tests.test_shield_break_reference.ShieldBreakReferenceTests.test_enemy_zero_lifetime_keeps_condition_and_zero_actual_damage) ... ok
test_explicit_short_window_does_not_add_new_ordinary_clock (tests.test_shield_break_reference.ShieldBreakReferenceTests.test_explicit_short_window_does_not_add_new_ordinary_clock) ... ok
test_healing_relic_does_not_scale_magic_condition_or_ordinary_subtotal (tests.test_shield_break_reference.ShieldBreakReferenceTests.test_healing_relic_does_not_scale_magic_condition_or_ordinary_subtotal) ... ok
test_manual_end_preserves_old_ordinary_cast_phase_and_cycle_subtotals (tests.test_shield_break_reference.ShieldBreakReferenceTests.test_manual_end_preserves_old_ordinary_cast_phase_and_cycle_subtotals) ... ok
test_numeric_string_zero_observation_and_lifetime_match_normalized_zero (tests.test_shield_break_reference.ShieldBreakReferenceTests.test_numeric_string_zero_observation_and_lifetime_match_normalized_zero) ... ok
test_positive_observation_is_unknown_without_a_synthetic_event (tests.test_shield_break_reference.ShieldBreakReferenceTests.test_positive_observation_is_unknown_without_a_synthetic_event) ... ok
test_public_first_damage_relic_stays_reference_only_and_keeps_zero_values (tests.test_shield_break_reference.ShieldBreakReferenceTests.test_public_first_damage_relic_stays_reference_only_and_keeps_zero_values) ... ok
test_public_input_remains_unchanged_and_other_skills_have_no_new_reference (tests.test_shield_break_reference.ShieldBreakReferenceTests.test_public_input_remains_unchanged_and_other_skills_have_no_new_reference) ... ok
test_report_distinguishes_condition_actual_unknown_and_ordinary_subtotal (tests.test_shield_break_reference.ShieldBreakReferenceTests.test_report_distinguishes_condition_actual_unknown_and_ordinary_subtotal) ... ok
test_resistance_and_supported_effects_stay_in_conditional_per_hit (tests.test_shield_break_reference.ShieldBreakReferenceTests.test_resistance_and_supported_effects_stay_in_conditional_per_hit) ... ok
test_zero_break_count_keeps_ordinary_numerical_reference (tests.test_shield_break_reference.ShieldBreakReferenceTests.test_zero_break_count_keeps_ordinary_numerical_reference) ... ok
test_zero_observation_excludes_actual_hit_and_keeps_isolated_amount (tests.test_shield_break_reference.ShieldBreakReferenceTests.test_zero_observation_excludes_actual_hit_and_keeps_isolated_amount) ... ok
test_enemy_supply_windows_do_not_remove_friendly_healing (tests.test_myrtle_healing_targets.MyrtleHealingTargetsTests.test_enemy_supply_windows_do_not_remove_friendly_healing) ... ok
test_no_healing_recipients_do_not_change_fee_or_resource_clock (tests.test_myrtle_healing_targets.MyrtleHealingTargetsTests.test_no_healing_recipients_do_not_change_fee_or_resource_clock) ... ok
test_one_recipient_preserves_independent_eight_thousand_reference (tests.test_myrtle_healing_targets.MyrtleHealingTargetsTests.test_one_recipient_preserves_independent_eight_thousand_reference) ... ok
test_partial_window_caps_recipient_count_at_one (tests.test_myrtle_healing_targets.MyrtleHealingTargetsTests.test_partial_window_caps_recipient_count_at_one) ... ok
test_report_discloses_one_friendly_target_limit (tests.test_myrtle_healing_targets.MyrtleHealingTargetsTests.test_report_discloses_one_friendly_target_limit) ... ok
test_zero_recipients_have_no_skill_healing_in_both_references (tests.test_myrtle_healing_targets.MyrtleHealingTargetsTests.test_zero_recipients_have_no_skill_healing_in_both_references) ... ok
test_attributes_reject_boolean_cultivation (tests.test_training_input_types.TrainingInputTypesTests.test_attributes_reject_boolean_cultivation) ... ok
test_calculation_rejects_booleans_before_both_engines (tests.test_training_input_types.TrainingInputTypesTests.test_calculation_rejects_booleans_before_both_engines) ... ok
test_existing_skill_boolean_rejection_and_catalog_isolation (tests.test_training_input_types.TrainingInputTypesTests.test_existing_skill_boolean_rejection_and_catalog_isolation) ... ok
test_module_stage_remains_ignored_without_module_identity (tests.test_training_input_types.TrainingInputTypesTests.test_module_stage_remains_ignored_without_module_identity) ... ok
test_non_boolean_types_keep_existing_errors (tests.test_training_input_types.TrainingInputTypesTests.test_non_boolean_types_keep_existing_errors) ... ok
test_valid_integer_boundaries_and_level_default (tests.test_training_input_types.TrainingInputTypesTests.test_valid_integer_boundaries_and_level_default) ... ok
test_full_phase_and_cycle_preserve_existing_scalar_arithmetic (tests.test_healing_subtotal_scaling.HealingSubtotalScalingTests.test_full_phase_and_cycle_preserve_existing_scalar_arithmetic) ... ok
test_known_body_matches_healing_component_after_each_accepted_relic (tests.test_healing_subtotal_scaling.HealingSubtotalScalingTests.test_known_body_matches_healing_component_after_each_accepted_relic) ... ok
test_known_zero_and_empty_observation_remain_numerical_zero (tests.test_healing_subtotal_scaling.HealingSubtotalScalingTests.test_known_zero_and_empty_observation_remain_numerical_zero) ... ok
test_public_report_prints_scaled_subtotal_and_unknown_total (tests.test_healing_subtotal_scaling.HealingSubtotalScalingTests.test_public_report_prints_scaled_subtotal_and_unknown_total) ... ok
test_regular_healing_without_pending_events_retains_output (tests.test_healing_subtotal_scaling.HealingSubtotalScalingTests.test_regular_healing_without_pending_events_retains_output) ... ok
test_repeat_cast_does_not_turn_unknown_full_subtotal_into_number (tests.test_healing_subtotal_scaling.HealingSubtotalScalingTests.test_repeat_cast_does_not_turn_unknown_full_subtotal_into_number) ... ok

----------------------------------------------------------------------
Ran 40 tests in 0.729s

OK
