test_closure_first_skill_growth_is_capped_and_deployment_rebate_is_separate (test_report.AdaptiveReportTests.test_closure_first_skill_growth_is_capped_and_deployment_rebate_is_separate) ... ok
test_ines_fee_counts_attack_events_not_each_damage_type_or_short_window (test_report.AdaptiveReportTests.test_ines_fee_counts_attack_events_not_each_damage_type_or_short_window) ... ok
test_kaltsit_window_healing_stays_distinct_from_full_skill_healing (test_report.AdaptiveReportTests.test_kaltsit_window_healing_stays_distinct_from_full_skill_healing) ... ok
test_myrtle_skill_one_reports_fee_efficiency_without_a_healing_panel (test_report.AdaptiveReportTests.test_myrtle_skill_one_reports_fee_efficiency_without_a_healing_panel) ... ok
test_protection_elements_and_summons_only_appear_where_they_exist (test_report.AdaptiveReportTests.test_protection_elements_and_summons_only_appear_where_they_exist) ... ok
test_silverash_fee_generation_and_deployment_discount_are_different_mechanisms (test_report.AdaptiveReportTests.test_silverash_fee_generation_and_deployment_discount_are_different_mechanisms) ... ok
test_actual_ui_scenario_shape_and_report_toggles_keep_warning (test_friendly_scope_report.FriendlyScopeReportTests.test_actual_ui_scenario_shape_and_report_toggles_keep_warning) ... ok
test_both_modes_keep_semantic_scope_warning (test_friendly_scope_report.FriendlyScopeReportTests.test_both_modes_keep_semantic_scope_warning) ... ok
test_continuous_does_not_gain_frame_claims (test_friendly_scope_report.FriendlyScopeReportTests.test_continuous_does_not_gain_frame_claims) ... ok
test_empty_enemy_windows_preserve_same_scope_warning (test_friendly_scope_report.FriendlyScopeReportTests.test_empty_enemy_windows_preserve_same_scope_warning) ... ok
test_hostile_attack_triggered_healing_does_not_gain_friendly_scope (test_friendly_scope_report.FriendlyScopeReportTests.test_hostile_attack_triggered_healing_does_not_gain_friendly_scope) ... ok
test_zero_recipient_warning_does_not_create_healing (test_friendly_scope_report.FriendlyScopeReportTests.test_zero_recipient_warning_does_not_create_healing) ... ok
test_amiya_attack_sp_talent_does_not_generate_sp_during_initial_idle (test_timing.FrameTimingTests.test_amiya_attack_sp_talent_does_not_generate_sp_during_initial_idle) ... ok
test_ammo_waits_for_targets_and_does_not_gain_more_ammo_from_attack_speed (test_timing.FrameTimingTests.test_ammo_waits_for_targets_and_does_not_gain_more_ammo_from_attack_speed) ... ok
test_attack_recharge_initial_delay_follows_attacks_and_initial_target_gaps (test_timing.FrameTimingTests.test_attack_recharge_initial_delay_follows_attacks_and_initial_target_gaps) ... ok
test_cast_damage_and_cycle_damage_place_projectile_impacts_on_their_actual_clock (test_timing.FrameTimingTests.test_cast_damage_and_cycle_damage_place_projectile_impacts_on_their_actual_clock) ... ok
test_first_release_is_windup_not_one_entire_attack_interval (test_timing.FrameTimingTests.test_first_release_is_windup_not_one_entire_attack_interval) ... ok
test_frame_rounding_and_target_gaps_use_reacquisition_not_damage_discount (test_timing.FrameTimingTests.test_frame_rounding_and_target_gaps_use_reacquisition_not_damage_discount) ... ok
test_gnosis_short_window_excludes_skill_end_detonation (test_timing.FrameTimingTests.test_gnosis_short_window_excludes_skill_end_detonation) ... ok
test_healing_projectiles_are_cast_attribution_but_not_in_window_or_cycle (test_timing.FrameTimingTests.test_healing_projectiles_are_cast_attribution_but_not_in_window_or_cycle) ... ok
test_mechanist_burst_landing_delay_and_pellet_spacing_clip_short_window (test_timing.FrameTimingTests.test_mechanist_burst_landing_delay_and_pellet_spacing_clip_short_window) ... ok
test_mechanist_shield_skill_normal_attacks_use_the_same_frame_clock (test_timing.FrameTimingTests.test_mechanist_shield_skill_normal_attacks_use_the_same_frame_clock) ... ok
test_mixed_sp_ignores_attack_credits_inside_post_skill_sp_lockout (test_timing.FrameTimingTests.test_mixed_sp_ignores_attack_credits_inside_post_skill_sp_lockout) ... ok
test_moving_during_windup_cancels_release_but_not_an_already_fired_projectile (test_timing.FrameTimingTests.test_moving_during_windup_cancels_release_but_not_an_already_fired_projectile) ... ok
test_next_attack_skill_ends_after_release_and_keeps_normal_cadence (test_timing.FrameTimingTests.test_next_attack_skill_ends_after_release_and_keeps_normal_cadence) ... ok
test_sp_lockout_and_animation_lock_overlap_instead_of_being_added_twice (test_timing.FrameTimingTests.test_sp_lockout_and_animation_lock_overlap_instead_of_being_added_twice) ... ok
test_no_end_freeze_preserves_body_only_case (test_gnosis_target_lifetime.GnosisTargetLifetimeTests.test_no_end_freeze_preserves_body_only_case) ... ok
test_persistent_target_retains_conditional_terminal_reference (test_gnosis_target_lifetime.GnosisTargetLifetimeTests.test_persistent_target_retains_conditional_terminal_reference) ... ok
test_range_exit_is_not_assumed_to_remove_frozen_terminal_source (test_gnosis_target_lifetime.GnosisTargetLifetimeTests.test_range_exit_is_not_assumed_to_remove_frozen_terminal_source) ... ok
test_report_discloses_terminal_clock_boundary (test_gnosis_target_lifetime.GnosisTargetLifetimeTests.test_report_discloses_terminal_clock_boundary) ... ok
test_s2_available_source_keeps_independent_damage (test_gnosis_target_lifetime.GnosisTargetLifetimeTests.test_s2_available_source_keeps_independent_damage) ... ok
test_s2_requires_a_target_at_instant_reference (test_gnosis_target_lifetime.GnosisTargetLifetimeTests.test_s2_requires_a_target_at_instant_reference) ... ok
test_s2_zero_window_has_no_observed_damage (test_gnosis_target_lifetime.GnosisTargetLifetimeTests.test_s2_zero_window_has_no_observed_damage) ... ok
test_same_end_frame_disappearance_remains_unknown (test_gnosis_target_lifetime.GnosisTargetLifetimeTests.test_same_end_frame_disappearance_remains_unknown) ... ok
test_same_frame_disappearance_keeps_earlier_window_known (test_gnosis_target_lifetime.GnosisTargetLifetimeTests.test_same_frame_disappearance_keeps_earlier_window_known) ... ok
test_target_disappearing_before_end_cannot_receive_terminal_hit (test_gnosis_target_lifetime.GnosisTargetLifetimeTests.test_target_disappearing_before_end_cannot_receive_terminal_hit) ... ok
test_all_explicit_positive_lifetimes_keep_actual_damage_and_cycle_unknown (test_amiya_continuous_lifetime.AmiyaContinuousLifetimeTests.test_all_explicit_positive_lifetimes_keep_actual_damage_and_cycle_unknown) ... ok
test_below_e2_has_no_attack_sp_talent_but_not_a_proven_lifetime_clock (test_amiya_continuous_lifetime.AmiyaContinuousLifetimeTests.test_below_e2_has_no_attack_sp_talent_but_not_a_proven_lifetime_clock) ... ok
test_default_continuous_supply_remains_the_existing_reference (test_amiya_continuous_lifetime.AmiyaContinuousLifetimeTests.test_default_continuous_supply_remains_the_existing_reference) ... ok
test_disabled_attack_sp_keeps_its_old_initial_and_natural_reference (test_amiya_continuous_lifetime.AmiyaContinuousLifetimeTests.test_disabled_attack_sp_keeps_its_old_initial_and_natural_reference) ... ok
test_empty_range_excludes_enemy_damage_but_does_not_prove_a_native_cycle (test_amiya_continuous_lifetime.AmiyaContinuousLifetimeTests.test_empty_range_excludes_enemy_damage_but_does_not_prove_a_native_cycle) ... ok
test_empty_reference_keeps_event_arrays_consistent_after_source_exclusion (test_amiya_continuous_lifetime.AmiyaContinuousLifetimeTests.test_empty_reference_keeps_event_arrays_consistent_after_source_exclusion) ... ok
test_established_numeric_lifetime_zero_path_has_no_new_guard (test_amiya_continuous_lifetime.AmiyaContinuousLifetimeTests.test_established_numeric_lifetime_zero_path_has_no_new_guard) ... ok
test_input_catalog_and_returned_reference_are_independent (test_amiya_continuous_lifetime.AmiyaContinuousLifetimeTests.test_input_catalog_and_returned_reference_are_independent) ... ok
test_masked_cycle_is_not_reintroduced_as_a_known_subtotal (test_amiya_continuous_lifetime.AmiyaContinuousLifetimeTests.test_masked_cycle_is_not_reintroduced_as_a_known_subtotal) ... ok
test_nonempty_ranges_do_not_create_a_uniform_uptime_or_native_acquisition_clock (test_amiya_continuous_lifetime.AmiyaContinuousLifetimeTests.test_nonempty_ranges_do_not_create_a_uniform_uptime_or_native_acquisition_clock) ... ok
test_normal_recharge_component_has_a_conditional_reference_without_actual_times (test_amiya_continuous_lifetime.AmiyaContinuousLifetimeTests.test_normal_recharge_component_has_a_conditional_reference_without_actual_times) ... ok
test_old_half_open_phase_parameter_is_preserved_at_exact_interval_boundary (test_amiya_continuous_lifetime.AmiyaContinuousLifetimeTests.test_old_half_open_phase_parameter_is_preserved_at_exact_interval_boundary) ... ok
test_other_skills_frames_friendly_and_instant_sources_keep_their_scope (test_amiya_continuous_lifetime.AmiyaContinuousLifetimeTests.test_other_skills_frames_friendly_and_instant_sources_keep_their_scope) ... ok
test_positive_lifetime_preserves_the_old_conditional_arithmetic (test_amiya_continuous_lifetime.AmiyaContinuousLifetimeTests.test_positive_lifetime_preserves_the_old_conditional_arithmetic) ... ok
test_potential_and_natural_sp_parameters_are_not_hardcoded_to_default (test_amiya_continuous_lifetime.AmiyaContinuousLifetimeTests.test_potential_and_natural_sp_parameters_are_not_hardcoded_to_default) ... ok
test_report_labels_condition_parameters_and_unknown_actual_resource_clock (test_amiya_continuous_lifetime.AmiyaContinuousLifetimeTests.test_report_labels_condition_parameters_and_unknown_actual_resource_clock) ... ok
test_short_positive_window_reference_hit_zero_is_not_actual_zero (test_amiya_continuous_lifetime.AmiyaContinuousLifetimeTests.test_short_positive_window_reference_hit_zero_is_not_actual_zero) ... ok
test_valid_numeric_string_zero_is_a_mathematical_empty_source (test_amiya_continuous_lifetime.AmiyaContinuousLifetimeTests.test_valid_numeric_string_zero_is_a_mathematical_empty_source) ... ok
test_zero_observation_does_not_erase_the_unbound_full_cast_or_recharge (test_amiya_continuous_lifetime.AmiyaContinuousLifetimeTests.test_zero_observation_does_not_erase_the_unbound_full_cast_or_recharge) ... ok
test_full_phase_and_cycle_preserve_existing_scalar_arithmetic (test_healing_subtotal_scaling.HealingSubtotalScalingTests.test_full_phase_and_cycle_preserve_existing_scalar_arithmetic) ... ok
test_known_body_matches_healing_component_after_each_accepted_relic (test_healing_subtotal_scaling.HealingSubtotalScalingTests.test_known_body_matches_healing_component_after_each_accepted_relic) ... ok
test_known_zero_and_empty_observation_remain_numerical_zero (test_healing_subtotal_scaling.HealingSubtotalScalingTests.test_known_zero_and_empty_observation_remain_numerical_zero) ... ok
test_public_report_prints_scaled_subtotal_and_unknown_total (test_healing_subtotal_scaling.HealingSubtotalScalingTests.test_public_report_prints_scaled_subtotal_and_unknown_total) ... ok
test_regular_healing_without_pending_events_retains_output (test_healing_subtotal_scaling.HealingSubtotalScalingTests.test_regular_healing_without_pending_events_retains_output) ... ok
test_repeat_cast_does_not_turn_unknown_full_subtotal_into_number (test_healing_subtotal_scaling.HealingSubtotalScalingTests.test_repeat_cast_does_not_turn_unknown_full_subtotal_into_number) ... ok

----------------------------------------------------------------------
Ran 61 tests in 1.393s

OK
