[
  {
    "mode": "frames",
    "boundary": "zero-window",
    "gravity": false,
    "component": {
      "name": "飘浮大地之上",
      "damage_type": "magic",
      "hits": 0,
      "per_hit": 310.0,
      "total": 0.0,
      "source_unit": "operator",
      "times_seconds": []
    },
    "total_damage": 0.0,
    "complete": true,
    "scope": "单个持续命中目标的明确技能情景；多段逐段结算防御。",
    "warnings": []
  },
  {
    "mode": "frames",
    "boundary": "zero-window",
    "gravity": true,
    "component": {
      "name": "飘浮大地之上",
      "damage_type": "magic",
      "hits": 0,
      "per_hit": 434.0,
      "total": 0.0,
      "source_unit": "operator",
      "times_seconds": []
    },
    "total_damage": 0.0,
    "complete": true,
    "scope": "单个持续命中目标的明确技能情景；多段逐段结算防御。",
    "warnings": []
  },
  {
    "mode": "frames",
    "boundary": "zero-disappearance",
    "gravity": false,
    "component": {
      "name": "飘浮大地之上",
      "damage_type": "magic",
      "hits": 0,
      "per_hit": 310.0,
      "total": 0.0,
      "source_unit": "operator",
      "times_seconds": []
    },
    "total_damage": 0.0,
    "complete": true,
    "scope": "单个持续命中目标的明确技能情景；多段逐段结算防御。",
    "warnings": []
  },
  {
    "mode": "frames",
    "boundary": "zero-disappearance",
    "gravity": true,
    "component": {
      "name": "飘浮大地之上",
      "damage_type": "magic",
      "hits": 0,
      "per_hit": 434.0,
      "total": 0.0,
      "source_unit": "operator",
      "times_seconds": []
    },
    "total_damage": 0.0,
    "complete": true,
    "scope": "单个持续命中目标的明确技能情景；多段逐段结算防御。",
    "warnings": []
  },
  {
    "mode": "frames",
    "boundary": "empty-windows",
    "gravity": false,
    "component": {
      "name": "飘浮大地之上",
      "damage_type": "magic",
      "hits": 0,
      "per_hit": 310.0,
      "total": 0.0,
      "source_unit": "operator",
      "times_seconds": []
    },
    "total_damage": 0.0,
    "complete": true,
    "scope": "单个持续命中目标的明确技能情景；多段逐段结算防御。",
    "warnings": []
  },
  {
    "mode": "frames",
    "boundary": "empty-windows",
    "gravity": true,
    "component": {
      "name": "飘浮大地之上",
      "damage_type": "magic",
      "hits": 0,
      "per_hit": 434.0,
      "total": 0.0,
      "source_unit": "operator",
      "times_seconds": []
    },
    "total_damage": 0.0,
    "complete": true,
    "scope": "单个持续命中目标的明确技能情景；多段逐段结算防御。",
    "warnings": []
  },
  {
    "mode": "continuous",
    "boundary": "zero-window",
    "gravity": false,
    "component": {
      "name": "飘浮大地之上",
      "damage_type": "magic",
      "hits": 0,
      "per_hit": 310.0,
      "total": 0.0,
      "source_unit": "operator",
      "times_seconds": []
    },
    "total_damage": 0.0,
    "complete": true,
    "scope": "单个持续命中目标的明确技能情景；多段逐段结算防御。",
    "warnings": []
  },
  {
    "mode": "continuous",
    "boundary": "zero-window",
    "gravity": true,
    "component": {
      "name": "飘浮大地之上",
      "damage_type": "magic",
      "hits": 0,
      "per_hit": 434.0,
      "total": 0.0,
      "source_unit": "operator",
      "times_seconds": []
    },
    "total_damage": 0.0,
    "complete": true,
    "scope": "单个持续命中目标的明确技能情景；多段逐段结算防御。",
    "warnings": []
  },
  {
    "mode": "continuous",
    "boundary": "zero-disappearance",
    "gravity": false,
    "component": {
      "name": "飘浮大地之上",
      "damage_type": "magic",
      "hits": 0,
      "per_hit": 310.0,
      "total": 0.0,
      "source_unit": "operator",
      "times_seconds": []
    },
    "total_damage": 0.0,
    "complete": true,
    "scope": "单个持续命中目标的明确技能情景；多段逐段结算防御。",
    "warnings": []
  },
  {
    "mode": "continuous",
    "boundary": "zero-disappearance",
    "gravity": true,
    "component": {
      "name": "飘浮大地之上",
      "damage_type": "magic",
      "hits": 0,
      "per_hit": 434.0,
      "total": 0.0,
      "source_unit": "operator",
      "times_seconds": []
    },
    "total_damage": 0.0,
    "complete": true,
    "scope": "单个持续命中目标的明确技能情景；多段逐段结算防御。",
    "warnings": []
  },
  {
    "mode": "continuous",
    "boundary": "empty-windows",
    "gravity": false,
    "component": {
      "name": "飘浮大地之上",
      "damage_type": "magic",
      "hits": 6,
      "per_hit": 310.0,
      "total": 1860.0,
      "source_unit": "operator",
      "times_seconds": [
        1.5,
        3.0,
        4.5,
        6.0,
        7.5,
        9.0
      ]
    },
    "total_damage": 15540.0,
    "complete": true,
    "scope": "单个持续命中目标的明确技能情景；多段逐段结算防御。",
    "warnings": []
  },
  {
    "mode": "continuous",
    "boundary": "empty-windows",
    "gravity": true,
    "component": {
      "name": "飘浮大地之上",
      "damage_type": "magic",
      "hits": 6,
      "per_hit": 434.0,
      "total": 2604.0,
      "source_unit": "operator",
      "times_seconds": [
        1.5,
        3.0,
        4.5,
        6.0,
        7.5,
        9.0
      ]
    },
    "total_damage": 16284.0,
    "complete": true,
    "scope": "单个持续命中目标的明确技能情景；多段逐段结算防御。",
    "warnings": []
  }
]
