test_unverified_periodic_credit_leaves_resource_and_cycle_unknown (test_shu_periodic_sp_reference.ShuPeriodicSpReferenceTests.test_unverified_periodic_credit_leaves_resource_and_cycle_unknown) ... 
  test_unverified_periodic_credit_leaves_resource_and_cycle_unknown (test_shu_periodic_sp_reference.ShuPeriodicSpReferenceTests.test_unverified_periodic_credit_leaves_resource_and_cycle_unknown) (mode='frames', skill=1) ... FAIL
  test_unverified_periodic_credit_leaves_resource_and_cycle_unknown (test_shu_periodic_sp_reference.ShuPeriodicSpReferenceTests.test_unverified_periodic_credit_leaves_resource_and_cycle_unknown) (mode='frames', skill=2) ... FAIL
  test_unverified_periodic_credit_leaves_resource_and_cycle_unknown (test_shu_periodic_sp_reference.ShuPeriodicSpReferenceTests.test_unverified_periodic_credit_leaves_resource_and_cycle_unknown) (mode='frames', skill=3) ... FAIL
  test_unverified_periodic_credit_leaves_resource_and_cycle_unknown (test_shu_periodic_sp_reference.ShuPeriodicSpReferenceTests.test_unverified_periodic_credit_leaves_resource_and_cycle_unknown) (mode='continuous', skill=1) ... FAIL
  test_unverified_periodic_credit_leaves_resource_and_cycle_unknown (test_shu_periodic_sp_reference.ShuPeriodicSpReferenceTests.test_unverified_periodic_credit_leaves_resource_and_cycle_unknown) (mode='continuous', skill=2) ... FAIL
  test_unverified_periodic_credit_leaves_resource_and_cycle_unknown (test_shu_periodic_sp_reference.ShuPeriodicSpReferenceTests.test_unverified_periodic_credit_leaves_resource_and_cycle_unknown) (mode='continuous', skill=3) ... FAIL

======================================================================
FAIL: test_unverified_periodic_credit_leaves_resource_and_cycle_unknown (test_shu_periodic_sp_reference.ShuPeriodicSpReferenceTests.test_unverified_periodic_credit_leaves_resource_and_cycle_unknown) (mode='frames', skill=1)
----------------------------------------------------------------------
Traceback (most recent call last):
  File "/workspace/.continuation/p2-after-055-sp-audit/test_shu_periodic_sp_reference.py", line 24, in test_unverified_periodic_credit_leaves_resource_and_cycle_unknown
    self.assertIsNone(s['initial_seconds'])
AssertionError: 3.2 is not None

======================================================================
FAIL: test_unverified_periodic_credit_leaves_resource_and_cycle_unknown (test_shu_periodic_sp_reference.ShuPeriodicSpReferenceTests.test_unverified_periodic_credit_leaves_resource_and_cycle_unknown) (mode='frames', skill=2)
----------------------------------------------------------------------
Traceback (most recent call last):
  File "/workspace/.continuation/p2-after-055-sp-audit/test_shu_periodic_sp_reference.py", line 24, in test_unverified_periodic_credit_leaves_resource_and_cycle_unknown
    self.assertIsNone(s['initial_seconds'])
AssertionError: 4.0 is not None

======================================================================
FAIL: test_unverified_periodic_credit_leaves_resource_and_cycle_unknown (test_shu_periodic_sp_reference.ShuPeriodicSpReferenceTests.test_unverified_periodic_credit_leaves_resource_and_cycle_unknown) (mode='frames', skill=3)
----------------------------------------------------------------------
Traceback (most recent call last):
  File "/workspace/.continuation/p2-after-055-sp-audit/test_shu_periodic_sp_reference.py", line 24, in test_unverified_periodic_credit_leaves_resource_and_cycle_unknown
    self.assertIsNone(s['initial_seconds'])
AssertionError: 12.0 is not None

======================================================================
FAIL: test_unverified_periodic_credit_leaves_resource_and_cycle_unknown (test_shu_periodic_sp_reference.ShuPeriodicSpReferenceTests.test_unverified_periodic_credit_leaves_resource_and_cycle_unknown) (mode='continuous', skill=1)
----------------------------------------------------------------------
Traceback (most recent call last):
  File "/workspace/.continuation/p2-after-055-sp-audit/test_shu_periodic_sp_reference.py", line 24, in test_unverified_periodic_credit_leaves_resource_and_cycle_unknown
    self.assertIsNone(s['initial_seconds'])
AssertionError: 3.2 is not None

======================================================================
FAIL: test_unverified_periodic_credit_leaves_resource_and_cycle_unknown (test_shu_periodic_sp_reference.ShuPeriodicSpReferenceTests.test_unverified_periodic_credit_leaves_resource_and_cycle_unknown) (mode='continuous', skill=2)
----------------------------------------------------------------------
Traceback (most recent call last):
  File "/workspace/.continuation/p2-after-055-sp-audit/test_shu_periodic_sp_reference.py", line 24, in test_unverified_periodic_credit_leaves_resource_and_cycle_unknown
    self.assertIsNone(s['initial_seconds'])
AssertionError: 4.0 is not None

======================================================================
FAIL: test_unverified_periodic_credit_leaves_resource_and_cycle_unknown (test_shu_periodic_sp_reference.ShuPeriodicSpReferenceTests.test_unverified_periodic_credit_leaves_resource_and_cycle_unknown) (mode='continuous', skill=3)
----------------------------------------------------------------------
Traceback (most recent call last):
  File "/workspace/.continuation/p2-after-055-sp-audit/test_shu_periodic_sp_reference.py", line 24, in test_unverified_periodic_credit_leaves_resource_and_cycle_unknown
    self.assertIsNone(s['initial_seconds'])
AssertionError: 12.0 is not None

----------------------------------------------------------------------
Ran 1 test in 0.081s

FAILED (failures=6)
