test_attributes_reject_boolean_cultivation (test_training_input_types.TrainingInputTypesTests.test_attributes_reject_boolean_cultivation) ... ok
test_calculation_rejects_booleans_before_both_engines (test_training_input_types.TrainingInputTypesTests.test_calculation_rejects_booleans_before_both_engines) ... ok
test_existing_skill_boolean_rejection_and_catalog_isolation (test_training_input_types.TrainingInputTypesTests.test_existing_skill_boolean_rejection_and_catalog_isolation) ... ok
test_module_stage_remains_ignored_without_module_identity (test_training_input_types.TrainingInputTypesTests.test_module_stage_remains_ignored_without_module_identity) ... ok
test_non_boolean_types_keep_existing_errors (test_training_input_types.TrainingInputTypesTests.test_non_boolean_types_keep_existing_errors) ... ok
test_valid_integer_boundaries_and_level_default (test_training_input_types.TrainingInputTypesTests.test_valid_integer_boundaries_and_level_default) ... ok
test_area_skill_healing_does_not_make_ordinary_healing_hit_multiple_allies (tests.test_damage.DamageTests.test_area_skill_healing_does_not_make_ordinary_healing_hit_multiple_allies) ... ok
test_attack_recovery_requires_targets_and_is_not_natural_sp_recovery (tests.test_damage.DamageTests.test_attack_recovery_requires_targets_and_is_not_natural_sp_recovery) ... ok
test_attack_speed_interval_is_capped_at_six_times_base (tests.test_damage.DamageTests.test_attack_speed_interval_is_capped_at_six_times_base) ... ok
test_attack_speed_reduces_ammo_time_without_inventing_more_ammo (tests.test_damage.DamageTests.test_attack_speed_reduces_ammo_time_without_inventing_more_ammo) ... ok
test_chen_weakness_chooses_type_before_type_specific_injury_bonus (tests.test_damage.DamageTests.test_chen_weakness_chooses_type_before_type_specific_injury_bonus) ... ok
test_closure_module_talent_replaces_instead_of_stacking_with_old_talent (tests.test_damage.DamageTests.test_closure_module_talent_replaces_instead_of_stacking_with_old_talent) ... ok
test_collectible_scope_and_type_do_not_leak_into_true_damage (tests.test_damage.DamageTests.test_collectible_scope_and_type_do_not_leak_into_true_damage) ... ok
test_deepcolor_global_relics_apply_to_token_without_inheriting_operator_stats (tests.test_damage.DamageTests.test_deepcolor_global_relics_apply_to_token_without_inheriting_operator_stats) ... ok
test_deepcolor_summon_uses_own_level_curve_without_operator_trust_attack (tests.test_damage.DamageTests.test_deepcolor_summon_uses_own_level_curve_without_operator_trust_attack) ... ok
test_defense_resistance_and_recovery_relics_change_the_matching_fields (tests.test_damage.DamageTests.test_defense_resistance_and_recovery_relics_change_the_matching_fields) ... ok
test_gummy_cooking_delay_and_healing_interval_are_included (tests.test_damage.DamageTests.test_gummy_cooking_delay_and_healing_interval_are_included) ... ok
test_infinite_skill_uses_window_output_without_inventing_cast_total_or_rotation (tests.test_damage.DamageTests.test_infinite_skill_uses_window_output_without_inventing_cast_total_or_rotation) ... ok
test_invalid_effect_cannot_produce_a_plausible_result (tests.test_damage.DamageTests.test_invalid_effect_cannot_produce_a_plausible_result) ... ok
test_invalid_scenario_parameters_are_rejected_before_producing_damage (tests.test_damage.DamageTests.test_invalid_scenario_parameters_are_rejected_before_producing_damage) ... ok
test_kaltsit_estimate_reports_attributes_healing_and_full_cycle (tests.test_damage.DamageTests.test_kaltsit_estimate_reports_attributes_healing_and_full_cycle) ... ok
test_kaltsit_healing_skill_has_separate_base_and_skill_attack_speed (tests.test_damage.DamageTests.test_kaltsit_healing_skill_has_separate_base_and_skill_attack_speed) ... ok
test_kaltsit_skill_three_caps_simultaneous_healing_at_two_allies (tests.test_damage.DamageTests.test_kaltsit_skill_three_caps_simultaneous_healing_at_two_allies) ... ok
test_mantra_s2_uses_newly_triggered_neural_break_for_same_and_later_hits (tests.test_damage.DamageTests.test_mantra_s2_uses_newly_triggered_neural_break_for_same_and_later_hits) ... ok
test_may_talent_and_relic_are_additive_before_each_physical_hit (tests.test_damage.DamageTests.test_may_talent_and_relic_are_additive_before_each_physical_hit) ... ok
test_mechanist_each_pellet_is_reduced_by_defense (tests.test_damage.DamageTests.test_mechanist_each_pellet_is_reduced_by_defense) ... ok
test_mechanist_magic_bombardment_and_physical_charge_are_separate (tests.test_damage.DamageTests.test_mechanist_magic_bombardment_and_physical_charge_are_separate) ... ok
test_mechanist_shield_explosion_requires_observed_break_count (tests.test_damage.DamageTests.test_mechanist_shield_explosion_requires_observed_break_count) ... ok
test_module_attributes_are_derived_from_the_equipped_module_level (tests.test_damage.DamageTests.test_module_attributes_are_derived_from_the_equipped_module_level) ... ok
test_myrtle_skill_two_heals_each_second_without_attack_damage (tests.test_damage.DamageTests.test_myrtle_skill_two_heals_each_second_without_attack_damage) ... ok
test_new_exusiai_ammo_and_proc_expectation_do_not_grow_with_attack_speed (tests.test_damage.DamageTests.test_new_exusiai_ammo_and_proc_expectation_do_not_grow_with_attack_speed) ... ok
test_partial_run_inventory_is_not_reported_as_complete_or_empty (tests.test_damage.DamageTests.test_partial_run_inventory_is_not_reported_as_complete_or_empty) ... ok
test_physical_relics_stack_in_their_group_after_defense (tests.test_damage.DamageTests.test_physical_relics_stack_in_their_group_after_defense) ... ok
test_s1_unresolved_buildup_is_not_counted_as_hp_damage_for_either_threshold (tests.test_damage.DamageTests.test_s1_unresolved_buildup_is_not_counted_as_hp_damage_for_either_threshold) ... ok
test_shield_break_count_is_not_enough_to_infer_a_full_cycle (tests.test_damage.DamageTests.test_shield_break_count_is_not_enough_to_infer_a_full_cycle) ... ok
test_shield_skill_can_estimate_a_cast_with_an_explicit_end_time (tests.test_damage.DamageTests.test_shield_skill_can_estimate_a_cast_with_an_explicit_end_time) ... ok
test_shorter_window_caps_kaltsit_ammunition (tests.test_damage.DamageTests.test_shorter_window_caps_kaltsit_ammunition) ... ok
test_silverash_cooperation_uses_silverash_attack_and_separate_stream (tests.test_damage.DamageTests.test_silverash_cooperation_uses_silverash_attack_and_separate_stream) ... ok
test_silverash_self_talents_and_potential_affect_attributes_and_initial_sp (tests.test_damage.DamageTests.test_silverash_self_talents_and_potential_affect_attributes_and_initial_sp) ... ok
test_silverash_shield_skill_is_not_misreported_as_healing (tests.test_damage.DamageTests.test_silverash_shield_skill_is_not_misreported_as_healing) ... ok
test_silverash_skill_two_companion_uses_recipient_attack (tests.test_damage.DamageTests.test_silverash_skill_two_companion_uses_recipient_attack) ... ok
test_skill_rank_seven_uses_non_mastery_profile (tests.test_damage.DamageTests.test_skill_rank_seven_uses_non_mastery_profile) ... ok
test_susuro_cannot_cast_a_third_time (tests.test_damage.DamageTests.test_susuro_cannot_cast_a_third_time) ... ok
test_true_ammo_damage_with_attack_collectible (tests.test_damage.DamageTests.test_true_ammo_damage_with_attack_collectible) ... ok
test_unknown_collectible_marks_result_incomplete_instead_of_silently_ignoring (tests.test_damage.DamageTests.test_unknown_collectible_marks_result_incomplete_instead_of_silently_ignoring) ... ok
test_window_damage_does_not_replace_full_single_skill_total (tests.test_damage.DamageTests.test_window_damage_does_not_replace_full_single_skill_total) ... ok
test_wine_single_cast_burst_does_not_invent_unverified_recharge_cycle (tests.test_damage.DamageTests.test_wine_single_cast_burst_does_not_invent_unverified_recharge_cycle) ... ok
test_yato_fixed_slashes_are_not_multiplied_by_attack_speed (tests.test_damage.DamageTests.test_yato_fixed_slashes_are_not_multiplied_by_attack_speed) ... ok
test_all_module_stages_and_skills_allow_seven_selected_tokens (tests.test_summon_limits_069.SummonLimitTests.test_all_module_stages_and_skills_allow_seven_selected_tokens) ... ok
test_default_is_one_and_explicit_zero_removes_only_token_output (tests.test_summon_limits_069.SummonLimitTests.test_default_is_one_and_explicit_zero_removes_only_token_output) ... ok
test_invalid_counts_are_rejected_at_public_entry (tests.test_summon_limits_069.SummonLimitTests.test_invalid_counts_are_rejected_at_public_entry) ... ok
test_inventory_alone_never_determines_concurrent_cap (tests.test_summon_limits_069.SummonLimitTests.test_inventory_alone_never_determines_concurrent_cap) ... ok
test_module_unlock_level_changes_cap_without_changing_elite (tests.test_summon_limits_069.SummonLimitTests.test_module_unlock_level_changes_cap_without_changing_elite) ... ok
test_no_module_cap_follows_actual_elite_stage (tests.test_summon_limits_069.SummonLimitTests.test_no_module_cap_follows_actual_elite_stage) ... ok
test_report_separates_selected_count_from_verified_cap_and_slots (tests.test_summon_limits_069.SummonLimitTests.test_report_separates_selected_count_from_verified_cap_and_slots) ... ok
test_seven_token_relic_outputs_keep_per_token_hp_and_regeneration (tests.test_summon_limits_069.SummonLimitTests.test_seven_token_relic_outputs_keep_per_token_hp_and_regeneration) ... ok
test_unpromoted_run_cannot_use_account_module_capacity (tests.test_summon_limits_069.SummonLimitTests.test_unpromoted_run_cannot_use_account_module_capacity) ... ok
test_all_skills_and_ranks_share_the_same_cultivation_reference (tests.test_wang_token_module_reference.WangTokenModuleReferenceTests.test_all_skills_and_ranks_share_the_same_cultivation_reference) ... ok
test_all_unlocked_stages_reduce_only_token_cultivation_cost (tests.test_wang_token_module_reference.WangTokenModuleReferenceTests.test_all_unlocked_stages_reduce_only_token_cultivation_cost) ... ok
test_cached_reference_and_input_are_isolated (tests.test_wang_token_module_reference.WangTokenModuleReferenceTests.test_cached_reference_and_input_are_isolated) ... ok
test_exact_operator_module_and_token_pair_does_not_leak (tests.test_wang_token_module_reference.WangTokenModuleReferenceTests.test_exact_operator_module_and_token_pair_does_not_leak) ... ok
test_locked_module_alone_does_not_create_a_panel (tests.test_wang_token_module_reference.WangTokenModuleReferenceTests.test_locked_module_alone_does_not_create_a_panel) ... ok
test_module_unlock_boundary_and_absent_module_keep_three_cost (tests.test_wang_token_module_reference.WangTokenModuleReferenceTests.test_module_unlock_boundary_and_absent_module_keep_three_cost) ... ok
test_no_relic_still_exposes_the_known_module_cost_panel (tests.test_wang_token_module_reference.WangTokenModuleReferenceTests.test_no_relic_still_exposes_the_known_module_cost_panel) ... ok
test_owner_potential_trust_and_module_attack_do_not_change_token_stats (tests.test_wang_token_module_reference.WangTokenModuleReferenceTests.test_owner_potential_trust_and_module_attack_do_not_change_token_stats) ... ok
test_persisted_parameter_is_pinned_and_keeps_exact_source_selectors (tests.test_wang_token_module_reference.WangTokenModuleReferenceTests.test_persisted_parameter_is_pinned_and_keeps_exact_source_selectors) ... ok
test_reference_does_not_bind_deployment_limits_lifecycle_or_damage (tests.test_wang_token_module_reference.WangTokenModuleReferenceTests.test_reference_does_not_bind_deployment_limits_lifecycle_or_damage) ... ok
test_relic_cost_and_regeneration_keep_existing_independent_effects (tests.test_wang_token_module_reference.WangTokenModuleReferenceTests.test_relic_cost_and_regeneration_keep_existing_independent_effects) ... ok
test_shared_api_and_public_result_have_identical_module_cost (tests.test_wang_token_module_reference.WangTokenModuleReferenceTests.test_shared_api_and_public_result_have_identical_module_cost) ... ok
test_input_effects_token_selectors_and_cached_rules_are_immutable (tests.test_token_manual_attributes.TokenManualAttributesTests.test_input_effects_token_selectors_and_cached_rules_are_immutable) ... ok
test_manual_attack_panel_matches_existing_combat_layer_without_moving_skill_bonus (tests.test_token_manual_attributes.TokenManualAttributesTests.test_manual_attack_panel_matches_existing_combat_layer_without_moving_skill_bonus) ... ok
test_manual_attack_speed_panel_matches_existing_token_interval (tests.test_token_manual_attributes.TokenManualAttributesTests.test_manual_attack_speed_panel_matches_existing_token_interval) ... ok
test_manual_only_reference_creates_a_panel_without_relic_or_module (tests.test_token_manual_attributes.TokenManualAttributesTests.test_manual_only_reference_creates_a_panel_without_relic_or_module) ... ok
test_manual_token_scope_does_not_change_cultivation_qualification_or_lifecycle (tests.test_token_manual_attributes.TokenManualAttributesTests.test_manual_token_scope_does_not_change_cultivation_qualification_or_lifecycle) ... ok
test_non_attribute_all_unit_effect_alone_does_not_create_a_stat_panel (tests.test_token_manual_attributes.TokenManualAttributesTests.test_non_attribute_all_unit_effect_alone_does_not_create_a_stat_panel) ... ok
test_operator_only_or_absent_scope_does_not_modify_token (tests.test_token_manual_attributes.TokenManualAttributesTests.test_operator_only_or_absent_scope_does_not_modify_token) ... ok
test_ordinary_manual_hp_uses_verified_module_layer_and_percentage_regeneration (tests.test_token_manual_attributes.TokenManualAttributesTests.test_ordinary_manual_hp_uses_verified_module_layer_and_percentage_regeneration) ... ok
test_relic_runes_and_squad_apply_once_before_ordinary_manual_hp (tests.test_token_manual_attributes.TokenManualAttributesTests.test_relic_runes_and_squad_apply_once_before_ordinary_manual_hp) ... ok
test_run_squad_or_rune_markers_are_not_counted_as_manual_ordinary_stats (tests.test_token_manual_attributes.TokenManualAttributesTests.test_run_squad_or_rune_markers_are_not_counted_as_manual_ordinary_stats) ... ok
test_shared_selector_preserves_existing_global_damage_taken_fallback (tests.test_token_manual_attributes.TokenManualAttributesTests.test_shared_selector_preserves_existing_global_damage_taken_fallback) ... ok
test_supplied_defense_and_resistance_have_explicit_all_unit_scope (tests.test_token_manual_attributes.TokenManualAttributesTests.test_supplied_defense_and_resistance_have_explicit_all_unit_scope) ... ok
test_token_ids_selector_matches_combat_and_panel (tests.test_token_manual_attributes.TokenManualAttributesTests.test_token_ids_selector_matches_combat_and_panel) ... ok
test_unverified_module_hp_layer_stays_unknown_in_panel_and_regeneration (tests.test_token_manual_attributes.TokenManualAttributesTests.test_unverified_module_hp_layer_stays_unknown_in_panel_and_regeneration) ... ok
test_all_public_numeric_stats_damage_and_clocks_are_unchanged (tests.test_token_duration_reference.TokenDurationReferenceTests.test_all_public_numeric_stats_damage_and_clocks_are_unchanged) ... ok
test_base_duration_follows_unlocked_token_talent (tests.test_token_duration_reference.TokenDurationReferenceTests.test_base_duration_follows_unlocked_token_talent) ... ok
test_elite_zero_does_not_infer_lifetime_from_token_attribute_frames (tests.test_token_duration_reference.TokenDurationReferenceTests.test_elite_zero_does_not_infer_lifetime_from_token_attribute_frames) ... ok
test_exact_module_stages_and_level_boundary (tests.test_token_duration_reference.TokenDurationReferenceTests.test_exact_module_stages_and_level_boundary) ... ok
test_infinite_parameter_is_confined_to_its_map (tests.test_token_duration_reference.TokenDurationReferenceTests.test_infinite_parameter_is_confined_to_its_map) ... ok
test_input_and_cached_reference_are_isolated (tests.test_token_duration_reference.TokenDurationReferenceTests.test_input_and_cached_reference_are_isolated) ... ok
test_other_token_and_owner_pairs_do_not_inherit_mechanist_duration (tests.test_token_duration_reference.TokenDurationReferenceTests.test_other_token_and_owner_pairs_do_not_inherit_mechanist_duration) ... ok
test_persisted_reference_keeps_pinned_sources_and_exact_selectors (tests.test_token_duration_reference.TokenDurationReferenceTests.test_persisted_reference_keeps_pinned_sources_and_exact_selectors) ... ok
test_report_adds_concise_reference_and_retains_existing_talent_text (tests.test_token_duration_reference.TokenDurationReferenceTests.test_report_adds_concise_reference_and_retains_existing_talent_text) ... ok
test_shared_token_attributes_and_public_calculation_expose_same_reference (tests.test_token_duration_reference.TokenDurationReferenceTests.test_shared_token_attributes_and_public_calculation_expose_same_reference) ... ok
test_token_relic_stats_keep_duration_metadata_separate_from_runes (tests.test_token_duration_reference.TokenDurationReferenceTests.test_token_relic_stats_keep_duration_metadata_separate_from_runes) ... ok
test_unlimited_does_not_claim_actual_survival_or_apply_a_clock (tests.test_token_duration_reference.TokenDurationReferenceTests.test_unlimited_does_not_claim_actual_survival_or_apply_a_clock) ... ok

----------------------------------------------------------------------
Ran 95 tests in 0.376s

OK
