{"matrix_completed": 1, "case": "known-zone_1"}
{"matrix_completed": 2, "case": "known-zone_2"}
{"matrix_completed": 3, "case": "known-zone_3"}
{"matrix_completed": 4, "case": "known-zone_4"}
{"matrix_completed": 5, "case": "known-zone_4_1"}
{"matrix_completed": 6, "case": "known-zone_5"}
{"matrix_completed": 7, "case": "known-zone_6"}
{"matrix_completed": 8, "case": "known-4_1-stale-bool"}
{"matrix_completed": 9, "case": "known-4_1-stale-text"}
{"matrix_completed": 10, "case": "known-4_1-stale-list"}
{"matrix_completed": 11, "case": "known-4_1-stale-float"}
{"matrix_completed": 12, "case": "known-portal-no-derived-main"}
{"matrix_completed": 13, "case": "ambiguous-portal-no-main"}
{"matrix_completed": 14, "case": "ambiguous-portal-inherited2"}
{"matrix_completed": 15, "case": "unknown-id-explicit2"}
{"matrix_completed": 16, "case": "unknown-id-float-depth"}
{"matrix_completed": 17, "case": "absent-zone"}
{"matrix_completed": 18, "case": "safe-falsey-none"}
{"matrix_completed": 19, "case": "safe-falsey-dict"}
{"matrix_completed": 20, "case": "safe-falsey-false"}
{"matrix_completed": 21, "case": "safe-falsey-zero"}
{"matrix_completed": 22, "case": "safe-falsey-text"}
{"matrix_completed": 23, "case": "safe-falsey-list"}
{"matrix_completed": 24, "case": "safe-hashable-id-true"}
{"matrix_completed": 25, "case": "safe-hashable-id-int"}
{"matrix_completed": 26, "case": "safe-hashable-id-float"}
{"matrix_completed": 27, "case": "unused-bad-zone-no-target"}
{"matrix_completed": 28, "case": "unused-bad-id-no-difficulty"}
{"matrix_completed": 29, "case": "healthy-zero-rate-grade0"}
{"matrix_completed": 30, "case": "healthy-zero-rate-grade4"}
{"matrix_completed": 31, "case": "truthy-zone-text"}
{"matrix_completed": 32, "case": "truthy-zone-true"}
{"matrix_completed": 33, "case": "truthy-zone-one"}
{"matrix_completed": 34, "case": "truthy-zone-float"}
{"matrix_completed": 35, "case": "truthy-zone-list"}
{"matrix_completed": 36, "case": "unhashable-id-empty-list"}
{"matrix_completed": 37, "case": "unhashable-id-dict"}
{"matrix_completed": 38, "case": "unhashable-id-list"}
{"matrix_completed": 39, "case": "active-zero-rate-text"}
{"matrix_completed": 40, "case": "active-zero-rate-list-id"}
{"passed": true, "windows": 2, "snapshots": 43, "native_records": 395, "elapsed_seconds": 214.07981180000934}
X connection to :102 broken (explicit kill or server shutdown).
X connection to :102 broken (explicit kill or server shutdown).
