test_catalog_and_nested_input_are_isolated_on_rejection (tests.test_target_count_input_types.TargetCountInputTypesTests.test_catalog_and_nested_input_are_isolated_on_rejection) ... ok
test_convertible_numeric_types_defaults_and_boundaries_are_preserved (tests.test_target_count_input_types.TargetCountInputTypesTests.test_convertible_numeric_types_defaults_and_boundaries_are_preserved) ... ok
test_empty_observation_does_not_bypass_raw_count_validation (tests.test_target_count_input_types.TargetCountInputTypesTests.test_empty_observation_does_not_bypass_raw_count_validation) ... ok
test_existing_non_boolean_range_rejections_are_preserved (tests.test_target_count_input_types.TargetCountInputTypesTests.test_existing_non_boolean_range_rejections_are_preserved) ... ok
test_inactive_target_fields_keep_existing_boolean_compatibility (tests.test_target_count_input_types.TargetCountInputTypesTests.test_inactive_target_fields_keep_existing_boolean_compatibility) ... ok
test_ines_stolen_enemy_count_rejects_bools_for_all_skills (tests.test_target_count_input_types.TargetCountInputTypesTests.test_ines_stolen_enemy_count_rejects_bools_for_all_skills) ... ok
test_medical_amiya_opening_count_rejects_both_bools (tests.test_target_count_input_types.TargetCountInputTypesTests.test_medical_amiya_opening_count_rejects_both_bools) ... ok
test_remaining_integer_bools_are_rejected_and_inactive_legacy_fields_keep_compatibility (tests.test_target_count_input_types.TargetCountInputTypesTests.test_remaining_integer_bools_are_rejected_and_inactive_legacy_fields_keep_compatibility) ... ok
test_true_boolean_controls_remain_supported (tests.test_target_count_input_types.TargetCountInputTypesTests.test_true_boolean_controls_remain_supported) ... ok
test_visible_healing_counts_reject_bools_in_both_engines_and_modes (tests.test_target_count_input_types.TargetCountInputTypesTests.test_visible_healing_counts_reject_bools_in_both_engines_and_modes) ... ok
test_zero_counts_keep_their_existing_distinct_meanings (tests.test_target_count_input_types.TargetCountInputTypesTests.test_zero_counts_keep_their_existing_distinct_meanings) ... ok
test_all_skills_have_unknown_actual_end_and_complete_cycle (tests.test_orchid_arrow_reference.OrchidArrowReferenceTests.test_all_skills_have_unknown_actual_end_and_complete_cycle) ... ok
test_all_skills_keep_zero_short_and_long_observation_windows (tests.test_orchid_arrow_reference.OrchidArrowReferenceTests.test_all_skills_keep_zero_short_and_long_observation_windows) ... ok
test_global_zero_lifetime_excludes_current_target_damage (tests.test_orchid_arrow_reference.OrchidArrowReferenceTests.test_global_zero_lifetime_excludes_current_target_damage) ... ok
test_owner_acquisition_does_not_define_independent_projectile_coverage (tests.test_orchid_arrow_reference.OrchidArrowReferenceTests.test_owner_acquisition_does_not_define_independent_projectile_coverage) ... ok
test_report_keeps_charge_and_wait_parameters_without_inventing_release_at_three (tests.test_orchid_arrow_reference.OrchidArrowReferenceTests.test_report_keeps_charge_and_wait_parameters_without_inventing_release_at_three) ... ok
test_s1_extra_charge_selects_only_sourced_conditional_arrow_counts (tests.test_orchid_arrow_reference.OrchidArrowReferenceTests.test_s1_extra_charge_selects_only_sourced_conditional_arrow_counts) ... ok
test_s2_arrows_and_landing_are_separate_parameters_without_instant_marker (tests.test_orchid_arrow_reference.OrchidArrowReferenceTests.test_s2_arrows_and_landing_are_separate_parameters_without_instant_marker) ... ok
test_s3_count_zero_or_multiple_and_mitigation_retain_conditional_values (tests.test_orchid_arrow_reference.OrchidArrowReferenceTests.test_s3_count_zero_or_multiple_and_mitigation_retain_conditional_values) ... ok
test_all_eight_source_multipliers_are_retained (tests.test_xiangzi_notes_reference.XiangziNotesReferenceTests.test_all_eight_source_multipliers_are_retained) ... ok
test_damage_mitigation_and_declared_note_conditions_still_apply (tests.test_xiangzi_notes_reference.XiangziNotesReferenceTests.test_damage_mitigation_and_declared_note_conditions_still_apply) ... ok
test_global_empty_target_lifetime_has_known_zero_damage (tests.test_xiangzi_notes_reference.XiangziNotesReferenceTests.test_global_empty_target_lifetime_has_known_zero_damage) ... ok
test_lifecycle_and_complete_cycle_stay_unknown (tests.test_xiangzi_notes_reference.XiangziNotesReferenceTests.test_lifecycle_and_complete_cycle_stay_unknown) ... ok
test_owner_range_and_interrupts_do_not_bind_note_collisions (tests.test_xiangzi_notes_reference.XiangziNotesReferenceTests.test_owner_range_and_interrupts_do_not_bind_note_collisions) ... ok
test_report_distinguishes_conditional_parameters_from_actual_output (tests.test_xiangzi_notes_reference.XiangziNotesReferenceTests.test_report_distinguishes_conditional_parameters_from_actual_output) ... ok
test_zero_and_short_observation_keep_requested_horizon (tests.test_xiangzi_notes_reference.XiangziNotesReferenceTests.test_zero_and_short_observation_keep_requested_horizon) ... ok
test_zero_window_does_not_erase_counterfactual_parameters (tests.test_xiangzi_notes_reference.XiangziNotesReferenceTests.test_zero_window_does_not_erase_counterfactual_parameters) ... ok
test_no_end_freeze_preserves_body_only_case (tests.test_gnosis_target_lifetime.GnosisTargetLifetimeTests.test_no_end_freeze_preserves_body_only_case) ... ok
test_persistent_target_retains_conditional_terminal_reference (tests.test_gnosis_target_lifetime.GnosisTargetLifetimeTests.test_persistent_target_retains_conditional_terminal_reference) ... ok
test_range_exit_is_not_assumed_to_remove_frozen_terminal_source (tests.test_gnosis_target_lifetime.GnosisTargetLifetimeTests.test_range_exit_is_not_assumed_to_remove_frozen_terminal_source) ... ok
test_report_discloses_terminal_clock_boundary (tests.test_gnosis_target_lifetime.GnosisTargetLifetimeTests.test_report_discloses_terminal_clock_boundary) ... ok
test_s2_available_source_keeps_independent_damage (tests.test_gnosis_target_lifetime.GnosisTargetLifetimeTests.test_s2_available_source_keeps_independent_damage) ... ok
test_s2_requires_a_target_at_instant_reference (tests.test_gnosis_target_lifetime.GnosisTargetLifetimeTests.test_s2_requires_a_target_at_instant_reference) ... ok
test_s2_zero_window_has_no_observed_damage (tests.test_gnosis_target_lifetime.GnosisTargetLifetimeTests.test_s2_zero_window_has_no_observed_damage) ... ok
test_same_end_frame_disappearance_remains_unknown (tests.test_gnosis_target_lifetime.GnosisTargetLifetimeTests.test_same_end_frame_disappearance_remains_unknown) ... ok
test_same_frame_disappearance_keeps_earlier_window_known (tests.test_gnosis_target_lifetime.GnosisTargetLifetimeTests.test_same_frame_disappearance_keeps_earlier_window_known) ... ok
test_target_disappearing_before_end_cannot_receive_terminal_hit (tests.test_gnosis_target_lifetime.GnosisTargetLifetimeTests.test_target_disappearing_before_end_cannot_receive_terminal_hit) ... ok
test_body_reference_is_preserved_but_not_published_as_whole_cast (tests.test_deployment_independent_sources.DeploymentIndependentSourcesTests.test_body_reference_is_preserved_but_not_published_as_whole_cast) ... ok
test_coordinate_off_keeps_known_ammo_output_and_same_ammo_timeline (tests.test_deployment_independent_sources.DeploymentIndependentSourcesTests.test_coordinate_off_keeps_known_ammo_output_and_same_ammo_timeline) ... ok
test_empty_observation_has_no_opening_damage_in_either_mode (tests.test_deployment_independent_sources.DeploymentIndependentSourcesTests.test_empty_observation_has_no_opening_damage_in_either_mode) ... ok
test_independent_collision_reference_is_not_assigned_time_zero (tests.test_deployment_independent_sources.DeploymentIndependentSourcesTests.test_independent_collision_reference_is_not_assigned_time_zero) ... ok
test_independent_damage_preserves_per_collision_mitigation (tests.test_deployment_independent_sources.DeploymentIndependentSourcesTests.test_independent_damage_preserves_per_collision_mitigation) ... ok
test_ines_first_deployment_remains_only_shadow_placement (tests.test_deployment_independent_sources.DeploymentIndependentSourcesTests.test_ines_first_deployment_remains_only_shadow_placement) ... ok
test_owner_interruption_does_not_prove_independent_projectile_absence (tests.test_deployment_independent_sources.DeploymentIndependentSourcesTests.test_owner_interruption_does_not_prove_independent_projectile_absence) ... ok
test_owner_range_does_not_cancel_independent_path_or_coordinate (tests.test_deployment_independent_sources.DeploymentIndependentSourcesTests.test_owner_range_does_not_cancel_independent_path_or_coordinate) ... ok
test_positive_observation_is_kept_and_late_body_is_separate (tests.test_deployment_independent_sources.DeploymentIndependentSourcesTests.test_positive_observation_is_kept_and_late_body_is_separate) ... ok
test_report_explains_actual_unknown_and_retained_source_reference (tests.test_deployment_independent_sources.DeploymentIndependentSourcesTests.test_report_explains_actual_unknown_and_retained_source_reference) ... ok
test_shadow_fee_depends_on_unplaced_path_damage_and_is_not_opening_fee (tests.test_deployment_independent_sources.DeploymentIndependentSourcesTests.test_shadow_fee_depends_on_unplaced_path_damage_and_is_not_opening_fee) ... ok
test_shadow_keeps_deployment_initial_and_nonrepeat_reference (tests.test_deployment_independent_sources.DeploymentIndependentSourcesTests.test_shadow_keeps_deployment_initial_and_nonrepeat_reference) ... ok
test_zero_current_target_lifetime_excludes_actual_damage (tests.test_deployment_independent_sources.DeploymentIndependentSourcesTests.test_zero_current_target_lifetime_excludes_actual_damage) ... ok
test_below_elite_unlock_keeps_original_talent (tests.test_mizuki_talent_identity.MizukiTalentIdentityTests.test_below_elite_unlock_keeps_original_talent) ... ok
test_below_level_unlock_does_not_read_module_parts (tests.test_mizuki_talent_identity.MizukiTalentIdentityTests.test_below_level_unlock_does_not_read_module_parts) ... ok
test_each_module_stage_preserves_named_half_attack_talent (tests.test_mizuki_talent_identity.MizukiTalentIdentityTests.test_each_module_stage_preserves_named_half_attack_talent) ... ok
test_fix_does_not_apply_unverified_aspeed_or_life_recovery_scripts (tests.test_mizuki_talent_identity.MizukiTalentIdentityTests.test_fix_does_not_apply_unverified_aspeed_or_life_recovery_scripts) ... ok
test_negative_index_script_fields_are_not_imported_as_known_talents (tests.test_mizuki_talent_identity.MizukiTalentIdentityTests.test_negative_index_script_fields_are_not_imported_as_known_talents) ... ok
test_only_reviewed_null_data_overlay_recovers_the_previous_identity (tests.test_mizuki_talent_identity.MizukiTalentIdentityTests.test_only_reviewed_null_data_overlay_recovers_the_previous_identity) ... ok
test_other_existing_module_and_no_module_values_are_unchanged (tests.test_mizuki_talent_identity.MizukiTalentIdentityTests.test_other_existing_module_and_no_module_values_are_unchanged) ... ok
test_potential_gates_of_unrelated_talent_are_preserved (tests.test_mizuki_talent_identity.MizukiTalentIdentityTests.test_potential_gates_of_unrelated_talent_are_preserved) ... ok
test_public_s1_condition_retains_fifteen_hundred_arts_damage (tests.test_mizuki_talent_identity.MizukiTalentIdentityTests.test_public_s1_condition_retains_fifteen_hundred_arts_damage) ... ok
test_selection_and_calculation_leave_pinned_catalog_and_input_unchanged (tests.test_mizuki_talent_identity.MizukiTalentIdentityTests.test_selection_and_calculation_leave_pinned_catalog_and_input_unchanged) ... ok
test_casts_are_not_duplicated_in_full_and_recharge_subtotals (tests.test_wisdel_ghost_clock.WisdelGhostClockTests.test_casts_are_not_duplicated_in_full_and_recharge_subtotals) ... ok
test_ghost_source_is_independent_of_owner_range (tests.test_wisdel_ghost_clock.WisdelGhostClockTests.test_ghost_source_is_independent_of_owner_range) ... ok
test_given_count_remains_conditional_without_cast_phase_attribution (tests.test_wisdel_ghost_clock.WisdelGhostClockTests.test_given_count_remains_conditional_without_cast_phase_attribution) ... ok
test_report_exposes_given_count_without_a_clock (tests.test_wisdel_ghost_clock.WisdelGhostClockTests.test_report_exposes_given_count_without_a_clock) ... ok
test_zero_count_can_use_zero_window (tests.test_wisdel_ghost_clock.WisdelGhostClockTests.test_zero_count_can_use_zero_window) ... ok
test_zero_window_cannot_declare_ghost_hits (tests.test_wisdel_ghost_clock.WisdelGhostClockTests.test_zero_window_cannot_declare_ghost_hits) ... ok
test_area_skill_healing_does_not_make_ordinary_healing_hit_multiple_allies (tests.test_damage.DamageTests.test_area_skill_healing_does_not_make_ordinary_healing_hit_multiple_allies) ... ok
test_attack_recovery_requires_targets_and_is_not_natural_sp_recovery (tests.test_damage.DamageTests.test_attack_recovery_requires_targets_and_is_not_natural_sp_recovery) ... ok
test_attack_speed_interval_is_capped_at_six_times_base (tests.test_damage.DamageTests.test_attack_speed_interval_is_capped_at_six_times_base) ... ok
test_attack_speed_reduces_ammo_time_without_inventing_more_ammo (tests.test_damage.DamageTests.test_attack_speed_reduces_ammo_time_without_inventing_more_ammo) ... ok
test_chen_weakness_chooses_type_before_type_specific_injury_bonus (tests.test_damage.DamageTests.test_chen_weakness_chooses_type_before_type_specific_injury_bonus) ... ok
test_closure_module_talent_replaces_instead_of_stacking_with_old_talent (tests.test_damage.DamageTests.test_closure_module_talent_replaces_instead_of_stacking_with_old_talent) ... ok
test_collectible_scope_and_type_do_not_leak_into_true_damage (tests.test_damage.DamageTests.test_collectible_scope_and_type_do_not_leak_into_true_damage) ... ok
test_deepcolor_global_relics_apply_to_token_without_inheriting_operator_stats (tests.test_damage.DamageTests.test_deepcolor_global_relics_apply_to_token_without_inheriting_operator_stats) ... ok
test_deepcolor_summon_uses_own_level_curve_without_operator_trust_attack (tests.test_damage.DamageTests.test_deepcolor_summon_uses_own_level_curve_without_operator_trust_attack) ... ok
test_defense_resistance_and_recovery_relics_change_the_matching_fields (tests.test_damage.DamageTests.test_defense_resistance_and_recovery_relics_change_the_matching_fields) ... ok
test_gummy_cooking_delay_and_healing_interval_are_included (tests.test_damage.DamageTests.test_gummy_cooking_delay_and_healing_interval_are_included) ... ok
test_infinite_skill_uses_window_output_without_inventing_cast_total_or_rotation (tests.test_damage.DamageTests.test_infinite_skill_uses_window_output_without_inventing_cast_total_or_rotation) ... ok
test_invalid_effect_cannot_produce_a_plausible_result (tests.test_damage.DamageTests.test_invalid_effect_cannot_produce_a_plausible_result) ... ok
test_invalid_scenario_parameters_are_rejected_before_producing_damage (tests.test_damage.DamageTests.test_invalid_scenario_parameters_are_rejected_before_producing_damage) ... ok
test_kaltsit_estimate_reports_attributes_healing_and_full_cycle (tests.test_damage.DamageTests.test_kaltsit_estimate_reports_attributes_healing_and_full_cycle) ... ok
test_kaltsit_healing_skill_has_separate_base_and_skill_attack_speed (tests.test_damage.DamageTests.test_kaltsit_healing_skill_has_separate_base_and_skill_attack_speed) ... ok
test_kaltsit_skill_three_caps_simultaneous_healing_at_two_allies (tests.test_damage.DamageTests.test_kaltsit_skill_three_caps_simultaneous_healing_at_two_allies) ... ok
test_mantra_s2_uses_newly_triggered_neural_break_for_same_and_later_hits (tests.test_damage.DamageTests.test_mantra_s2_uses_newly_triggered_neural_break_for_same_and_later_hits) ... ok
test_may_talent_and_relic_are_additive_before_each_physical_hit (tests.test_damage.DamageTests.test_may_talent_and_relic_are_additive_before_each_physical_hit) ... ok
test_mechanist_each_pellet_is_reduced_by_defense (tests.test_damage.DamageTests.test_mechanist_each_pellet_is_reduced_by_defense) ... ok
test_mechanist_magic_bombardment_and_physical_charge_are_separate (tests.test_damage.DamageTests.test_mechanist_magic_bombardment_and_physical_charge_are_separate) ... ok
test_mechanist_shield_explosion_requires_observed_break_count (tests.test_damage.DamageTests.test_mechanist_shield_explosion_requires_observed_break_count) ... ok
test_module_attributes_are_derived_from_the_equipped_module_level (tests.test_damage.DamageTests.test_module_attributes_are_derived_from_the_equipped_module_level) ... ok
test_myrtle_skill_two_heals_each_second_without_attack_damage (tests.test_damage.DamageTests.test_myrtle_skill_two_heals_each_second_without_attack_damage) ... ok
test_new_exusiai_ammo_and_proc_expectation_do_not_grow_with_attack_speed (tests.test_damage.DamageTests.test_new_exusiai_ammo_and_proc_expectation_do_not_grow_with_attack_speed) ... ok
test_partial_run_inventory_is_not_reported_as_complete_or_empty (tests.test_damage.DamageTests.test_partial_run_inventory_is_not_reported_as_complete_or_empty) ... ok
test_physical_relics_stack_in_their_group_after_defense (tests.test_damage.DamageTests.test_physical_relics_stack_in_their_group_after_defense) ... ok
test_s1_unresolved_buildup_is_not_counted_as_hp_damage_for_either_threshold (tests.test_damage.DamageTests.test_s1_unresolved_buildup_is_not_counted_as_hp_damage_for_either_threshold) ... ok
test_shield_break_count_is_not_enough_to_infer_a_full_cycle (tests.test_damage.DamageTests.test_shield_break_count_is_not_enough_to_infer_a_full_cycle) ... ok
test_shield_skill_can_estimate_a_cast_with_an_explicit_end_time (tests.test_damage.DamageTests.test_shield_skill_can_estimate_a_cast_with_an_explicit_end_time) ... ok
test_shorter_window_caps_kaltsit_ammunition (tests.test_damage.DamageTests.test_shorter_window_caps_kaltsit_ammunition) ... ok
test_silverash_cooperation_uses_silverash_attack_and_separate_stream (tests.test_damage.DamageTests.test_silverash_cooperation_uses_silverash_attack_and_separate_stream) ... ok
test_silverash_self_talents_and_potential_affect_attributes_and_initial_sp (tests.test_damage.DamageTests.test_silverash_self_talents_and_potential_affect_attributes_and_initial_sp) ... ok
test_silverash_shield_skill_is_not_misreported_as_healing (tests.test_damage.DamageTests.test_silverash_shield_skill_is_not_misreported_as_healing) ... ok
test_silverash_skill_two_companion_uses_recipient_attack (tests.test_damage.DamageTests.test_silverash_skill_two_companion_uses_recipient_attack) ... ok
test_skill_rank_seven_uses_non_mastery_profile (tests.test_damage.DamageTests.test_skill_rank_seven_uses_non_mastery_profile) ... ok
test_susuro_cannot_cast_a_third_time (tests.test_damage.DamageTests.test_susuro_cannot_cast_a_third_time) ... ok
test_true_ammo_damage_with_attack_collectible (tests.test_damage.DamageTests.test_true_ammo_damage_with_attack_collectible) ... ok
test_unknown_collectible_marks_result_incomplete_instead_of_silently_ignoring (tests.test_damage.DamageTests.test_unknown_collectible_marks_result_incomplete_instead_of_silently_ignoring) ... ok
test_window_damage_does_not_replace_full_single_skill_total (tests.test_damage.DamageTests.test_window_damage_does_not_replace_full_single_skill_total) ... ok
test_wine_single_cast_burst_does_not_invent_unverified_recharge_cycle (tests.test_damage.DamageTests.test_wine_single_cast_burst_does_not_invent_unverified_recharge_cycle) ... ok
test_yato_fixed_slashes_are_not_multiplied_by_attack_speed (tests.test_damage.DamageTests.test_yato_fixed_slashes_are_not_multiplied_by_attack_speed) ... ok
test_closure_first_skill_growth_is_capped_and_deployment_rebate_is_separate (tests.test_report.AdaptiveReportTests.test_closure_first_skill_growth_is_capped_and_deployment_rebate_is_separate) ... ok
test_ines_fee_counts_attack_events_not_each_damage_type_or_short_window (tests.test_report.AdaptiveReportTests.test_ines_fee_counts_attack_events_not_each_damage_type_or_short_window) ... ok
test_kaltsit_window_healing_stays_distinct_from_full_skill_healing (tests.test_report.AdaptiveReportTests.test_kaltsit_window_healing_stays_distinct_from_full_skill_healing) ... ok
test_myrtle_skill_one_reports_fee_efficiency_without_a_healing_panel (tests.test_report.AdaptiveReportTests.test_myrtle_skill_one_reports_fee_efficiency_without_a_healing_panel) ... ok
test_protection_elements_and_summons_only_appear_where_they_exist (tests.test_report.AdaptiveReportTests.test_protection_elements_and_summons_only_appear_where_they_exist) ... ok
test_silverash_fee_generation_and_deployment_discount_are_different_mechanisms (tests.test_report.AdaptiveReportTests.test_silverash_fee_generation_and_deployment_discount_are_different_mechanisms) ... ok

----------------------------------------------------------------------
Ran 114 tests in 0.479s

OK
