FFFFFFFFFFFFFFFF.....F
======================================================================
FAIL: test_active_declared_counts_reject_both_raw_bools_in_both_modes (test_declared_count_input_types.DeclaredCountInputTypesTests.test_active_declared_counts_reject_both_raw_bools_in_both_modes) (operator='mechanist', skill=2, field='shield_break_count', mode='frames', value=False)
----------------------------------------------------------------------
Traceback (most recent call last):
  File "/workspace/.continuation/p2-declared-count-types/draft/tests/test_declared_count_input_types.py", line 29, in test_active_declared_counts_reject_both_raw_bools_in_both_modes
    with self.assertRaisesRegex(ValueError, '^' + re.escape(error) + '$'):
         ^^^^^^^^^^^^^^^^^^^^^^^^^^^^^^^^^^^^^^^^^^^^^^^^^^^^^^^^^^^^^^^^
AssertionError: ValueError not raised

======================================================================
FAIL: test_active_declared_counts_reject_both_raw_bools_in_both_modes (test_declared_count_input_types.DeclaredCountInputTypesTests.test_active_declared_counts_reject_both_raw_bools_in_both_modes) (operator='mechanist', skill=2, field='shield_break_count', mode='frames', value=True)
----------------------------------------------------------------------
Traceback (most recent call last):
  File "/workspace/.continuation/p2-declared-count-types/draft/tests/test_declared_count_input_types.py", line 29, in test_active_declared_counts_reject_both_raw_bools_in_both_modes
    with self.assertRaisesRegex(ValueError, '^' + re.escape(error) + '$'):
         ^^^^^^^^^^^^^^^^^^^^^^^^^^^^^^^^^^^^^^^^^^^^^^^^^^^^^^^^^^^^^^^^
AssertionError: ValueError not raised

======================================================================
FAIL: test_active_declared_counts_reject_both_raw_bools_in_both_modes (test_declared_count_input_types.DeclaredCountInputTypesTests.test_active_declared_counts_reject_both_raw_bools_in_both_modes) (operator='mechanist', skill=2, field='shield_break_count', mode='continuous', value=False)
----------------------------------------------------------------------
Traceback (most recent call last):
  File "/workspace/.continuation/p2-declared-count-types/draft/tests/test_declared_count_input_types.py", line 29, in test_active_declared_counts_reject_both_raw_bools_in_both_modes
    with self.assertRaisesRegex(ValueError, '^' + re.escape(error) + '$'):
         ^^^^^^^^^^^^^^^^^^^^^^^^^^^^^^^^^^^^^^^^^^^^^^^^^^^^^^^^^^^^^^^^
AssertionError: ValueError not raised

======================================================================
FAIL: test_active_declared_counts_reject_both_raw_bools_in_both_modes (test_declared_count_input_types.DeclaredCountInputTypesTests.test_active_declared_counts_reject_both_raw_bools_in_both_modes) (operator='mechanist', skill=2, field='shield_break_count', mode='continuous', value=True)
----------------------------------------------------------------------
Traceback (most recent call last):
  File "/workspace/.continuation/p2-declared-count-types/draft/tests/test_declared_count_input_types.py", line 29, in test_active_declared_counts_reject_both_raw_bools_in_both_modes
    with self.assertRaisesRegex(ValueError, '^' + re.escape(error) + '$'):
         ^^^^^^^^^^^^^^^^^^^^^^^^^^^^^^^^^^^^^^^^^^^^^^^^^^^^^^^^^^^^^^^^
AssertionError: ValueError not raised

======================================================================
FAIL: test_active_declared_counts_reject_both_raw_bools_in_both_modes (test_declared_count_input_types.DeclaredCountInputTypesTests.test_active_declared_counts_reject_both_raw_bools_in_both_modes) (operator='mechanist', skill=3, field='charge_count', mode='frames', value=False)
----------------------------------------------------------------------
Traceback (most recent call last):
  File "/workspace/.continuation/p2-declared-count-types/draft/tests/test_declared_count_input_types.py", line 29, in test_active_declared_counts_reject_both_raw_bools_in_both_modes
    with self.assertRaisesRegex(ValueError, '^' + re.escape(error) + '$'):
         ^^^^^^^^^^^^^^^^^^^^^^^^^^^^^^^^^^^^^^^^^^^^^^^^^^^^^^^^^^^^^^^^
AssertionError: ValueError not raised

======================================================================
FAIL: test_active_declared_counts_reject_both_raw_bools_in_both_modes (test_declared_count_input_types.DeclaredCountInputTypesTests.test_active_declared_counts_reject_both_raw_bools_in_both_modes) (operator='mechanist', skill=3, field='charge_count', mode='frames', value=True)
----------------------------------------------------------------------
Traceback (most recent call last):
  File "/workspace/.continuation/p2-declared-count-types/draft/tests/test_declared_count_input_types.py", line 29, in test_active_declared_counts_reject_both_raw_bools_in_both_modes
    with self.assertRaisesRegex(ValueError, '^' + re.escape(error) + '$'):
         ^^^^^^^^^^^^^^^^^^^^^^^^^^^^^^^^^^^^^^^^^^^^^^^^^^^^^^^^^^^^^^^^
AssertionError: ValueError not raised

======================================================================
FAIL: test_active_declared_counts_reject_both_raw_bools_in_both_modes (test_declared_count_input_types.DeclaredCountInputTypesTests.test_active_declared_counts_reject_both_raw_bools_in_both_modes) (operator='mechanist', skill=3, field='charge_count', mode='continuous', value=False)
----------------------------------------------------------------------
Traceback (most recent call last):
  File "/workspace/.continuation/p2-declared-count-types/draft/tests/test_declared_count_input_types.py", line 29, in test_active_declared_counts_reject_both_raw_bools_in_both_modes
    with self.assertRaisesRegex(ValueError, '^' + re.escape(error) + '$'):
         ^^^^^^^^^^^^^^^^^^^^^^^^^^^^^^^^^^^^^^^^^^^^^^^^^^^^^^^^^^^^^^^^
AssertionError: ValueError not raised

======================================================================
FAIL: test_active_declared_counts_reject_both_raw_bools_in_both_modes (test_declared_count_input_types.DeclaredCountInputTypesTests.test_active_declared_counts_reject_both_raw_bools_in_both_modes) (operator='mechanist', skill=3, field='charge_count', mode='continuous', value=True)
----------------------------------------------------------------------
Traceback (most recent call last):
  File "/workspace/.continuation/p2-declared-count-types/draft/tests/test_declared_count_input_types.py", line 29, in test_active_declared_counts_reject_both_raw_bools_in_both_modes
    with self.assertRaisesRegex(ValueError, '^' + re.escape(error) + '$'):
         ^^^^^^^^^^^^^^^^^^^^^^^^^^^^^^^^^^^^^^^^^^^^^^^^^^^^^^^^^^^^^^^^
AssertionError: ValueError not raised

======================================================================
FAIL: test_active_declared_counts_reject_both_raw_bools_in_both_modes (test_declared_count_input_types.DeclaredCountInputTypesTests.test_active_declared_counts_reject_both_raw_bools_in_both_modes) (operator='silverash', skill=2, field='activation_count', mode='frames', value=False)
----------------------------------------------------------------------
Traceback (most recent call last):
  File "/workspace/.continuation/p2-declared-count-types/draft/tests/test_declared_count_input_types.py", line 29, in test_active_declared_counts_reject_both_raw_bools_in_both_modes
    with self.assertRaisesRegex(ValueError, '^' + re.escape(error) + '$'):
         ^^^^^^^^^^^^^^^^^^^^^^^^^^^^^^^^^^^^^^^^^^^^^^^^^^^^^^^^^^^^^^^^
AssertionError: ValueError not raised

======================================================================
FAIL: test_active_declared_counts_reject_both_raw_bools_in_both_modes (test_declared_count_input_types.DeclaredCountInputTypesTests.test_active_declared_counts_reject_both_raw_bools_in_both_modes) (operator='silverash', skill=2, field='activation_count', mode='frames', value=True)
----------------------------------------------------------------------
Traceback (most recent call last):
  File "/workspace/.continuation/p2-declared-count-types/draft/tests/test_declared_count_input_types.py", line 29, in test_active_declared_counts_reject_both_raw_bools_in_both_modes
    with self.assertRaisesRegex(ValueError, '^' + re.escape(error) + '$'):
         ^^^^^^^^^^^^^^^^^^^^^^^^^^^^^^^^^^^^^^^^^^^^^^^^^^^^^^^^^^^^^^^^
AssertionError: ValueError not raised

======================================================================
FAIL: test_active_declared_counts_reject_both_raw_bools_in_both_modes (test_declared_count_input_types.DeclaredCountInputTypesTests.test_active_declared_counts_reject_both_raw_bools_in_both_modes) (operator='silverash', skill=2, field='activation_count', mode='continuous', value=False)
----------------------------------------------------------------------
Traceback (most recent call last):
  File "/workspace/.continuation/p2-declared-count-types/draft/tests/test_declared_count_input_types.py", line 29, in test_active_declared_counts_reject_both_raw_bools_in_both_modes
    with self.assertRaisesRegex(ValueError, '^' + re.escape(error) + '$'):
         ^^^^^^^^^^^^^^^^^^^^^^^^^^^^^^^^^^^^^^^^^^^^^^^^^^^^^^^^^^^^^^^^
AssertionError: ValueError not raised

======================================================================
FAIL: test_active_declared_counts_reject_both_raw_bools_in_both_modes (test_declared_count_input_types.DeclaredCountInputTypesTests.test_active_declared_counts_reject_both_raw_bools_in_both_modes) (operator='silverash', skill=2, field='activation_count', mode='continuous', value=True)
----------------------------------------------------------------------
Traceback (most recent call last):
  File "/workspace/.continuation/p2-declared-count-types/draft/tests/test_declared_count_input_types.py", line 29, in test_active_declared_counts_reject_both_raw_bools_in_both_modes
    with self.assertRaisesRegex(ValueError, '^' + re.escape(error) + '$'):
         ^^^^^^^^^^^^^^^^^^^^^^^^^^^^^^^^^^^^^^^^^^^^^^^^^^^^^^^^^^^^^^^^
AssertionError: ValueError not raised

======================================================================
FAIL: test_active_declared_counts_reject_both_raw_bools_in_both_modes (test_declared_count_input_types.DeclaredCountInputTypesTests.test_active_declared_counts_reject_both_raw_bools_in_both_modes) (operator='silverash', skill=2, field='deployment_stacks', mode='frames', value=False)
----------------------------------------------------------------------
Traceback (most recent call last):
  File "/workspace/.continuation/p2-declared-count-types/draft/tests/test_declared_count_input_types.py", line 29, in test_active_declared_counts_reject_both_raw_bools_in_both_modes
    with self.assertRaisesRegex(ValueError, '^' + re.escape(error) + '$'):
         ^^^^^^^^^^^^^^^^^^^^^^^^^^^^^^^^^^^^^^^^^^^^^^^^^^^^^^^^^^^^^^^^
AssertionError: ValueError not raised

======================================================================
FAIL: test_active_declared_counts_reject_both_raw_bools_in_both_modes (test_declared_count_input_types.DeclaredCountInputTypesTests.test_active_declared_counts_reject_both_raw_bools_in_both_modes) (operator='silverash', skill=2, field='deployment_stacks', mode='frames', value=True)
----------------------------------------------------------------------
Traceback (most recent call last):
  File "/workspace/.continuation/p2-declared-count-types/draft/tests/test_declared_count_input_types.py", line 29, in test_active_declared_counts_reject_both_raw_bools_in_both_modes
    with self.assertRaisesRegex(ValueError, '^' + re.escape(error) + '$'):
         ^^^^^^^^^^^^^^^^^^^^^^^^^^^^^^^^^^^^^^^^^^^^^^^^^^^^^^^^^^^^^^^^
AssertionError: ValueError not raised

======================================================================
FAIL: test_active_declared_counts_reject_both_raw_bools_in_both_modes (test_declared_count_input_types.DeclaredCountInputTypesTests.test_active_declared_counts_reject_both_raw_bools_in_both_modes) (operator='silverash', skill=2, field='deployment_stacks', mode='continuous', value=False)
----------------------------------------------------------------------
Traceback (most recent call last):
  File "/workspace/.continuation/p2-declared-count-types/draft/tests/test_declared_count_input_types.py", line 29, in test_active_declared_counts_reject_both_raw_bools_in_both_modes
    with self.assertRaisesRegex(ValueError, '^' + re.escape(error) + '$'):
         ^^^^^^^^^^^^^^^^^^^^^^^^^^^^^^^^^^^^^^^^^^^^^^^^^^^^^^^^^^^^^^^^
AssertionError: ValueError not raised

======================================================================
FAIL: test_active_declared_counts_reject_both_raw_bools_in_both_modes (test_declared_count_input_types.DeclaredCountInputTypesTests.test_active_declared_counts_reject_both_raw_bools_in_both_modes) (operator='silverash', skill=2, field='deployment_stacks', mode='continuous', value=True)
----------------------------------------------------------------------
Traceback (most recent call last):
  File "/workspace/.continuation/p2-declared-count-types/draft/tests/test_declared_count_input_types.py", line 29, in test_active_declared_counts_reject_both_raw_bools_in_both_modes
    with self.assertRaisesRegex(ValueError, '^' + re.escape(error) + '$'):
         ^^^^^^^^^^^^^^^^^^^^^^^^^^^^^^^^^^^^^^^^^^^^^^^^^^^^^^^^^^^^^^^^
AssertionError: ValueError not raised

======================================================================
FAIL: test_rejection_preserves_caller_and_cached_catalog (test_declared_count_input_types.DeclaredCountInputTypesTests.test_rejection_preserves_caller_and_cached_catalog)
----------------------------------------------------------------------
Traceback (most recent call last):
  File "/workspace/.continuation/p2-declared-count-types/draft/tests/test_declared_count_input_types.py", line 110, in test_rejection_preserves_caller_and_cached_catalog
    with self.assertRaises(ValueError):
         ^^^^^^^^^^^^^^^^^^^^^^^^^^^^^
AssertionError: ValueError not raised

----------------------------------------------------------------------
Ran 7 tests in 0.273s

FAILED (failures=17)
