....................EEEEEEEE.........................................................................................s.................................................................................................................................................................................................................................................................................................................................................................................................................................................................................................................................................................................................................................................................................................
======================================================================
ERROR: test_other_integer_options_are_outside_this_target_count_change (tests.test_target_count_input_types.TargetCountInputTypesTests.test_other_integer_options_are_outside_this_target_count_change) (operator='mechanist', field='charge_count', mode='frames', value=False)
----------------------------------------------------------------------
Traceback (most recent call last):
  File "/workspace/rougezhushou/tests/test_target_count_input_types.py", line 126, in test_other_integer_options_are_outside_this_target_count_change
    actual = self.evaluate(operator, skill, mode, **{field: value})
             ^^^^^^^^^^^^^^^^^^^^^^^^^^^^^^^^^^^^^^^^^^^^^^^^^^^^^^
  File "/workspace/rougezhushou/tests/test_target_count_input_types.py", line 26, in evaluate
    return calculate_damage({'operator': operator, 'skill': skill, 'base_attack': 1000,
           ^^^^^^^^^^^^^^^^^^^^^^^^^^^^^^^^^^^^^^^^^^^^^^^^^^^^^^^^^^^^^^^^^^^^^^^^^^^^
  File "/workspace/rougezhushou/rouge/damage.py", line 371, in calculate_damage
    prepared=_prepare_damage(scenario)
             ^^^^^^^^^^^^^^^^^^^^^^^^^
  File "/workspace/rougezhushou/rouge/damage.py", line 267, in _prepare_damage
    raise ValueError(f'{field} 需要非负整数；部署触发叠层最多为 2。')
ValueError: charge_count 需要非负整数；部署触发叠层最多为 2。

======================================================================
ERROR: test_other_integer_options_are_outside_this_target_count_change (tests.test_target_count_input_types.TargetCountInputTypesTests.test_other_integer_options_are_outside_this_target_count_change) (operator='mechanist', field='charge_count', mode='frames', value=True)
----------------------------------------------------------------------
Traceback (most recent call last):
  File "/workspace/rougezhushou/tests/test_target_count_input_types.py", line 126, in test_other_integer_options_are_outside_this_target_count_change
    actual = self.evaluate(operator, skill, mode, **{field: value})
             ^^^^^^^^^^^^^^^^^^^^^^^^^^^^^^^^^^^^^^^^^^^^^^^^^^^^^^
  File "/workspace/rougezhushou/tests/test_target_count_input_types.py", line 26, in evaluate
    return calculate_damage({'operator': operator, 'skill': skill, 'base_attack': 1000,
           ^^^^^^^^^^^^^^^^^^^^^^^^^^^^^^^^^^^^^^^^^^^^^^^^^^^^^^^^^^^^^^^^^^^^^^^^^^^^
  File "/workspace/rougezhushou/rouge/damage.py", line 371, in calculate_damage
    prepared=_prepare_damage(scenario)
             ^^^^^^^^^^^^^^^^^^^^^^^^^
  File "/workspace/rougezhushou/rouge/damage.py", line 267, in _prepare_damage
    raise ValueError(f'{field} 需要非负整数；部署触发叠层最多为 2。')
ValueError: charge_count 需要非负整数；部署触发叠层最多为 2。

======================================================================
ERROR: test_other_integer_options_are_outside_this_target_count_change (tests.test_target_count_input_types.TargetCountInputTypesTests.test_other_integer_options_are_outside_this_target_count_change) (operator='mechanist', field='charge_count', mode='continuous', value=False)
----------------------------------------------------------------------
Traceback (most recent call last):
  File "/workspace/rougezhushou/tests/test_target_count_input_types.py", line 126, in test_other_integer_options_are_outside_this_target_count_change
    actual = self.evaluate(operator, skill, mode, **{field: value})
             ^^^^^^^^^^^^^^^^^^^^^^^^^^^^^^^^^^^^^^^^^^^^^^^^^^^^^^
  File "/workspace/rougezhushou/tests/test_target_count_input_types.py", line 26, in evaluate
    return calculate_damage({'operator': operator, 'skill': skill, 'base_attack': 1000,
           ^^^^^^^^^^^^^^^^^^^^^^^^^^^^^^^^^^^^^^^^^^^^^^^^^^^^^^^^^^^^^^^^^^^^^^^^^^^^
  File "/workspace/rougezhushou/rouge/damage.py", line 371, in calculate_damage
    prepared=_prepare_damage(scenario)
             ^^^^^^^^^^^^^^^^^^^^^^^^^
  File "/workspace/rougezhushou/rouge/damage.py", line 267, in _prepare_damage
    raise ValueError(f'{field} 需要非负整数；部署触发叠层最多为 2。')
ValueError: charge_count 需要非负整数；部署触发叠层最多为 2。

======================================================================
ERROR: test_other_integer_options_are_outside_this_target_count_change (tests.test_target_count_input_types.TargetCountInputTypesTests.test_other_integer_options_are_outside_this_target_count_change) (operator='mechanist', field='charge_count', mode='continuous', value=True)
----------------------------------------------------------------------
Traceback (most recent call last):
  File "/workspace/rougezhushou/tests/test_target_count_input_types.py", line 126, in test_other_integer_options_are_outside_this_target_count_change
    actual = self.evaluate(operator, skill, mode, **{field: value})
             ^^^^^^^^^^^^^^^^^^^^^^^^^^^^^^^^^^^^^^^^^^^^^^^^^^^^^^
  File "/workspace/rougezhushou/tests/test_target_count_input_types.py", line 26, in evaluate
    return calculate_damage({'operator': operator, 'skill': skill, 'base_attack': 1000,
           ^^^^^^^^^^^^^^^^^^^^^^^^^^^^^^^^^^^^^^^^^^^^^^^^^^^^^^^^^^^^^^^^^^^^^^^^^^^^
  File "/workspace/rougezhushou/rouge/damage.py", line 371, in calculate_damage
    prepared=_prepare_damage(scenario)
             ^^^^^^^^^^^^^^^^^^^^^^^^^
  File "/workspace/rougezhushou/rouge/damage.py", line 267, in _prepare_damage
    raise ValueError(f'{field} 需要非负整数；部署触发叠层最多为 2。')
ValueError: charge_count 需要非负整数；部署触发叠层最多为 2。

======================================================================
ERROR: test_other_integer_options_are_outside_this_target_count_change (tests.test_target_count_input_types.TargetCountInputTypesTests.test_other_integer_options_are_outside_this_target_count_change) (operator='silverash', field='activation_count', mode='frames', value=False)
----------------------------------------------------------------------
Traceback (most recent call last):
  File "/workspace/rougezhushou/tests/test_target_count_input_types.py", line 126, in test_other_integer_options_are_outside_this_target_count_change
    actual = self.evaluate(operator, skill, mode, **{field: value})
             ^^^^^^^^^^^^^^^^^^^^^^^^^^^^^^^^^^^^^^^^^^^^^^^^^^^^^^
  File "/workspace/rougezhushou/tests/test_target_count_input_types.py", line 26, in evaluate
    return calculate_damage({'operator': operator, 'skill': skill, 'base_attack': 1000,
           ^^^^^^^^^^^^^^^^^^^^^^^^^^^^^^^^^^^^^^^^^^^^^^^^^^^^^^^^^^^^^^^^^^^^^^^^^^^^
  File "/workspace/rougezhushou/rouge/damage.py", line 371, in calculate_damage
    prepared=_prepare_damage(scenario)
             ^^^^^^^^^^^^^^^^^^^^^^^^^
  File "/workspace/rougezhushou/rouge/damage.py", line 267, in _prepare_damage
    raise ValueError(f'{field} 需要非负整数；部署触发叠层最多为 2。')
ValueError: activation_count 需要非负整数；部署触发叠层最多为 2。

======================================================================
ERROR: test_other_integer_options_are_outside_this_target_count_change (tests.test_target_count_input_types.TargetCountInputTypesTests.test_other_integer_options_are_outside_this_target_count_change) (operator='silverash', field='activation_count', mode='frames', value=True)
----------------------------------------------------------------------
Traceback (most recent call last):
  File "/workspace/rougezhushou/tests/test_target_count_input_types.py", line 126, in test_other_integer_options_are_outside_this_target_count_change
    actual = self.evaluate(operator, skill, mode, **{field: value})
             ^^^^^^^^^^^^^^^^^^^^^^^^^^^^^^^^^^^^^^^^^^^^^^^^^^^^^^
  File "/workspace/rougezhushou/tests/test_target_count_input_types.py", line 26, in evaluate
    return calculate_damage({'operator': operator, 'skill': skill, 'base_attack': 1000,
           ^^^^^^^^^^^^^^^^^^^^^^^^^^^^^^^^^^^^^^^^^^^^^^^^^^^^^^^^^^^^^^^^^^^^^^^^^^^^
  File "/workspace/rougezhushou/rouge/damage.py", line 371, in calculate_damage
    prepared=_prepare_damage(scenario)
             ^^^^^^^^^^^^^^^^^^^^^^^^^
  File "/workspace/rougezhushou/rouge/damage.py", line 267, in _prepare_damage
    raise ValueError(f'{field} 需要非负整数；部署触发叠层最多为 2。')
ValueError: activation_count 需要非负整数；部署触发叠层最多为 2。

======================================================================
ERROR: test_other_integer_options_are_outside_this_target_count_change (tests.test_target_count_input_types.TargetCountInputTypesTests.test_other_integer_options_are_outside_this_target_count_change) (operator='silverash', field='activation_count', mode='continuous', value=False)
----------------------------------------------------------------------
Traceback (most recent call last):
  File "/workspace/rougezhushou/tests/test_target_count_input_types.py", line 126, in test_other_integer_options_are_outside_this_target_count_change
    actual = self.evaluate(operator, skill, mode, **{field: value})
             ^^^^^^^^^^^^^^^^^^^^^^^^^^^^^^^^^^^^^^^^^^^^^^^^^^^^^^
  File "/workspace/rougezhushou/tests/test_target_count_input_types.py", line 26, in evaluate
    return calculate_damage({'operator': operator, 'skill': skill, 'base_attack': 1000,
           ^^^^^^^^^^^^^^^^^^^^^^^^^^^^^^^^^^^^^^^^^^^^^^^^^^^^^^^^^^^^^^^^^^^^^^^^^^^^
  File "/workspace/rougezhushou/rouge/damage.py", line 371, in calculate_damage
    prepared=_prepare_damage(scenario)
             ^^^^^^^^^^^^^^^^^^^^^^^^^
  File "/workspace/rougezhushou/rouge/damage.py", line 267, in _prepare_damage
    raise ValueError(f'{field} 需要非负整数；部署触发叠层最多为 2。')
ValueError: activation_count 需要非负整数；部署触发叠层最多为 2。

======================================================================
ERROR: test_other_integer_options_are_outside_this_target_count_change (tests.test_target_count_input_types.TargetCountInputTypesTests.test_other_integer_options_are_outside_this_target_count_change) (operator='silverash', field='activation_count', mode='continuous', value=True)
----------------------------------------------------------------------
Traceback (most recent call last):
  File "/workspace/rougezhushou/tests/test_target_count_input_types.py", line 126, in test_other_integer_options_are_outside_this_target_count_change
    actual = self.evaluate(operator, skill, mode, **{field: value})
             ^^^^^^^^^^^^^^^^^^^^^^^^^^^^^^^^^^^^^^^^^^^^^^^^^^^^^^
  File "/workspace/rougezhushou/tests/test_target_count_input_types.py", line 26, in evaluate
    return calculate_damage({'operator': operator, 'skill': skill, 'base_attack': 1000,
           ^^^^^^^^^^^^^^^^^^^^^^^^^^^^^^^^^^^^^^^^^^^^^^^^^^^^^^^^^^^^^^^^^^^^^^^^^^^^
  File "/workspace/rougezhushou/rouge/damage.py", line 371, in calculate_damage
    prepared=_prepare_damage(scenario)
             ^^^^^^^^^^^^^^^^^^^^^^^^^
  File "/workspace/rougezhushou/rouge/damage.py", line 267, in _prepare_damage
    raise ValueError(f'{field} 需要非负整数；部署触发叠层最多为 2。')
ValueError: activation_count 需要非负整数；部署触发叠层最多为 2。

----------------------------------------------------------------------
Ran 784 tests in 12.302s

FAILED (errors=8, skipped=1)
{"passed": false, "platform": "Linux", "tests_run": 784, "skipped": 1, "failures": 0, "errors": 8, "scope": "portable calculation regression; no Windows UI/capture or private state"}
