{
  "resources": [
    {
      "orientation": "Front",
      "path": "spine/char_196_sunbr/char_196_sunbr/Front/char_196_sunbr.skel",
      "source_url": "https://raw.githubusercontent.com/fexli/ArknightsResource/d0b5af0b004b044d322397ce5ae79632b6d9fcdd/spine/char_196_sunbr/char_196_sunbr/Front/char_196_sunbr.skel",
      "git_transport_url": "https://github.com/fexli/ArknightsResource.git",
      "source_path": "/workspace/.continuation/p2-gummy-back-parser-source087/reacquired/Front/char_196_sunbr.skel",
      "bytes": 90939,
      "sha256": "7bf9d7e014bf3402043639d4c348ca2409e89c7ab4cb0d794c52f4278d5c9d04",
      "git_blob_sha1": "cc171af6926392621c192c1dc5ba4f036d1b9b00",
      "git_cat_file_size": 90939,
      "acquired_at": "2026-10-08T02:48:42.440026+00:00"
    },
    {
      "orientation": "Back",
      "path": "spine/char_196_sunbr/char_196_sunbr/Back/char_196_sunbr.skel",
      "source_url": "https://raw.githubusercontent.com/fexli/ArknightsResource/d0b5af0b004b044d322397ce5ae79632b6d9fcdd/spine/char_196_sunbr/char_196_sunbr/Back/char_196_sunbr.skel",
      "git_transport_url": "https://github.com/fexli/ArknightsResource.git",
      "source_path": "/workspace/.continuation/p2-gummy-back-parser-source087/reacquired/Back/char_196_sunbr.skel",
      "bytes": 32563,
      "sha256": "09526db9b53f6fa54ac51219ce31e6cd3903e618d9a47781f230bf68de3edfb2",
      "git_blob_sha1": "473df5c69d7e3552f6937f749bd42dd9e974ca01",
      "git_cat_file_size": 32563,
      "acquired_at": "2026-10-08T02:48:42.919383+00:00"
    }
  ],
  "completed": true
}
