{
  "version": 1,
  "operation": "header-only extraction of the first two documented official strings",
  "full_skeleton_parser_calls": 0,
  "application_calls": 0,
  "official_reader_source_path": "/workspace/.continuation/p2-gummy-back-parser-source087-official-reader/official-source/spine-ts/core/src/SkeletonBinary.ts",
  "official_reader_sha256": "4ad3745e06e944f2f199996477c862ca140f6acd5b8fb200c2c38afaf7cfe2c3",
  "official_commit": "8b4844bd4b193ba9e54487ed397a777993cbad56",
  "resources": [
    {
      "orientation": "Front",
      "source_path": "/workspace/.continuation/p2-gummy-back-parser-source087/reacquired/Front/char_196_sunbr.skel",
      "resource_bytes": 90939,
      "resource_sha256": "7bf9d7e014bf3402043639d4c348ca2409e89c7ab4cb0d794c52f4278d5c9d04",
      "skeleton_hash_string": "2Xaqx4NZlIcpBpSxpbqxUsgVwlo",
      "spine_version_string": "3.8.99",
      "hash_field": {
        "start": 0,
        "end": 28,
        "encoded_count": 28
      },
      "version_field": {
        "start": 28,
        "end": 35,
        "encoded_count": 7
      },
      "header_end_offset": 35,
      "raw_header_hex": "1c3258617178344e5a6c496370427053787062717855736756776c6f07332e382e3939"
    },
    {
      "orientation": "Back",
      "source_path": "/workspace/.continuation/p2-gummy-back-parser-source087/reacquired/Back/char_196_sunbr.skel",
      "resource_bytes": 32563,
      "resource_sha256": "09526db9b53f6fa54ac51219ce31e6cd3903e618d9a47781f230bf68de3edfb2",
      "skeleton_hash_string": "VM1IFWpAi8a8DkjgBFKA9ABrYWI",
      "spine_version_string": "3.8.99",
      "hash_field": {
        "start": 0,
        "end": 28,
        "encoded_count": 28
      },
      "version_field": {
        "start": 28,
        "end": 35,
        "encoded_count": 7
      },
      "header_end_offset": 35,
      "raw_header_hex": "1c564d31494657704169386138446b6a6742464b413941427259574907332e382e3939"
    }
  ]
}
