{
  "orientation": "Back",
  "reader_returned": true,
  "bone_count": 34,
  "slot_count": 28,
  "animations": [
    {
      "name": "Attack",
      "duration_seconds": 1.3333333730697632,
      "events": [
        {
          "name": "OnAttack",
          "seconds": 0.5333333611488342
        }
      ]
    },
    {
      "name": "Default",
      "duration_seconds": 0,
      "events": []
    },
    {
      "name": "Idle",
      "duration_seconds": 1,
      "events": []
    },
    {
      "name": "Skill",
      "duration_seconds": 1.3333333730697632,
      "events": [
        {
          "name": "OnAttack",
          "seconds": 0.4333333373069763
        }
      ]
    },
    {
      "name": "Start",
      "duration_seconds": 1,
      "events": [
        {
          "name": "OnStart",
          "seconds": 0.13333334028720856
        }
      ]
    }
  ]
}
