{
  "orientation": "Front",
  "reader_returned": true,
  "bone_count": 47,
  "slot_count": 49,
  "animations": [
    {
      "name": "Attack",
      "duration_seconds": 1.3333333730697632,
      "events": [
        {
          "name": "OnAttack",
          "seconds": 0.5333333611488342
        }
      ]
    },
    {
      "name": "Default",
      "duration_seconds": 0,
      "events": []
    },
    {
      "name": "Die",
      "duration_seconds": 1,
      "events": []
    },
    {
      "name": "Idle",
      "duration_seconds": 1,
      "events": []
    },
    {
      "name": "Skill",
      "duration_seconds": 1.3333333730697632,
      "events": [
        {
          "name": "OnAttack",
          "seconds": 0.4333333373069763
        }
      ]
    },
    {
      "name": "Skill_2_Begin",
      "duration_seconds": 0.8333333134651184,
      "events": []
    },
    {
      "name": "Skill_2_End",
      "duration_seconds": 1.1666666269302368,
      "events": []
    },
    {
      "name": "Skill_2_Loop",
      "duration_seconds": 4,
      "events": []
    },
    {
      "name": "Start",
      "duration_seconds": 1,
      "events": [
        {
          "name": "OnStart",
          "seconds": 0.13333334028720856
        }
      ]
    }
  ]
}
