{"completed": 1, "case": "healthy-zero"}
{"completed": 2, "case": "healthy-positive-update"}
{"completed": 3, "case": "healthy-unread-positive"}
{"completed": 4, "case": "healthy-float-unconsumed"}
{"completed": 5, "case": "healthy-null-unconsumed"}
{"completed": 6, "case": "healthy-bool-unconsumed"}
{"completed": 7, "case": "healthy-text-unconsumed"}
{"completed": 8, "case": "healthy-unused-opaque-alias"}
{"completed": 9, "case": "healthy-actual-IO-memory"}
{"completed": 10, "case": "bad-no-old-missing-both"}
{"completed": 11, "case": "bad-old-null-missing-both"}
{"completed": 12, "case": "bad-old-positive-missing-both"}
{"completed": 13, "case": "bad-null-record-with-peer-and-config"}
{"completed": 14, "case": "bad-container-null"}
{"completed": 15, "case": "bad-container-list"}
{"completed": 16, "case": "bad-record-list"}
{"completed": 17, "case": "bad-unknown-counter-with-good-gold"}
{"completed": 18, "case": "bad-read-after-actual-IO-memory"}
{"passed": true, "windows": 18, "records": 238, "elapsed_seconds": 180.04232690000208}
X connection to :101 broken (explicit kill or server shutdown).
X connection to :101 broken (explicit kill or server shutdown).
