test_absent_old_timestamp_keeps_implicit_zero_ordering (test_account_cache_093.AccountCache093Tests.test_absent_old_timestamp_keeps_implicit_zero_ordering) ... ok
test_account_scope_run_is_quarantined_and_other_run_effects_suppressed (test_account_cache_093.AccountCache093Tests.test_account_scope_run_is_quarantined_and_other_run_effects_suppressed) ... ok
test_active_cultivation_leaves_fail_at_account_boundary (test_account_cache_093.AccountCache093Tests.test_active_cultivation_leaves_fail_at_account_boundary) ... ok
test_active_rank_bounds_and_non_boolean_integer_requirement (test_account_cache_093.AccountCache093Tests.test_active_rank_bounds_and_non_boolean_integer_requirement) ... ok
test_all_ids_are_screened_before_good_id_can_save (test_account_cache_093.AccountCache093Tests.test_all_ids_are_screened_before_good_id_can_save) ... ok
test_bad_old_facts_never_join_recovery_and_original_protection_is_permanent (test_account_cache_093.AccountCache093Tests.test_bad_old_facts_never_join_recovery_and_original_protection_is_permanent) ... ok
test_bad_old_record_accepts_displayable_negative_recovery_without_old_zero_guard (test_account_cache_093.AccountCache093Tests.test_bad_old_record_accepts_displayable_negative_recovery_without_old_zero_guard) ... ok
test_bad_record_and_bad_present_containers_are_quarantined (test_account_cache_093.AccountCache093Tests.test_bad_record_and_bad_present_containers_are_quarantined) ... ok
test_clean_missing_id_keeps_original_zero_ordering_and_is_not_damage (test_account_cache_093.AccountCache093Tests.test_clean_missing_id_keeps_original_zero_ordering_and_is_not_damage) ... ok
test_dangling_symlink_file_not_found_is_not_genuinely_absent (test_account_cache_093.AccountCache093Tests.test_dangling_symlink_file_not_found_is_not_genuinely_absent) ... ok
test_each_legal_non_object_json_root_is_preserved (test_account_cache_093.AccountCache093Tests.test_each_legal_non_object_json_root_is_preserved) ... ok
test_existing_clean_and_damaged_loads_have_no_write_side_effects (test_account_cache_093.AccountCache093Tests.test_existing_clean_and_damaged_loads_have_no_write_side_effects) ... ok
test_existing_directory_is_not_missing (test_account_cache_093.AccountCache093Tests.test_existing_directory_is_not_missing) ... ok
test_explicit_invalid_timestamps_are_quarantined_without_coercion (test_account_cache_093.AccountCache093Tests.test_explicit_invalid_timestamps_are_quarantined_without_coercion) ... ok
test_falsy_module_identity_keeps_any_ignored_stage_exactly (test_account_cache_093.AccountCache093Tests.test_falsy_module_identity_keeps_any_ignored_stage_exactly) ... ok
test_file_not_found_with_unknown_lstat_status_is_not_safe_absence (test_account_cache_093.AccountCache093Tests.test_file_not_found_with_unknown_lstat_status_is_not_safe_absence) ... ok
test_finite_timestamp_conversion_failures_are_isolated (test_account_cache_093.AccountCache093Tests.test_finite_timestamp_conversion_failures_are_isolated) ... ok
test_formatter_consumed_bad_metadata_is_isolated (test_account_cache_093.AccountCache093Tests.test_formatter_consumed_bad_metadata_is_isolated) ... ok
test_generic_oserror_is_not_missing_and_skips_every_save_side_effect (test_account_cache_093.AccountCache093Tests.test_generic_oserror_is_not_missing_and_skips_every_save_side_effect) ... ok
test_inactive_rank_is_formatter_safe_without_new_numeric_schema (test_account_cache_093.AccountCache093Tests.test_inactive_rank_is_formatter_safe_without_new_numeric_schema) ... ok
test_invalid_json_original_and_normal_save_side_effects_stay_untouched (test_account_cache_093.AccountCache093Tests.test_invalid_json_original_and_normal_save_side_effects_stay_untouched) ... ok
test_invalid_new_observations_cannot_rebuild_damaged_id_or_trigger_save (test_account_cache_093.AccountCache093Tests.test_invalid_new_observations_cannot_rebuild_damaged_id_or_trigger_save) ... ok
test_legal_depth500_ignored_arrays_load_view_observe_and_save_without_recursive_copy (test_account_cache_093.AccountCache093Tests.test_legal_depth500_ignored_arrays_load_view_observe_and_save_without_recursive_copy) ... ok
test_masked_inactive_rank_is_ignored_but_active_rank_still_consumed_by_gui (test_account_cache_093.AccountCache093Tests.test_masked_inactive_rank_is_ignored_but_active_rank_still_consumed_by_gui) ... ok
test_minimal_partial_records_and_omitted_defaults_stay_legal (test_account_cache_093.AccountCache093Tests.test_minimal_partial_records_and_omitted_defaults_stay_legal) ... ok
test_missing_file_is_read_only_and_retains_normal_save (test_account_cache_093.AccountCache093Tests.test_missing_file_is_read_only_and_retains_normal_save) ... ok
test_missing_or_wrong_observed_id_is_not_repaired_from_map_key (test_account_cache_093.AccountCache093Tests.test_missing_or_wrong_observed_id_is_not_repaired_from_map_key) ... ok
test_older_observation_is_rejected_equal_time_accepted_union_preserved (test_account_cache_093.AccountCache093Tests.test_older_observation_is_rejected_equal_time_accepted_union_preserved) ... ok
test_out_of_choice_selected_skill_and_no_skill_rank_are_inert (test_account_cache_093.AccountCache093Tests.test_out_of_choice_selected_skill_and_no_skill_rank_are_inert) ... ok
test_profile_alias_matches_account_key_not_profile_id (test_account_cache_093.AccountCache093Tests.test_profile_alias_matches_account_key_not_profile_id) ... ok
test_quarantine_is_not_cleared_by_view_or_save_without_valid_observation (test_account_cache_093.AccountCache093Tests.test_quarantine_is_not_cleared_by_view_or_save_without_valid_observation) ... ok
test_safe_metadata_unknown_keys_and_nested_sources_stay_exact (test_account_cache_093.AccountCache093Tests.test_safe_metadata_unknown_keys_and_nested_sources_stay_exact) ... ok
test_supported_negative_timestamp_has_no_invented_positive_epoch_guard (test_account_cache_093.AccountCache093Tests.test_supported_negative_timestamp_has_no_invented_positive_epoch_guard) ... ok
test_symlink_to_damaged_file_retains_link_and_target_bytes (test_account_cache_093.AccountCache093Tests.test_symlink_to_damaged_file_retains_link_and_target_bytes) ... ok
test_timestamp_only_or_source_only_update_retains_original_changed_save_decision (test_account_cache_093.AccountCache093Tests.test_timestamp_only_or_source_only_update_retains_original_changed_save_decision) ... ok
test_truthy_module_stage_rules_preserve_locked_but_valid_module (test_account_cache_093.AccountCache093Tests.test_truthy_module_stage_rules_preserve_locked_but_valid_module) ... ok
test_unknown_catalog_id_is_preserved_opaque_during_clean_save (test_account_cache_093.AccountCache093Tests.test_unknown_catalog_id_is_preserved_opaque_during_clean_save) ... ok
test_unusable_old_union_recovers_only_incoming_facts_and_preserves_original_order (test_account_cache_093.AccountCache093Tests.test_unusable_old_union_recovers_only_incoming_facts_and_preserves_original_order) ... ok
test_valid_cultivation_boundaries_and_trust_boolean_are_preserved (test_account_cache_093.AccountCache093Tests.test_valid_cultivation_boundaries_and_trust_boolean_are_preserved) ... ok
test_attributes_reject_boolean_cultivation (test_training_input_types.TrainingInputTypesTests.test_attributes_reject_boolean_cultivation) ... ok
test_calculation_rejects_booleans_before_both_engines (test_training_input_types.TrainingInputTypesTests.test_calculation_rejects_booleans_before_both_engines) ... ok
test_existing_skill_boolean_rejection_and_catalog_isolation (test_training_input_types.TrainingInputTypesTests.test_existing_skill_boolean_rejection_and_catalog_isolation) ... ok
test_module_stage_remains_ignored_without_module_identity (test_training_input_types.TrainingInputTypesTests.test_module_stage_remains_ignored_without_module_identity) ... ok
test_non_boolean_types_keep_existing_errors (test_training_input_types.TrainingInputTypesTests.test_non_boolean_types_keep_existing_errors) ... ok
test_valid_integer_boundaries_and_level_default (test_training_input_types.TrainingInputTypesTests.test_valid_integer_boundaries_and_level_default) ... ok
test_conflicting_mode_fields_do_not_silently_choose_normal (test_run_config_validation.RunConfigValidationTests.test_conflicting_mode_fields_do_not_silently_choose_normal) ... ok
test_effect_verification_requires_an_actual_boolean (test_run_config_validation.RunConfigValidationTests.test_effect_verification_requires_an_actual_boolean) ... ok
test_explicit_normal_mode_preserves_known_low_grade_enemy_values (test_run_config_validation.RunConfigValidationTests.test_explicit_normal_mode_preserves_known_low_grade_enemy_values) ... ok
test_false_and_omitted_verification_keep_squad_stats_pending (test_run_config_validation.RunConfigValidationTests.test_false_and_omitted_verification_keep_squad_stats_pending) ... ok
test_monthly_zero_never_acquires_normal_difficulty_modifiers (test_run_config_validation.RunConfigValidationTests.test_monthly_zero_never_acquires_normal_difficulty_modifiers) ... ok
test_nested_settings_reject_non_objects_even_when_falsy (test_run_config_validation.RunConfigValidationTests.test_nested_settings_reject_non_objects_even_when_falsy) ... ok
test_none_and_empty_nested_settings_preserve_absent_configuration (test_run_config_validation.RunConfigValidationTests.test_none_and_empty_nested_settings_preserve_absent_configuration) ... ok
test_none_outer_settings_remain_equivalent_to_omitted (test_run_config_validation.RunConfigValidationTests.test_none_outer_settings_remain_equivalent_to_omitted) ... ok
test_outer_settings_reject_non_objects_even_when_falsy (test_run_config_validation.RunConfigValidationTests.test_outer_settings_reject_non_objects_even_when_falsy) ... ok
test_squad_identity_rejects_non_string_values_with_a_clear_error (test_run_config_validation.RunConfigValidationTests.test_squad_identity_rejects_non_string_values_with_a_clear_error) ... ok
test_unsupported_explicit_modes_are_rejected_before_enemy_scaling (test_run_config_validation.RunConfigValidationTests.test_unsupported_explicit_modes_are_rejected_before_enemy_scaling) ... ok
test_verified_squad_preserves_pinned_fifteen_percent_attributes (test_run_config_validation.RunConfigValidationTests.test_verified_squad_preserves_pinned_fifteen_percent_attributes) ... ok
test_duplicate_ids_keep_unique_integer_count_semantics_and_bool_is_unread (test_run_crew_count_boolean_input.RunCrewCountBooleanInputTests.test_duplicate_ids_keep_unique_integer_count_semantics_and_bool_is_unread) ... ok
test_false_empty_observation_preserves_known_count_members_and_reload (test_run_crew_count_boolean_input.RunCrewCountBooleanInputTests.test_false_empty_observation_preserves_known_count_members_and_reload) ... ok
test_nonboolean_legacy_values_remain_compatible_without_producer_claim (test_run_crew_count_boolean_input.RunCrewCountBooleanInputTests.test_nonboolean_legacy_values_remain_compatible_without_producer_claim) ... ok
test_none_and_integer_zero_one_keep_existing_roster_contract (test_run_crew_count_boolean_input.RunCrewCountBooleanInputTests.test_none_and_integer_zero_one_keep_existing_roster_contract) ... ok
test_stale_and_cross_run_observations_keep_old_early_ignored_contract (test_run_crew_count_boolean_input.RunCrewCountBooleanInputTests.test_stale_and_cross_run_observations_keep_old_early_ignored_contract) ... ok
test_true_subset_keeps_other_member_and_merges_positive_observation (test_run_crew_count_boolean_input.RunCrewCountBooleanInputTests.test_true_subset_keeps_other_member_and_merges_positive_observation) ... ok
test_valid_partial_roster_keeps_unseen_member_and_positive_fields (test_run_crew_count_boolean_input.RunCrewCountBooleanInputTests.test_valid_partial_roster_keeps_unseen_member_and_positive_fields) ... ok

----------------------------------------------------------------------
Ran 64 tests in 1.110s

OK
