test_actual_attack_consumer_rejects_both_nonempty_and_empty_text (tests.test_continuous_attacks_text_input.ContinuousAttacksTextInputTests.test_actual_attack_consumer_rejects_both_nonempty_and_empty_text) ... ok
test_hidden_restricted_amiya_reference_keeps_native_clock_unknown (tests.test_continuous_attacks_text_input.ContinuousAttacksTextInputTests.test_hidden_restricted_amiya_reference_keeps_native_clock_unknown) ... ok
test_inactive_natural_skill_keeps_ignored_text (tests.test_continuous_attacks_text_input.ContinuousAttacksTextInputTests.test_inactive_natural_skill_keeps_ignored_text) ... ok
test_nested_failure_and_threads_reset_each_private_context (tests.test_continuous_attacks_text_input.ContinuousAttacksTextInputTests.test_nested_failure_and_threads_reset_each_private_context) ... ok
test_nonstring_truthiness_aliases_preserve_the_old_results (tests.test_continuous_attacks_text_input.ContinuousAttacksTextInputTests.test_nonstring_truthiness_aliases_preserve_the_old_results) ... ok
test_older_numeric_and_processed_neural_errors_stay_first (tests.test_continuous_attacks_text_input.ContinuousAttacksTextInputTests.test_older_numeric_and_processed_neural_errors_stay_first) ... ok
test_standalone_event_helper_and_actual_tail_qualification (tests.test_continuous_attacks_text_input.ContinuousAttacksTextInputTests.test_standalone_event_helper_and_actual_tail_qualification) ... ok
test_user_markers_cannot_control_scope_and_caller_is_unchanged (tests.test_continuous_attacks_text_input.ContinuousAttacksTextInputTests.test_user_markers_cannot_control_scope_and_caller_is_unchanged) ... ok
test_all_explicit_positive_lifetimes_keep_actual_damage_and_cycle_unknown (tests.test_amiya_continuous_lifetime.AmiyaContinuousLifetimeTests.test_all_explicit_positive_lifetimes_keep_actual_damage_and_cycle_unknown) ... ok
test_below_e2_has_no_attack_sp_talent_but_not_a_proven_lifetime_clock (tests.test_amiya_continuous_lifetime.AmiyaContinuousLifetimeTests.test_below_e2_has_no_attack_sp_talent_but_not_a_proven_lifetime_clock) ... ok
test_default_continuous_supply_remains_the_existing_reference (tests.test_amiya_continuous_lifetime.AmiyaContinuousLifetimeTests.test_default_continuous_supply_remains_the_existing_reference) ... ok
test_disabled_attack_sp_keeps_its_old_initial_and_natural_reference (tests.test_amiya_continuous_lifetime.AmiyaContinuousLifetimeTests.test_disabled_attack_sp_keeps_its_old_initial_and_natural_reference) ... ok
test_empty_range_excludes_enemy_damage_but_does_not_prove_a_native_cycle (tests.test_amiya_continuous_lifetime.AmiyaContinuousLifetimeTests.test_empty_range_excludes_enemy_damage_but_does_not_prove_a_native_cycle) ... ok
test_empty_reference_keeps_event_arrays_consistent_after_source_exclusion (tests.test_amiya_continuous_lifetime.AmiyaContinuousLifetimeTests.test_empty_reference_keeps_event_arrays_consistent_after_source_exclusion) ... ok
test_established_numeric_lifetime_zero_path_has_no_new_guard (tests.test_amiya_continuous_lifetime.AmiyaContinuousLifetimeTests.test_established_numeric_lifetime_zero_path_has_no_new_guard) ... ok
test_input_catalog_and_returned_reference_are_independent (tests.test_amiya_continuous_lifetime.AmiyaContinuousLifetimeTests.test_input_catalog_and_returned_reference_are_independent) ... ok
test_masked_cycle_is_not_reintroduced_as_a_known_subtotal (tests.test_amiya_continuous_lifetime.AmiyaContinuousLifetimeTests.test_masked_cycle_is_not_reintroduced_as_a_known_subtotal) ... ok
test_nonempty_ranges_do_not_create_a_uniform_uptime_or_native_acquisition_clock (tests.test_amiya_continuous_lifetime.AmiyaContinuousLifetimeTests.test_nonempty_ranges_do_not_create_a_uniform_uptime_or_native_acquisition_clock) ... ok
test_normal_recharge_component_has_a_conditional_reference_without_actual_times (tests.test_amiya_continuous_lifetime.AmiyaContinuousLifetimeTests.test_normal_recharge_component_has_a_conditional_reference_without_actual_times) ... ok
test_old_half_open_phase_parameter_is_preserved_at_exact_interval_boundary (tests.test_amiya_continuous_lifetime.AmiyaContinuousLifetimeTests.test_old_half_open_phase_parameter_is_preserved_at_exact_interval_boundary) ... ok
test_other_skills_frames_friendly_and_instant_sources_keep_their_scope (tests.test_amiya_continuous_lifetime.AmiyaContinuousLifetimeTests.test_other_skills_frames_friendly_and_instant_sources_keep_their_scope) ... ok
test_positive_lifetime_preserves_the_old_conditional_arithmetic (tests.test_amiya_continuous_lifetime.AmiyaContinuousLifetimeTests.test_positive_lifetime_preserves_the_old_conditional_arithmetic) ... ok
test_potential_and_natural_sp_parameters_are_not_hardcoded_to_default (tests.test_amiya_continuous_lifetime.AmiyaContinuousLifetimeTests.test_potential_and_natural_sp_parameters_are_not_hardcoded_to_default) ... ok
test_report_labels_condition_parameters_and_unknown_actual_resource_clock (tests.test_amiya_continuous_lifetime.AmiyaContinuousLifetimeTests.test_report_labels_condition_parameters_and_unknown_actual_resource_clock) ... ok
test_short_positive_window_reference_hit_zero_is_not_actual_zero (tests.test_amiya_continuous_lifetime.AmiyaContinuousLifetimeTests.test_short_positive_window_reference_hit_zero_is_not_actual_zero) ... ok
test_valid_numeric_string_zero_is_a_mathematical_empty_source (tests.test_amiya_continuous_lifetime.AmiyaContinuousLifetimeTests.test_valid_numeric_string_zero_is_a_mathematical_empty_source) ... ok
test_zero_observation_does_not_erase_the_unbound_full_cast_or_recharge (tests.test_amiya_continuous_lifetime.AmiyaContinuousLifetimeTests.test_zero_observation_does_not_erase_the_unbound_full_cast_or_recharge) ... ok
test_declared_linear_damage_is_retained_without_inventing_collision (tests.test_charge_reference.ChargeReferenceTests.test_declared_linear_damage_is_retained_without_inventing_collision) ... ok
test_known_bombard_and_recharge_subtotals_match_zero_charge (tests.test_charge_reference.ChargeReferenceTests.test_known_bombard_and_recharge_subtotals_match_zero_charge) ... ok
test_late_projectiles_stay_separate_from_charge_reference (tests.test_charge_reference.ChargeReferenceTests.test_late_projectiles_stay_separate_from_charge_reference) ... ok
test_no_charge_preserves_complete_result (tests.test_charge_reference.ChargeReferenceTests.test_no_charge_preserves_complete_result) ... ok
test_report_distinguishes_declared_damage_from_collision_clock (tests.test_charge_reference.ChargeReferenceTests.test_report_distinguishes_declared_damage_from_collision_clock) ... ok
test_window_count_does_not_establish_cast_phase_or_cycle (tests.test_charge_reference.ChargeReferenceTests.test_window_count_does_not_establish_cast_phase_or_cycle) ... ok
test_zero_window_rejects_contradictory_hit_count (tests.test_charge_reference.ChargeReferenceTests.test_zero_window_rejects_contradictory_hit_count) ... ok
test_defensive_recovery_can_charge_without_incoming_hits (tests.test_wine_timing.WineTimingTests.test_defensive_recovery_can_charge_without_incoming_hits) ... ok
test_natural_recovery_has_no_wine_phase_range (tests.test_wine_timing.WineTimingTests.test_natural_recovery_has_no_wine_phase_range) ... ok
test_next_attack_waits_for_attack_slot_after_discrete_wine_credit (tests.test_wine_timing.WineTimingTests.test_next_attack_waits_for_attack_slot_after_discrete_wine_credit) ... ok
test_verified_deployment_clock_is_discrete_not_average_sp_or_unknown_phase (tests.test_wine_timing.WineTimingTests.test_verified_deployment_clock_is_discrete_not_average_sp_or_unknown_phase) ... ok
test_wine_charges_even_without_normal_attacks_and_respects_extra_lockout (tests.test_wine_timing.WineTimingTests.test_wine_charges_even_without_normal_attacks_and_respects_extra_lockout) ... ok
test_wine_does_not_credit_attack_sp_from_movements_or_bank_blocked_ticks (tests.test_wine_timing.WineTimingTests.test_wine_does_not_credit_attack_sp_from_movements_or_bank_blocked_ticks) ... ok
test_amiya_attack_sp_talent_does_not_generate_sp_during_initial_idle (tests.test_timing.FrameTimingTests.test_amiya_attack_sp_talent_does_not_generate_sp_during_initial_idle) ... ok
test_ammo_waits_for_targets_and_does_not_gain_more_ammo_from_attack_speed (tests.test_timing.FrameTimingTests.test_ammo_waits_for_targets_and_does_not_gain_more_ammo_from_attack_speed) ... ok
test_attack_recharge_initial_delay_follows_attacks_and_initial_target_gaps (tests.test_timing.FrameTimingTests.test_attack_recharge_initial_delay_follows_attacks_and_initial_target_gaps) ... ok
test_cast_damage_and_cycle_damage_place_projectile_impacts_on_their_actual_clock (tests.test_timing.FrameTimingTests.test_cast_damage_and_cycle_damage_place_projectile_impacts_on_their_actual_clock) ... ok
test_first_release_is_windup_not_one_entire_attack_interval (tests.test_timing.FrameTimingTests.test_first_release_is_windup_not_one_entire_attack_interval) ... ok
test_frame_rounding_and_target_gaps_use_reacquisition_not_damage_discount (tests.test_timing.FrameTimingTests.test_frame_rounding_and_target_gaps_use_reacquisition_not_damage_discount) ... ok
test_gnosis_short_window_excludes_skill_end_detonation (tests.test_timing.FrameTimingTests.test_gnosis_short_window_excludes_skill_end_detonation) ... ok
test_healing_projectiles_are_cast_attribution_but_not_in_window_or_cycle (tests.test_timing.FrameTimingTests.test_healing_projectiles_are_cast_attribution_but_not_in_window_or_cycle) ... ok
test_mechanist_burst_landing_delay_and_pellet_spacing_clip_short_window (tests.test_timing.FrameTimingTests.test_mechanist_burst_landing_delay_and_pellet_spacing_clip_short_window) ... ok
test_mechanist_shield_skill_normal_attacks_use_the_same_frame_clock (tests.test_timing.FrameTimingTests.test_mechanist_shield_skill_normal_attacks_use_the_same_frame_clock) ... ok
test_mixed_sp_ignores_attack_credits_inside_post_skill_sp_lockout (tests.test_timing.FrameTimingTests.test_mixed_sp_ignores_attack_credits_inside_post_skill_sp_lockout) ... ok
test_moving_during_windup_cancels_release_but_not_an_already_fired_projectile (tests.test_timing.FrameTimingTests.test_moving_during_windup_cancels_release_but_not_an_already_fired_projectile) ... ok
test_next_attack_skill_ends_after_release_and_keeps_normal_cadence (tests.test_timing.FrameTimingTests.test_next_attack_skill_ends_after_release_and_keeps_normal_cadence) ... ok
test_sp_lockout_and_animation_lock_overlap_instead_of_being_added_twice (tests.test_timing.FrameTimingTests.test_sp_lockout_and_animation_lock_overlap_instead_of_being_added_twice) ... ok
test_each_active_control_preserves_distinct_bools_and_rejects_text (tests.test_remaining_boolean_condition_text_input.RemainingBooleanConditionTextInputTests.test_each_active_control_preserves_distinct_bools_and_rejects_text) ... ok
test_empty_and_numeric_text_are_rejected_without_parsing (tests.test_remaining_boolean_condition_text_input.RemainingBooleanConditionTextInputTests.test_empty_and_numeric_text_are_rejected_without_parsing) ... ok
test_existing_numeric_training_timing_and_prior_text_errors_win (tests.test_remaining_boolean_condition_text_input.RemainingBooleanConditionTextInputTests.test_existing_numeric_training_timing_and_prior_text_errors_win) ... ok
test_nonstring_truthiness_stays_supported (tests.test_remaining_boolean_condition_text_input.RemainingBooleanConditionTextInputTests.test_nonstring_truthiness_stays_supported) ... ok
test_other_owners_keep_ignored_fields (tests.test_remaining_boolean_condition_text_input.RemainingBooleanConditionTextInputTests.test_other_owners_keep_ignored_fields) ... ok
test_ranged_module_override_uses_actual_normal_plan_eligibility (tests.test_remaining_boolean_condition_text_input.RemainingBooleanConditionTextInputTests.test_ranged_module_override_uses_actual_normal_plan_eligibility) ... ok
test_rejection_and_acceptance_leave_caller_and_catalog_unchanged (tests.test_remaining_boolean_condition_text_input.RemainingBooleanConditionTextInputTests.test_rejection_and_acceptance_leave_caller_and_catalog_unchanged) ... ok
test_same_owner_inactive_skills_and_unselected_talent_remain_ignored (tests.test_remaining_boolean_condition_text_input.RemainingBooleanConditionTextInputTests.test_same_owner_inactive_skills_and_unselected_talent_remain_ignored) ... ok

----------------------------------------------------------------------
Ran 62 tests in 0.488s

OK
