{"completed": 1, "case": "healthy-origin-missing"}
{"completed": 2, "case": "healthy-origin-empty"}
{"completed": 3, "case": "healthy-origin-valid"}
{"completed": 4, "case": "healthy-origin-real-change"}
{"completed": 5, "case": "healthy-legacy-gold"}
{"completed": 6, "case": "healthy-known-true-protected"}
{"completed": 7, "case": "healthy-trade20-protected"}
{"completed": 8, "case": "healthy-unused-null"}
{"completed": 9, "case": "healthy-stale-null"}
{"completed": 10, "case": "bad-origin-null"}
{"completed": 11, "case": "bad-origin-list"}
{"completed": 12, "case": "bad-origin-text"}
{"completed": 13, "case": "bad-origin-number"}
{"completed": 14, "case": "bad-origin-real-change"}
{"completed": 15, "case": "bad-squad-list-true-false"}
{"completed": 16, "case": "bad-squad-dict-false-false"}
{"completed": 17, "case": "bad-squad-dict-true-false"}
{"completed": 18, "case": "bad-squad-list-true-true"}
{"completed": 19, "case": "unused-squad-null-time"}
{"passed": true, "windows": 19, "native_records": 244, "elapsed_seconds": 157.60266160000174}
X connection to :101 broken (explicit kill or server shutdown).
