{
  "status": "READ_ONLY_ACTUAL_PYTHON_FRAME_METADATA_NOT_UI_PASS",
  "observed_at": "2026-10-09T00:15:52.899581+00:00",
  "pid": 38556,
  "memory_register_writes": 0,
  "target_API_calls": 0,
  "project_calls": 0,
  "new_Wine_runs": 0,
  "threads": [
    {
      "frames": [
        {
          "filename": "<shim>",
          "function": "<interpreter trampoline>",
          "bytecode_offset": 0,
          "first_line": 1,
          "line_from_actual_linetable": null,
          "actual_linetable_bytes": 1
        },
        {
          "filename": "Z:\\workspace\\rougezhushou\\rouge\\timing.py",
          "function": "selectable",
          "bytecode_offset": 316,
          "first_line": 194,
          "line_from_actual_linetable": 197,
          "actual_linetable_bytes": 167
        },
        {
          "filename": "Z:\\workspace\\rougezhushou\\rouge\\timing.py",
          "function": "attacks",
          "bytecode_offset": 4846,
          "first_line": 209,
          "line_from_actual_linetable": 302,
          "actual_linetable_bytes": 3802
        },
        {
          "filename": "Z:\\workspace\\rougezhushou\\rouge\\timing.py",
          "function": "mixed_charge_seconds",
          "bytecode_offset": 568,
          "first_line": 127,
          "line_from_actual_linetable": 145,
          "actual_linetable_bytes": 647
        },
        {
          "filename": "Z:\\workspace\\rougezhushou\\rouge\\operator_engine.py",
          "function": "calculate",
          "bytecode_offset": 5372,
          "first_line": 1300,
          "line_from_actual_linetable": 1415,
          "actual_linetable_bytes": 14694
        },
        {
          "filename": "Z:\\workspace\\rougezhushou\\rouge\\damage.py",
          "function": "_evaluate_damage_once",
          "bytecode_offset": 176,
          "first_line": 289,
          "line_from_actual_linetable": 301,
          "actual_linetable_bytes": 846
        },
        {
          "filename": "<shim>",
          "function": "<interpreter trampoline>",
          "bytecode_offset": 0,
          "first_line": 1,
          "line_from_actual_linetable": null,
          "actual_linetable_bytes": 1
        },
        {
          "filename": "Z:\\workspace\\rougezhushou\\rouge\\condition_inputs.py",
          "function": "isolated",
          "bytecode_offset": 60,
          "first_line": 21,
          "line_from_actual_linetable": 25,
          "actual_linetable_bytes": 86
        },
        {
          "filename": "Z:\\workspace\\rougezhushou\\rouge\\damage.py",
          "function": "_evaluate_damage",
          "bytecode_offset": 172,
          "first_line": 361,
          "line_from_actual_linetable": 368,
          "actual_linetable_bytes": 375
        },
        {
          "filename": "Z:\\workspace\\rougezhushou\\rouge\\damage.py",
          "function": "calculate_damage",
          "bytecode_offset": 178,
          "first_line": 411,
          "line_from_actual_linetable": 415,
          "actual_linetable_bytes": 815
        },
        {
          "filename": "Z:\\workspace\\rougezhushou\\rouge\\app.py",
          "function": "calculate",
          "bytecode_offset": 8074,
          "first_line": 1019,
          "line_from_actual_linetable": 1164,
          "actual_linetable_bytes": 4207
        },
        {
          "filename": "Z:\\workspace\\rougezhushou\\rouge\\app.py",
          "function": "update_operator",
          "bytecode_offset": 3206,
          "first_line": 819,
          "line_from_actual_linetable": 876,
          "actual_linetable_bytes": 1521
        },
        {
          "filename": "Z:\\workspace\\.continuation\\full095-ui-final-v1\\wine-full-ui-095-final.py",
          "function": "train",
          "bytecode_offset": 142,
          "first_line": 1742,
          "line_from_actual_linetable": 1744,
          "actual_linetable_bytes": 66
        },
        {
          "filename": "Z:\\workspace\\.continuation\\full095-ui-final-v1\\wine-full-ui-095-final.py",
          "function": "<module>",
          "bytecode_offset": 106076,
          "first_line": 1,
          "line_from_actual_linetable": 2021,
          "actual_linetable_bytes": 529240
        },
        {
          "filename": "<shim>",
          "function": "<interpreter trampoline>",
          "bytecode_offset": 0,
          "first_line": 1,
          "line_from_actual_linetable": null,
          "actual_linetable_bytes": 1
        }
      ]
    }
  ],
  "interruption_seconds": 0.055624455999350175,
  "process_not_left_traced": true
}
