{
  "status": "READ_ONLY_NATIVE_LOCATION_DIAGNOSTIC",
  "observed_at": "2026-10-09T00:07:53.405520+00:00",
  "pid": 38556,
  "project_calls": 0,
  "new_wine_executions": 0,
  "memory_or_register_writes": 0,
  "UI_primary_exit_observed": false,
  "UI_PASS_claimed": false,
  "samples": [
    {
      "sample": 1,
      "instruction_pointer": "0x6ffffad37b23",
      "interruption_seconds": 0.010328593998565339,
      "matching_mapping": "6ffffad31000-6ffffafb6000 r-xp 00000000 00:00 0 ",
      "matching_PE_images": [
        {
          "path": "/workspace/.compat/python-windows/package/tools/python312.dll",
          "image_base": "0x6ffffad30000",
          "relative_virtual_address": "0x7b23",
          "bytes": 6945272,
          "sha256": "9a0e3435aaa680d868150f87ab3e388ad2eebc22f87e036155c7b4eda8cd2120"
        }
      ]
    },
    {
      "sample": 2,
      "instruction_pointer": "0x6ffffad37b72",
      "interruption_seconds": 0.0001577340008225292,
      "matching_mapping": "6ffffad31000-6ffffafb6000 r-xp 00000000 00:00 0 ",
      "matching_PE_images": [
        {
          "path": "/workspace/.compat/python-windows/package/tools/python312.dll",
          "image_base": "0x6ffffad30000",
          "relative_virtual_address": "0x7b72",
          "bytes": 6945272,
          "sha256": "9a0e3435aaa680d868150f87ab3e388ad2eebc22f87e036155c7b4eda8cd2120"
        }
      ]
    }
  ],
  "process_not_left_traced": true
}
