{
  "status": "READ_ONLY_NATIVE_LOCATION_DIAGNOSTIC",
  "observed_at": "2026-10-09T01:44:16.127099+00:00",
  "pid": 50470,
  "project_calls": 0,
  "new_wine_executions": 0,
  "memory_or_register_writes": 0,
  "UI_primary_exit_observed": false,
  "UI_PASS_claimed": false,
  "samples": [
    {
      "sample": 1,
      "instruction_pointer": "0x6ffffaddbad2",
      "interruption_seconds": 0.1045095629960997,
      "matching_mapping": "6ffffad31000-6ffffafb6000 r-xp 00000000 00:00 0 ",
      "matching_PE_images": [
        {
          "path": "/workspace/.compat/python-windows/package/tools/python312.dll",
          "image_base": "0x6ffffad30000",
          "relative_virtual_address": "0xabad2",
          "bytes": 6945272,
          "sha256": "9a0e3435aaa680d868150f87ab3e388ad2eebc22f87e036155c7b4eda8cd2120"
        }
      ]
    },
    {
      "sample": 2,
      "instruction_pointer": "0x6ffffae3ef75",
      "interruption_seconds": 0.011184911003510933,
      "matching_mapping": "6ffffad31000-6ffffafb6000 r-xp 00000000 00:00 0 ",
      "matching_PE_images": [
        {
          "path": "/workspace/.compat/python-windows/package/tools/python312.dll",
          "image_base": "0x6ffffad30000",
          "relative_virtual_address": "0x10ef75",
          "bytes": 6945272,
          "sha256": "9a0e3435aaa680d868150f87ab3e388ad2eebc22f87e036155c7b4eda8cd2120"
        }
      ]
    },
    {
      "sample": 3,
      "instruction_pointer": "0x6ffffae3efac",
      "interruption_seconds": 0.010237176000373438,
      "matching_mapping": "6ffffad31000-6ffffafb6000 r-xp 00000000 00:00 0 ",
      "matching_PE_images": [
        {
          "path": "/workspace/.compat/python-windows/package/tools/python312.dll",
          "image_base": "0x6ffffad30000",
          "relative_virtual_address": "0x10efac",
          "bytes": 6945272,
          "sha256": "9a0e3435aaa680d868150f87ab3e388ad2eebc22f87e036155c7b4eda8cd2120"
        }
      ]
    },
    {
      "sample": 4,
      "instruction_pointer": "0x6ffffae3efb6",
      "interruption_seconds": 0.0104266840062337,
      "matching_mapping": "6ffffad31000-6ffffafb6000 r-xp 00000000 00:00 0 ",
      "matching_PE_images": [
        {
          "path": "/workspace/.compat/python-windows/package/tools/python312.dll",
          "image_base": "0x6ffffad30000",
          "relative_virtual_address": "0x10efb6",
          "bytes": 6945272,
          "sha256": "9a0e3435aaa680d868150f87ab3e388ad2eebc22f87e036155c7b4eda8cd2120"
        }
      ]
    },
    {
      "sample": 5,
      "instruction_pointer": "0x6ffffae3ef75",
      "interruption_seconds": 0.01094407400523778,
      "matching_mapping": "6ffffad31000-6ffffafb6000 r-xp 00000000 00:00 0 ",
      "matching_PE_images": [
        {
          "path": "/workspace/.compat/python-windows/package/tools/python312.dll",
          "image_base": "0x6ffffad30000",
          "relative_virtual_address": "0x10ef75",
          "bytes": 6945272,
          "sha256": "9a0e3435aaa680d868150f87ab3e388ad2eebc22f87e036155c7b4eda8cd2120"
        }
      ]
    },
    {
      "sample": 6,
      "instruction_pointer": "0x6ffffae3ef77",
      "interruption_seconds": 0.010859019006602466,
      "matching_mapping": "6ffffad31000-6ffffafb6000 r-xp 00000000 00:00 0 ",
      "matching_PE_images": [
        {
          "path": "/workspace/.compat/python-windows/package/tools/python312.dll",
          "image_base": "0x6ffffad30000",
          "relative_virtual_address": "0x10ef77",
          "bytes": 6945272,
          "sha256": "9a0e3435aaa680d868150f87ab3e388ad2eebc22f87e036155c7b4eda8cd2120"
        }
      ]
    },
    {
      "sample": 7,
      "instruction_pointer": "0x6ffffae3ef75",
      "interruption_seconds": 0.010610074998112395,
      "matching_mapping": "6ffffad31000-6ffffafb6000 r-xp 00000000 00:00 0 ",
      "matching_PE_images": [
        {
          "path": "/workspace/.compat/python-windows/package/tools/python312.dll",
          "image_base": "0x6ffffad30000",
          "relative_virtual_address": "0x10ef75",
          "bytes": 6945272,
          "sha256": "9a0e3435aaa680d868150f87ab3e388ad2eebc22f87e036155c7b4eda8cd2120"
        }
      ]
    },
    {
      "sample": 8,
      "instruction_pointer": "0x6ffffadb2847",
      "interruption_seconds": 6.404200394172221e-05,
      "matching_mapping": "6ffffad31000-6ffffafb6000 r-xp 00000000 00:00 0 ",
      "matching_PE_images": [
        {
          "path": "/workspace/.compat/python-windows/package/tools/python312.dll",
          "image_base": "0x6ffffad30000",
          "relative_virtual_address": "0x82847",
          "bytes": 6945272,
          "sha256": "9a0e3435aaa680d868150f87ab3e388ad2eebc22f87e036155c7b4eda8cd2120"
        }
      ]
    },
    {
      "sample": 9,
      "instruction_pointer": "0x6ffffae3ef65",
      "interruption_seconds": 0.01071030800085282,
      "matching_mapping": "6ffffad31000-6ffffafb6000 r-xp 00000000 00:00 0 ",
      "matching_PE_images": [
        {
          "path": "/workspace/.compat/python-windows/package/tools/python312.dll",
          "image_base": "0x6ffffad30000",
          "relative_virtual_address": "0x10ef65",
          "bytes": 6945272,
          "sha256": "9a0e3435aaa680d868150f87ab3e388ad2eebc22f87e036155c7b4eda8cd2120"
        }
      ]
    },
    {
      "sample": 10,
      "instruction_pointer": "0x6ffffae3ef75",
      "interruption_seconds": 0.010846499993931502,
      "matching_mapping": "6ffffad31000-6ffffafb6000 r-xp 00000000 00:00 0 ",
      "matching_PE_images": [
        {
          "path": "/workspace/.compat/python-windows/package/tools/python312.dll",
          "image_base": "0x6ffffad30000",
          "relative_virtual_address": "0x10ef75",
          "bytes": 6945272,
          "sha256": "9a0e3435aaa680d868150f87ab3e388ad2eebc22f87e036155c7b4eda8cd2120"
        }
      ]
    },
    {
      "sample": 11,
      "instruction_pointer": "0x6ffffaf16079",
      "interruption_seconds": 0.010250624996842816,
      "matching_mapping": "6ffffad31000-6ffffafb6000 r-xp 00000000 00:00 0 ",
      "matching_PE_images": [
        {
          "path": "/workspace/.compat/python-windows/package/tools/python312.dll",
          "image_base": "0x6ffffad30000",
          "relative_virtual_address": "0x1e6079",
          "bytes": 6945272,
          "sha256": "9a0e3435aaa680d868150f87ab3e388ad2eebc22f87e036155c7b4eda8cd2120"
        }
      ]
    },
    {
      "sample": 12,
      "instruction_pointer": "0x6ffffae3ef75",
      "interruption_seconds": 0.010254498003632762,
      "matching_mapping": "6ffffad31000-6ffffafb6000 r-xp 00000000 00:00 0 ",
      "matching_PE_images": [
        {
          "path": "/workspace/.compat/python-windows/package/tools/python312.dll",
          "image_base": "0x6ffffad30000",
          "relative_virtual_address": "0x10ef75",
          "bytes": 6945272,
          "sha256": "9a0e3435aaa680d868150f87ab3e388ad2eebc22f87e036155c7b4eda8cd2120"
        }
      ]
    }
  ],
  "process_not_left_traced": true
}
