{
  "platform": "Windows",
  "python": "3.12.10",
  "project_imports": 0,
  "private_state_access": false,
  "observations": [
    {
      "target_present": false,
      "link": "C:\\users\\agent\\AppData\\Local\\Temp\\public-symlink-capability-095-5xs5092d\\absent-link.json",
      "target": "C:\\users\\agent\\AppData\\Local\\Temp\\public-symlink-capability-095-5xs5092d\\absent-target.json",
      "creation": {
        "returned_type": "NoneType",
        "returned_repr": "None"
      },
      "is_symlink": false,
      "exists": false,
      "lstat": {
        "error_type": "FileNotFoundError",
        "error": "[WinError 2] File not found: 'C:\\\\users\\\\agent\\\\AppData\\\\Local\\\\Temp\\\\public-symlink-capability-095-5xs5092d\\\\absent-link.json'",
        "winerror": 2
      },
      "readlink": {
        "error_type": "FileNotFoundError",
        "error": "[WinError 2] File not found: 'C:\\\\users\\\\agent\\\\AppData\\\\Local\\\\Temp\\\\public-symlink-capability-095-5xs5092d\\\\absent-link.json'",
        "winerror": 2
      },
      "read_bytes": {
        "error_type": "FileNotFoundError",
        "error": "[Errno 2] No such file or directory: 'C:\\\\users\\\\agent\\\\AppData\\\\Local\\\\Temp\\\\public-symlink-capability-095-5xs5092d\\\\absent-link.json'",
        "winerror": null
      },
      "actual_directory_entries": [],
      "target_bytes_unchanged": true
    },
    {
      "target_present": true,
      "link": "C:\\users\\agent\\AppData\\Local\\Temp\\public-symlink-capability-095-5xs5092d\\present-link.json",
      "target": "C:\\users\\agent\\AppData\\Local\\Temp\\public-symlink-capability-095-5xs5092d\\present-target.json",
      "creation": {
        "returned_type": "NoneType",
        "returned_repr": "None"
      },
      "is_symlink": false,
      "exists": false,
      "lstat": {
        "error_type": "FileNotFoundError",
        "error": "[WinError 2] File not found: 'C:\\\\users\\\\agent\\\\AppData\\\\Local\\\\Temp\\\\public-symlink-capability-095-5xs5092d\\\\present-link.json'",
        "winerror": 2
      },
      "readlink": {
        "error_type": "FileNotFoundError",
        "error": "[WinError 2] File not found: 'C:\\\\users\\\\agent\\\\AppData\\\\Local\\\\Temp\\\\public-symlink-capability-095-5xs5092d\\\\present-link.json'",
        "winerror": 2
      },
      "read_bytes": {
        "error_type": "FileNotFoundError",
        "error": "[Errno 2] No such file or directory: 'C:\\\\users\\\\agent\\\\AppData\\\\Local\\\\Temp\\\\public-symlink-capability-095-5xs5092d\\\\present-link.json'",
        "winerror": null
      },
      "actual_directory_entries": [
        "present-target.json"
      ],
      "target_bytes_unchanged": true
    }
  ]
}
X connection to :99 broken (explicit kill or server shutdown).
X connection to :99 broken (explicit kill or server shutdown).
