test_binding_flags_and_generic_skill_number_cannot_be_certified (tests.test_original_animation_provenance.OriginalAnimationProvenanceTests.test_binding_flags_and_generic_skill_number_cannot_be_certified) ... ok
test_derived_records_detect_float_frame_preview_and_absent_motion_changes (tests.test_original_animation_provenance.OriginalAnimationProvenanceTests.test_derived_records_detect_float_frame_preview_and_absent_motion_changes) ... ok
test_each_saved_public_leaf_corruption_is_detected_without_a_reader (tests.test_original_animation_provenance.OriginalAnimationProvenanceTests.test_each_saved_public_leaf_corruption_is_detected_without_a_reader) ... ok
test_every_missing_leaf_and_corrupted_manifest_fail_explicitly (tests.test_original_animation_provenance.OriginalAnimationProvenanceTests.test_every_missing_leaf_and_corrupted_manifest_fail_explicitly) ... ok
test_old_dataset_inverse_and_future_snapshot_have_distinct_results (tests.test_original_animation_provenance.OriginalAnimationProvenanceTests.test_old_dataset_inverse_and_future_snapshot_have_distinct_results) ... ok
test_relocation_default_root_and_explicit_paths_from_foreign_cwd (tests.test_original_animation_provenance.OriginalAnimationProvenanceTests.test_relocation_default_root_and_explicit_paths_from_foreign_cwd) ... ok
test_all_sources_match_pinned_skeleton_bytes_and_git_blob (tests.test_original_animation_048.OriginalAnimation048Tests.test_all_sources_match_pinned_skeleton_bytes_and_git_blob) ... skipped 'Historical timing-048 cache absent; preserve unavailable evidence, do not recreate or download64 resources.'
test_explicit_reference_drives_first_release_and_both_faces_remain_optional (tests.test_original_animation_048.OriginalAnimation048Tests.test_explicit_reference_drives_first_release_and_both_faces_remain_optional) ... ok
test_no_reference_preserves_unknown_default_and_overrides_remain_explicit (tests.test_original_animation_048.OriginalAnimation048Tests.test_no_reference_preserves_unknown_default_and_overrides_remain_explicit) ... ok
test_normal_reference_applies_to_attack_sp_initial_charge (tests.test_original_animation_048.OriginalAnimation048Tests.test_normal_reference_applies_to_attack_sp_initial_charge) ... ok
test_orientation_difference_is_preserved (tests.test_original_animation_048.OriginalAnimation048Tests.test_orientation_difference_is_preserved) ... ok
test_recovered_back_sources_are_not_filled_from_the_other_side (tests.test_original_animation_048.OriginalAnimation048Tests.test_recovered_back_sources_are_not_filled_from_the_other_side) ... ok
test_reference_cannot_leak_to_another_operator_or_skill (tests.test_original_animation_048.OriginalAnimation048Tests.test_reference_cannot_leak_to_another_operator_or_skill) ... ok
test_reference_uses_existing_movement_and_half_open_window_clock (tests.test_original_animation_048.OriginalAnimation048Tests.test_reference_uses_existing_movement_and_half_open_window_clock) ... ok
test_representation_error_is_disclosed_without_hiding_real_fractional_frames (tests.test_original_animation_048.OriginalAnimation048Tests.test_representation_error_is_disclosed_without_hiding_real_fractional_frames) ... ok
test_zero_events_loops_and_transitions_never_become_conventional_choices (tests.test_original_animation_048.OriginalAnimation048Tests.test_zero_events_loops_and_transitions_never_become_conventional_choices) ... ok
test_blocked_healing_phase_defers_reference_until_target_available (tests.test_gummy_cooking_clock.GummyCookingClockTests.test_blocked_healing_phase_defers_reference_until_target_available) ... ok
test_continuous_timeline_start_delay_is_counted_once (tests.test_gummy_cooking_clock.GummyCookingClockTests.test_continuous_timeline_start_delay_is_counted_once) ... ok
test_cooking_phase_interrupt_does_not_shift_post_cooking_heal (tests.test_gummy_cooking_clock.GummyCookingClockTests.test_cooking_phase_interrupt_does_not_shift_post_cooking_heal) ... ok
test_default_full_healing_and_resource_clock_are_preserved (tests.test_gummy_cooking_clock.GummyCookingClockTests.test_default_full_healing_and_resource_clock_are_preserved) ... ok
test_healing_occurs_after_cooking_on_the_skill_clock (tests.test_gummy_cooking_clock.GummyCookingClockTests.test_healing_occurs_after_cooking_on_the_skill_clock) ... ok
test_no_healing_during_cooking_in_both_references (tests.test_gummy_cooking_clock.GummyCookingClockTests.test_no_healing_during_cooking_in_both_references) ... ok
test_recipient_disappearing_during_cooking_has_no_heal (tests.test_gummy_cooking_clock.GummyCookingClockTests.test_recipient_disappearing_during_cooking_has_no_heal) ... ok
test_supply_window_during_cooking_cannot_create_healing (tests.test_gummy_cooking_clock.GummyCookingClockTests.test_supply_window_during_cooking_cannot_create_healing) ... ok
test_zero_recipients_have_empty_heal_events (tests.test_gummy_cooking_clock.GummyCookingClockTests.test_zero_recipients_have_empty_heal_events) ... ok
test_continuous_reference_keeps_weighted_damage_sum (tests.test_gummy_expected_clock.GummyExpectedClockTests.test_continuous_reference_keeps_weighted_damage_sum) ... ok
test_expected_event_damage_preserves_marginal_probability_reference (tests.test_gummy_expected_clock.GummyExpectedClockTests.test_expected_event_damage_preserves_marginal_probability_reference) ... ok
test_no_target_has_no_expected_attack_events (tests.test_gummy_expected_clock.GummyExpectedClockTests.test_no_target_has_no_expected_attack_events) ... ok
test_recharge_projectiles_outside_cycle_are_not_counted (tests.test_gummy_expected_clock.GummyExpectedClockTests.test_recharge_projectiles_outside_cycle_are_not_counted) ... ok
test_weighted_alternatives_share_one_attack_stream (tests.test_gummy_expected_clock.GummyExpectedClockTests.test_weighted_alternatives_share_one_attack_stream) ... ok
test_continuous_reference_keeps_zero_window (tests.test_next_attack_healing_reference.NextAttackHealingReferenceTests.test_continuous_reference_keeps_zero_window) ... ok
test_enemy_target_absence_does_not_cancel_eligible_friend_reference (tests.test_next_attack_healing_reference.NextAttackHealingReferenceTests.test_enemy_target_absence_does_not_cancel_eligible_friend_reference) ... ok
test_heal_acquisition_and_cycle_do_not_come_from_normal_attack_end (tests.test_next_attack_healing_reference.NextAttackHealingReferenceTests.test_heal_acquisition_and_cycle_do_not_come_from_normal_attack_end) ... ok
test_healing_uncertainty_does_not_turn_zero_damage_unknown (tests.test_next_attack_healing_reference.NextAttackHealingReferenceTests.test_healing_uncertainty_does_not_turn_zero_damage_unknown) ... ok
test_report_exposes_reference_and_friend_condition (tests.test_next_attack_healing_reference.NextAttackHealingReferenceTests.test_report_exposes_reference_and_friend_condition) ... ok
test_source_parameters_retain_one_target_and_three_charges (tests.test_next_attack_healing_reference.NextAttackHealingReferenceTests.test_source_parameters_retain_one_target_and_three_charges) ... ok
test_zero_and_short_windows_are_preserved (tests.test_next_attack_healing_reference.NextAttackHealingReferenceTests.test_zero_and_short_windows_are_preserved) ... ok
test_zero_eligible_recipients_has_known_zero_healing (tests.test_next_attack_healing_reference.NextAttackHealingReferenceTests.test_zero_eligible_recipients_has_known_zero_healing) ... ok
test_actual_ui_scenario_shape_and_report_toggles_keep_warning (tests.test_friendly_scope_report.FriendlyScopeReportTests.test_actual_ui_scenario_shape_and_report_toggles_keep_warning) ... ok
test_both_modes_keep_semantic_scope_warning (tests.test_friendly_scope_report.FriendlyScopeReportTests.test_both_modes_keep_semantic_scope_warning) ... ok
test_continuous_does_not_gain_frame_claims (tests.test_friendly_scope_report.FriendlyScopeReportTests.test_continuous_does_not_gain_frame_claims) ... ok
test_empty_enemy_windows_preserve_same_scope_warning (tests.test_friendly_scope_report.FriendlyScopeReportTests.test_empty_enemy_windows_preserve_same_scope_warning) ... ok
test_hostile_attack_triggered_healing_does_not_gain_friendly_scope (tests.test_friendly_scope_report.FriendlyScopeReportTests.test_hostile_attack_triggered_healing_does_not_gain_friendly_scope) ... ok
test_zero_recipient_warning_does_not_create_healing (tests.test_friendly_scope_report.FriendlyScopeReportTests.test_zero_recipient_warning_does_not_create_healing) ... ok
test_explicit_back_attack_retains_cooking_and_friendly_scope_unknowns (tests.test_gummy_back_animation_reference.GummyBackAnimationReferenceTests.test_explicit_back_attack_retains_cooking_and_friendly_scope_unknowns) ... ok
test_float_representation_does_not_add_a_frame_or_fill_absent_motions (tests.test_gummy_back_animation_reference.GummyBackAnimationReferenceTests.test_float_representation_does_not_add_a_frame_or_fill_absent_motions) ... ok
test_generic_missing_and_cross_owner_ids_keep_the_public_error (tests.test_gummy_back_animation_reference.GummyBackAnimationReferenceTests.test_generic_missing_and_cross_owner_ids_keep_the_public_error) ... ok
test_manual_preview_and_subsequent_default_requests_stay_separate (tests.test_gummy_back_animation_reference.GummyBackAnimationReferenceTests.test_manual_preview_and_subsequent_default_requests_stay_separate) ... ok
test_only_attack_is_exposed_without_inventing_a_skill_number (tests.test_gummy_back_animation_reference.GummyBackAnimationReferenceTests.test_only_attack_is_exposed_without_inventing_a_skill_number) ... ok
test_s1_next_heal_clock_stays_unknown_with_both_explicit_references (tests.test_gummy_back_animation_reference.GummyBackAnimationReferenceTests.test_s1_next_heal_clock_stays_unknown_with_both_explicit_references) ... ok
test_zero_window_and_zero_recipients_do_not_create_healing (tests.test_gummy_back_animation_reference.GummyBackAnimationReferenceTests.test_zero_window_and_zero_recipients_do_not_create_healing) ... ok

----------------------------------------------------------------------
Ran 51 tests in 1.518s

OK (skipped=1)
