test_duplicate_ids_keep_unique_integer_count_semantics_and_bool_is_unread (tests.test_run_crew_count_boolean_input.RunCrewCountBooleanInputTests.test_duplicate_ids_keep_unique_integer_count_semantics_and_bool_is_unread) ... ok
test_false_empty_observation_preserves_known_count_members_and_reload (tests.test_run_crew_count_boolean_input.RunCrewCountBooleanInputTests.test_false_empty_observation_preserves_known_count_members_and_reload) ... ok
test_nonboolean_legacy_values_remain_compatible_without_producer_claim (tests.test_run_crew_count_boolean_input.RunCrewCountBooleanInputTests.test_nonboolean_legacy_values_remain_compatible_without_producer_claim) ... ok
test_none_and_integer_zero_one_keep_existing_roster_contract (tests.test_run_crew_count_boolean_input.RunCrewCountBooleanInputTests.test_none_and_integer_zero_one_keep_existing_roster_contract) ... ok
test_stale_and_cross_run_observations_keep_old_early_ignored_contract (tests.test_run_crew_count_boolean_input.RunCrewCountBooleanInputTests.test_stale_and_cross_run_observations_keep_old_early_ignored_contract) ... ok
test_true_subset_keeps_other_member_and_merges_positive_observation (tests.test_run_crew_count_boolean_input.RunCrewCountBooleanInputTests.test_true_subset_keeps_other_member_and_merges_positive_observation) ... ok
test_valid_partial_roster_keeps_unseen_member_and_positive_fields (tests.test_run_crew_count_boolean_input.RunCrewCountBooleanInputTests.test_valid_partial_roster_keeps_unseen_member_and_positive_fields) ... ok
test_observation_from_another_run_is_rejected_before_it_can_confirm_icons (tests.test_run_reuse_guards_032.RunReuseGuardTests.test_observation_from_another_run_is_rejected_before_it_can_confirm_icons) ... ok
test_reused_badge_geometry_is_omitted_when_viewport_changes (tests.test_run_reuse_guards_032.RunReuseGuardTests.test_reused_badge_geometry_is_omitted_when_viewport_changes) ... ok
test_apply_recovers_legacy_clear_and_persists_without_older_run_restore (tests.test_origin_discovery_055.OriginDiscoveryTests.test_apply_recovers_legacy_clear_and_persists_without_older_run_restore) ... ok
test_complete_owned_source_can_repair_without_retained_popup_payload (tests.test_origin_discovery_055.OriginDiscoveryTests.test_complete_owned_source_can_repair_without_retained_popup_payload) ... ok
test_departure_between_positive_popup_and_unknown_origin_clear_is_real_return (tests.test_origin_discovery_055.OriginDiscoveryTests.test_departure_between_positive_popup_and_unknown_origin_clear_is_real_return) ... ok
test_explicit_complete_empty_is_current_evidence_not_legacy_recovery (tests.test_origin_discovery_055.OriginDiscoveryTests.test_explicit_complete_empty_is_current_evidence_not_legacy_recovery) ... ok
test_first_emergency_discovery_also_preserves_owned_buffs (tests.test_origin_discovery_055.OriginDiscoveryTests.test_first_emergency_discovery_also_preserves_owned_buffs) ... ok
test_first_origin_discovery_preserves_owned_buffs_and_cultivation (tests.test_origin_discovery_055.OriginDiscoveryTests.test_first_origin_discovery_preserves_owned_buffs_and_cultivation) ... ok
test_incoming_complete_empty_supersedes_corruption_without_repair (tests.test_origin_discovery_055.OriginDiscoveryTests.test_incoming_complete_empty_supersedes_corruption_without_repair) ... ok
test_incoming_partial_positive_can_merge_recovered_buffs (tests.test_origin_discovery_055.OriginDiscoveryTests.test_incoming_partial_positive_can_merge_recovered_buffs) ... ok
test_later_change_or_leave_rejects_historical_recovery (tests.test_origin_discovery_055.OriginDiscoveryTests.test_later_change_or_leave_rejects_historical_recovery) ... ok
test_legacy_events_require_finite_ordered_timestamps_within_current_run (tests.test_origin_discovery_055.OriginDiscoveryTests.test_legacy_events_require_finite_ordered_timestamps_within_current_run) ... ok
test_legacy_repair_rejects_missing_or_conflicting_provenance (tests.test_origin_discovery_055.OriginDiscoveryTests.test_legacy_repair_rejects_missing_or_conflicting_provenance) ... ok
test_load_recovers_exact_legacy_clear_once_and_keeps_history (tests.test_origin_discovery_055.OriginDiscoveryTests.test_load_recovers_exact_legacy_clear_once_and_keeps_history) ... ok
test_new_origin_change_does_not_recover_old_buff_first (tests.test_origin_discovery_055.OriginDiscoveryTests.test_new_origin_change_does_not_recover_old_buff_first) ... ok
test_partial_legacy_recovery_uses_retained_popup_completeness (tests.test_origin_discovery_055.OriginDiscoveryTests.test_partial_legacy_recovery_uses_retained_popup_completeness) ... ok
test_partial_owned_source_without_positive_popup_payload_is_insufficient (tests.test_origin_discovery_055.OriginDiscoveryTests.test_partial_owned_source_without_positive_popup_payload_is_insufficient) ... ok
test_partial_then_discovery_remains_partial_and_merges (tests.test_origin_discovery_055.OriginDiscoveryTests.test_partial_then_discovery_remains_partial_and_merges) ... ok
test_real_known_origin_change_still_clears_buffs (tests.test_origin_discovery_055.OriginDiscoveryTests.test_real_known_origin_change_still_clears_buffs) ... ok
test_stale_and_cross_run_observations_do_not_trigger_migration (tests.test_origin_discovery_055.OriginDiscoveryTests.test_stale_and_cross_run_observations_do_not_trigger_migration) ... ok
test_unknown_origin_return_still_requires_new_confirmation (tests.test_origin_discovery_055.OriginDiscoveryTests.test_unknown_origin_return_still_requires_new_confirmation) ... ok
test_account_personal_ids_are_rejected_before_state_write (tests.test_inventory_snapshot_051.InventorySnapshot051Tests.test_account_personal_ids_are_rejected_before_state_write) ... ok
test_complete_personal_evidence_requires_a_list_and_run_scope (tests.test_inventory_snapshot_051.InventorySnapshot051Tests.test_complete_personal_evidence_requires_a_list_and_run_scope) ... ok
test_definitive_current_full_bar_excludes_lost_item_without_erasing_history (tests.test_inventory_snapshot_051.InventorySnapshot051Tests.test_definitive_current_full_bar_excludes_lost_item_without_erasing_history) ... ok
test_empty_observation_does_not_erase_a_valid_snapshot (tests.test_inventory_snapshot_051.InventorySnapshot051Tests.test_empty_observation_does_not_erase_a_valid_snapshot) ... ok
test_excess_multiplicity_revocation_survives_restart_and_full_recheck (tests.test_inventory_snapshot_051.InventorySnapshot051Tests.test_excess_multiplicity_revocation_survives_restart_and_full_recheck) ... ok
test_excess_slot_multiplicity_is_unknown_without_current_count (tests.test_inventory_snapshot_051.InventorySnapshot051Tests.test_excess_slot_multiplicity_is_unknown_without_current_count) ... ok
test_explicit_boolean_complete_with_empty_list_is_valid (tests.test_inventory_snapshot_051.InventorySnapshot051Tests.test_explicit_boolean_complete_with_empty_list_is_valid) ... ok
test_full_length_duplicate_candidates_do_not_prove_all_items (tests.test_inventory_snapshot_051.InventorySnapshot051Tests.test_full_length_duplicate_candidates_do_not_prove_all_items) ... ok
test_grade_correction_cannot_remove_a_new_tool_using_an_obsolete_snapshot (tests.test_inventory_snapshot_051.InventorySnapshot051Tests.test_grade_correction_cannot_remove_a_new_tool_using_an_obsolete_snapshot) ... ok
test_grade_resolution_does_not_hide_repeated_family_matches (tests.test_inventory_snapshot_051.InventorySnapshot051Tests.test_grade_resolution_does_not_hide_repeated_family_matches) ... ok
test_matching_owned_tool_card_keeps_a_valid_snapshot (tests.test_inventory_snapshot_051.InventorySnapshot051Tests.test_matching_owned_tool_card_keeps_a_valid_snapshot) ... ok
test_new_exact_owned_tool_invalidates_old_full_icon_memory (tests.test_inventory_snapshot_051.InventorySnapshot051Tests.test_new_exact_owned_tool_invalidates_old_full_icon_memory) ... ok
test_new_exact_relic_card_without_icons_revokes_the_complete_proof (tests.test_inventory_snapshot_051.InventorySnapshot051Tests.test_new_exact_relic_card_without_icons_revokes_the_complete_proof) ... ok
test_new_tool_invalidates_snapshot_after_restart_too (tests.test_inventory_snapshot_051.InventorySnapshot051Tests.test_new_tool_invalidates_snapshot_after_restart_too) ... ok
test_non_bool_personal_completeness_is_rejected_atomically (tests.test_inventory_snapshot_051.InventorySnapshot051Tests.test_non_bool_personal_completeness_is_rejected_atomically) ... ok
test_partial_personal_list_cannot_remain_complete (tests.test_inventory_snapshot_051.InventorySnapshot051Tests.test_partial_personal_list_cannot_remain_complete) ... ok
test_reordered_partial_unique_slots_preserve_complete_proof (tests.test_inventory_snapshot_051.InventorySnapshot051Tests.test_reordered_partial_unique_slots_preserve_complete_proof) ... ok
test_separate_partial_pages_cannot_create_a_complete_snapshot (tests.test_inventory_snapshot_051.InventorySnapshot051Tests.test_separate_partial_pages_cannot_create_a_complete_snapshot) ... ok
test_two_physical_matches_cannot_reuse_one_historical_slot (tests.test_inventory_snapshot_051.InventorySnapshot051Tests.test_two_physical_matches_cannot_reuse_one_historical_slot) ... ok
test_conflicting_mode_fields_do_not_silently_choose_normal (tests.test_run_config_validation.RunConfigValidationTests.test_conflicting_mode_fields_do_not_silently_choose_normal) ... ok
test_effect_verification_requires_an_actual_boolean (tests.test_run_config_validation.RunConfigValidationTests.test_effect_verification_requires_an_actual_boolean) ... ok
test_explicit_normal_mode_preserves_known_low_grade_enemy_values (tests.test_run_config_validation.RunConfigValidationTests.test_explicit_normal_mode_preserves_known_low_grade_enemy_values) ... ok
test_false_and_omitted_verification_keep_squad_stats_pending (tests.test_run_config_validation.RunConfigValidationTests.test_false_and_omitted_verification_keep_squad_stats_pending) ... ok
test_monthly_zero_never_acquires_normal_difficulty_modifiers (tests.test_run_config_validation.RunConfigValidationTests.test_monthly_zero_never_acquires_normal_difficulty_modifiers) ... ok
test_nested_settings_reject_non_objects_even_when_falsy (tests.test_run_config_validation.RunConfigValidationTests.test_nested_settings_reject_non_objects_even_when_falsy) ... ok
test_none_and_empty_nested_settings_preserve_absent_configuration (tests.test_run_config_validation.RunConfigValidationTests.test_none_and_empty_nested_settings_preserve_absent_configuration) ... ok
test_none_outer_settings_remain_equivalent_to_omitted (tests.test_run_config_validation.RunConfigValidationTests.test_none_outer_settings_remain_equivalent_to_omitted) ... ok
test_outer_settings_reject_non_objects_even_when_falsy (tests.test_run_config_validation.RunConfigValidationTests.test_outer_settings_reject_non_objects_even_when_falsy) ... ok
test_squad_identity_rejects_non_string_values_with_a_clear_error (tests.test_run_config_validation.RunConfigValidationTests.test_squad_identity_rejects_non_string_values_with_a_clear_error) ... ok
test_unsupported_explicit_modes_are_rejected_before_enemy_scaling (tests.test_run_config_validation.RunConfigValidationTests.test_unsupported_explicit_modes_are_rejected_before_enemy_scaling) ... ok
test_verified_squad_preserves_pinned_fifteen_percent_attributes (tests.test_run_config_validation.RunConfigValidationTests.test_verified_squad_preserves_pinned_fifteen_percent_attributes) ... ok

----------------------------------------------------------------------
Ran 59 tests in 0.158s

OK
